[2026-01-05T18:39:33.095+0000] {taskinstance.py:1979} INFO - Dependencies all met for dep_context=non-requeueable deps ti=<TaskInstance: prediction_dag.cleanup_files scheduled__2026-01-05T18:22:00+00:00 [queued]>
[2026-01-05T18:39:33.138+0000] {taskinstance.py:1979} INFO - Dependencies all met for dep_context=requeueable deps ti=<TaskInstance: prediction_dag.cleanup_files scheduled__2026-01-05T18:22:00+00:00 [queued]>
[2026-01-05T18:39:33.139+0000] {taskinstance.py:2193} INFO - Starting attempt 2 of 2
[2026-01-05T18:39:33.182+0000] {taskinstance.py:2217} INFO - Executing <Task(PythonOperator): cleanup_files> on 2026-01-05 18:22:00+00:00
[2026-01-05T18:39:33.217+0000] {standard_task_runner.py:60} INFO - Started process 68029 to run task
[2026-01-05T18:39:33.225+0000] {standard_task_runner.py:87} INFO - Running: ['airflow', 'tasks', 'run', 'prediction_dag', 'cleanup_files', 'scheduled__2026-01-05T18:22:00+00:00', '--job-id', '17520', '--raw', '--subdir', 'DAGS_FOLDER/prediction_dag.py', '--cfg-path', '/tmp/tmp3a0t9cai']
[2026-01-05T18:39:33.240+0000] {standard_task_runner.py:88} INFO - Job 17520: Subtask cleanup_files
[2026-01-05T18:39:33.527+0000] {task_command.py:423} INFO - Running <TaskInstance: prediction_dag.cleanup_files scheduled__2026-01-05T18:22:00+00:00 [running]> on host 8fa1ffc51a9f
[2026-01-05T18:39:34.383+0000] {taskinstance.py:2513} INFO - Exporting env vars: AIRFLOW_CTX_DAG_OWNER='airflow' AIRFLOW_CTX_DAG_ID='prediction_dag' AIRFLOW_CTX_TASK_ID='cleanup_files' AIRFLOW_CTX_EXECUTION_DATE='2026-01-05T18:22:00+00:00' AIRFLOW_CTX_TRY_NUMBER='2' AIRFLOW_CTX_DAG_RUN_ID='scheduled__2026-01-05T18:22:00+00:00'
[2026-01-05T18:39:34.539+0000] {taskinstance.py:2731} ERROR - Task failed with exception
Traceback (most recent call last):
  File "/home/airflow/.local/lib/python3.10/site-packages/airflow/models/taskinstance.py", line 444, in _execute_task
    result = _execute_callable(context=context, **execute_callable_kwargs)
  File "/home/airflow/.local/lib/python3.10/site-packages/airflow/models/taskinstance.py", line 414, in _execute_callable
    return execute_callable(context=context, **execute_callable_kwargs)
  File "/home/airflow/.local/lib/python3.10/site-packages/airflow/operators/python.py", line 200, in execute
    return_value = self.execute_callable()
  File "/home/airflow/.local/lib/python3.10/site-packages/airflow/operators/python.py", line 217, in execute_callable
    return self.python_callable(*self.op_args, **self.op_kwargs)
  File "/opt/airflow/dags/prediction_dag.py", line 166, in cleanup
    os.remove(fp)
FileNotFoundError: [Errno 2] No such file or directory: '/opt/airflow/data/good_data/raw_5050_good.csv'
[2026-01-05T18:39:34.599+0000] {taskinstance.py:1149} INFO - Marking task as FAILED. dag_id=prediction_dag, task_id=cleanup_files, execution_date=20260105T182200, start_date=20260105T183933, end_date=20260105T183934
[2026-01-05T18:39:34.671+0000] {standard_task_runner.py:107} ERROR - Failed to execute job 17520 for task cleanup_files ([Errno 2] No such file or directory: '/opt/airflow/data/good_data/raw_5050_good.csv'; 68029)
[2026-01-05T18:39:34.725+0000] {local_task_job_runner.py:234} INFO - Task exited with return code 1
[2026-01-05T18:39:34.915+0000] {taskinstance.py:3312} INFO - 0 downstream tasks scheduled from follow-on schedule check
