[2026-01-01T17:55:37.108+0000] {taskinstance.py:1979} INFO - Dependencies all met for dep_context=non-requeueable deps ti=<TaskInstance: prediction_dag.cleanup_files scheduled__2026-01-01T17:52:00+00:00 [queued]>
[2026-01-01T17:55:37.113+0000] {taskinstance.py:1979} INFO - Dependencies all met for dep_context=requeueable deps ti=<TaskInstance: prediction_dag.cleanup_files scheduled__2026-01-01T17:52:00+00:00 [queued]>
[2026-01-01T17:55:37.113+0000] {taskinstance.py:2193} INFO - Starting attempt 1 of 2
[2026-01-01T17:55:37.125+0000] {taskinstance.py:2217} INFO - Executing <Task(PythonOperator): cleanup_files> on 2026-01-01 17:52:00+00:00
[2026-01-01T17:55:37.129+0000] {standard_task_runner.py:60} INFO - Started process 2467 to run task
[2026-01-01T17:55:37.133+0000] {standard_task_runner.py:87} INFO - Running: ['airflow', 'tasks', 'run', 'prediction_dag', 'cleanup_files', 'scheduled__2026-01-01T17:52:00+00:00', '--job-id', '12129', '--raw', '--subdir', 'DAGS_FOLDER/prediction_dag.py', '--cfg-path', '/tmp/tmpd9_blejt']
[2026-01-01T17:55:37.134+0000] {standard_task_runner.py:88} INFO - Job 12129: Subtask cleanup_files
[2026-01-01T17:55:37.176+0000] {task_command.py:423} INFO - Running <TaskInstance: prediction_dag.cleanup_files scheduled__2026-01-01T17:52:00+00:00 [running]> on host 8fa1ffc51a9f
[2026-01-01T17:55:37.480+0000] {taskinstance.py:2513} INFO - Exporting env vars: AIRFLOW_CTX_DAG_OWNER='airflow' AIRFLOW_CTX_DAG_ID='prediction_dag' AIRFLOW_CTX_TASK_ID='cleanup_files' AIRFLOW_CTX_EXECUTION_DATE='2026-01-01T17:52:00+00:00' AIRFLOW_CTX_TRY_NUMBER='1' AIRFLOW_CTX_DAG_RUN_ID='scheduled__2026-01-01T17:52:00+00:00'
[2026-01-01T17:55:37.502+0000] {logging_mixin.py:188} INFO - [CLEANUP] Removed: /opt/airflow/data/good_data/raw_0008_good.csv
[2026-01-01T17:55:37.504+0000] {logging_mixin.py:188} INFO - [CLEANUP] Removed: /opt/airflow/data/good_data/raw_0136_good.csv
[2026-01-01T17:55:37.504+0000] {logging_mixin.py:188} INFO - [CLEANUP] Removed: /opt/airflow/data/good_data/raw_0342_good.csv
[2026-01-01T17:55:37.505+0000] {logging_mixin.py:188} INFO - [CLEANUP] Removed: /opt/airflow/data/good_data/raw_0901_good.csv
[2026-01-01T17:55:37.506+0000] {logging_mixin.py:188} INFO - [CLEANUP] Removed: /opt/airflow/data/good_data/raw_1032_good.csv
[2026-01-01T17:55:37.506+0000] {logging_mixin.py:188} INFO - [CLEANUP] Removed: /opt/airflow/data/good_data/raw_1275_good.csv
[2026-01-01T17:55:37.507+0000] {logging_mixin.py:188} INFO - [CLEANUP] Removed: /opt/airflow/data/good_data/raw_1769_good.csv
[2026-01-01T17:55:37.508+0000] {logging_mixin.py:188} INFO - [CLEANUP] Removed: /opt/airflow/data/good_data/raw_1997_good.csv
[2026-01-01T17:55:37.509+0000] {logging_mixin.py:188} INFO - [CLEANUP] Removed: /opt/airflow/data/good_data/raw_2543_good.csv
[2026-01-01T17:55:37.509+0000] {logging_mixin.py:188} INFO - [CLEANUP] Removed: /opt/airflow/data/good_data/raw_2563_good.csv
[2026-01-01T17:55:37.510+0000] {logging_mixin.py:188} INFO - [CLEANUP] Removed: /opt/airflow/data/good_data/raw_2627_good.csv
[2026-01-01T17:55:37.510+0000] {logging_mixin.py:188} INFO - [CLEANUP] Removed: /opt/airflow/data/good_data/raw_3028_good.csv
[2026-01-01T17:55:37.511+0000] {logging_mixin.py:188} INFO - [CLEANUP] Removed: /opt/airflow/data/good_data/raw_3168_good.csv
[2026-01-01T17:55:37.512+0000] {logging_mixin.py:188} INFO - [CLEANUP] Removed: /opt/airflow/data/good_data/raw_3953_good.csv
[2026-01-01T17:55:37.512+0000] {logging_mixin.py:188} INFO - [CLEANUP] Removed: /opt/airflow/data/good_data/raw_4102_good.csv
[2026-01-01T17:55:37.513+0000] {logging_mixin.py:188} INFO - [CLEANUP] Removed: /opt/airflow/data/good_data/raw_4638_good.csv
[2026-01-01T17:55:37.514+0000] {logging_mixin.py:188} INFO - [CLEANUP] Removed: /opt/airflow/data/good_data/raw_5004_good.csv
[2026-01-01T17:55:37.515+0000] {logging_mixin.py:188} INFO - [CLEANUP] Removed: /opt/airflow/data/good_data/raw_5261_good.csv
[2026-01-01T17:55:37.516+0000] {logging_mixin.py:188} INFO - [CLEANUP] Removed: /opt/airflow/data/good_data/raw_5455_good.csv
[2026-01-01T17:55:37.518+0000] {logging_mixin.py:188} INFO - [CLEANUP] Removed: /opt/airflow/data/good_data/raw_5507_good.csv
[2026-01-01T17:55:37.521+0000] {logging_mixin.py:188} INFO - [CLEANUP] Removed: /opt/airflow/data/good_data/raw_5545_good.csv
[2026-01-01T17:55:37.522+0000] {logging_mixin.py:188} INFO - [CLEANUP] Removed: /opt/airflow/data/good_data/raw_5837_good.csv
[2026-01-01T17:55:37.523+0000] {python.py:202} INFO - Done. Returned value was: None
[2026-01-01T17:55:37.533+0000] {taskinstance.py:1149} INFO - Marking task as SUCCESS. dag_id=prediction_dag, task_id=cleanup_files, execution_date=20260101T175200, start_date=20260101T175537, end_date=20260101T175537
[2026-01-01T17:55:37.571+0000] {local_task_job_runner.py:234} INFO - Task exited with return code 0
[2026-01-01T17:55:37.598+0000] {taskinstance.py:3312} INFO - 0 downstream tasks scheduled from follow-on schedule check
