[2026-01-05T09:12:02.922+0000] {taskinstance.py:1979} INFO - Dependencies all met for dep_context=non-requeueable deps ti=<TaskInstance: prediction_dag.make_predictions scheduled__2026-01-05T09:10:00+00:00 [queued]>
[2026-01-05T09:12:02.927+0000] {taskinstance.py:1979} INFO - Dependencies all met for dep_context=requeueable deps ti=<TaskInstance: prediction_dag.make_predictions scheduled__2026-01-05T09:10:00+00:00 [queued]>
[2026-01-05T09:12:02.928+0000] {taskinstance.py:2193} INFO - Starting attempt 1 of 2
[2026-01-05T09:12:02.937+0000] {taskinstance.py:2217} INFO - Executing <Task(PythonOperator): make_predictions> on 2026-01-05 09:10:00+00:00
[2026-01-05T09:12:02.946+0000] {standard_task_runner.py:60} INFO - Started process 51302 to run task
[2026-01-05T09:12:02.971+0000] {standard_task_runner.py:87} INFO - Running: ['airflow', 'tasks', 'run', 'prediction_dag', 'make_predictions', 'scheduled__2026-01-05T09:10:00+00:00', '--job-id', '16127', '--raw', '--subdir', 'DAGS_FOLDER/prediction_dag.py', '--cfg-path', '/tmp/tmpylteed8i']
[2026-01-05T09:12:02.990+0000] {standard_task_runner.py:88} INFO - Job 16127: Subtask make_predictions
[2026-01-05T09:12:03.101+0000] {task_command.py:423} INFO - Running <TaskInstance: prediction_dag.make_predictions scheduled__2026-01-05T09:10:00+00:00 [running]> on host 8fa1ffc51a9f
[2026-01-05T09:12:03.699+0000] {taskinstance.py:2513} INFO - Exporting env vars: AIRFLOW_CTX_DAG_OWNER='airflow' AIRFLOW_CTX_DAG_ID='prediction_dag' AIRFLOW_CTX_TASK_ID='make_predictions' AIRFLOW_CTX_EXECUTION_DATE='2026-01-05T09:10:00+00:00' AIRFLOW_CTX_TRY_NUMBER='1' AIRFLOW_CTX_DAG_RUN_ID='scheduled__2026-01-05T09:10:00+00:00'
[2026-01-05T09:12:03.714+0000] {logging_mixin.py:188} INFO - 
[INFO] Processing → raw_1033_good.csv
[2026-01-05T09:12:03.822+0000] {logging_mixin.py:188} INFO - [INFO] Saved predictions → /opt/airflow/data/predictions/pred_raw_1033_good.csv
[2026-01-05T09:12:03.859+0000] {logging_mixin.py:188} INFO - 
[INFO] Processing → raw_1725_good.csv
[2026-01-05T09:12:03.894+0000] {logging_mixin.py:188} INFO - [INFO] Saved predictions → /opt/airflow/data/predictions/pred_raw_1725_good.csv
[2026-01-05T09:12:03.896+0000] {logging_mixin.py:188} INFO - 
[INFO] Processing → raw_2111_good.csv
[2026-01-05T09:12:03.916+0000] {logging_mixin.py:188} INFO - [INFO] Saved predictions → /opt/airflow/data/predictions/pred_raw_2111_good.csv
[2026-01-05T09:12:03.920+0000] {logging_mixin.py:188} INFO - 
[INFO] Processing → raw_4875_good.csv
[2026-01-05T09:12:03.945+0000] {logging_mixin.py:188} INFO - [INFO] Saved predictions → /opt/airflow/data/predictions/pred_raw_4875_good.csv
[2026-01-05T09:12:03.946+0000] {python.py:202} INFO - Done. Returned value was: None
[2026-01-05T09:12:03.965+0000] {taskinstance.py:1149} INFO - Marking task as SUCCESS. dag_id=prediction_dag, task_id=make_predictions, execution_date=20260105T091000, start_date=20260105T091202, end_date=20260105T091203
[2026-01-05T09:12:04.015+0000] {local_task_job_runner.py:234} INFO - Task exited with return code 0
[2026-01-05T09:12:04.051+0000] {taskinstance.py:3312} INFO - 1 downstream tasks scheduled from follow-on schedule check
