[2026-01-08T23:25:42.052+0000] {taskinstance.py:1979} INFO - Dependencies all met for dep_context=non-requeueable deps ti=<TaskInstance: prediction_dag.make_predictions scheduled__2026-01-08T23:22:00+00:00 [queued]>
[2026-01-08T23:25:42.066+0000] {taskinstance.py:1979} INFO - Dependencies all met for dep_context=requeueable deps ti=<TaskInstance: prediction_dag.make_predictions scheduled__2026-01-08T23:22:00+00:00 [queued]>
[2026-01-08T23:25:42.067+0000] {taskinstance.py:2193} INFO - Starting attempt 1 of 2
[2026-01-08T23:25:42.093+0000] {taskinstance.py:2217} INFO - Executing <Task(PythonOperator): make_predictions> on 2026-01-08 23:22:00+00:00
[2026-01-08T23:25:42.108+0000] {standard_task_runner.py:60} INFO - Started process 52394 to run task
[2026-01-08T23:25:42.119+0000] {standard_task_runner.py:87} INFO - Running: ['airflow', 'tasks', 'run', 'prediction_dag', 'make_predictions', 'scheduled__2026-01-08T23:22:00+00:00', '--job-id', '31956', '--raw', '--subdir', 'DAGS_FOLDER/prediction_dag.py', '--cfg-path', '/tmp/tmpum5ulhth']
[2026-01-08T23:25:42.124+0000] {standard_task_runner.py:88} INFO - Job 31956: Subtask make_predictions
[2026-01-08T23:25:42.289+0000] {task_command.py:423} INFO - Running <TaskInstance: prediction_dag.make_predictions scheduled__2026-01-08T23:22:00+00:00 [running]> on host 8fa1ffc51a9f
[2026-01-08T23:25:43.296+0000] {taskinstance.py:2513} INFO - Exporting env vars: AIRFLOW_CTX_DAG_OWNER='airflow' AIRFLOW_CTX_DAG_ID='prediction_dag' AIRFLOW_CTX_TASK_ID='make_predictions' AIRFLOW_CTX_EXECUTION_DATE='2026-01-08T23:22:00+00:00' AIRFLOW_CTX_TRY_NUMBER='1' AIRFLOW_CTX_DAG_RUN_ID='scheduled__2026-01-08T23:22:00+00:00'
[2026-01-08T23:25:43.342+0000] {logging_mixin.py:188} INFO - 
[INFO] Processing → raw_0463_good.csv
[2026-01-08T23:25:43.521+0000] {logging_mixin.py:188} INFO - [INFO] Saved predictions → /opt/airflow/data/predictions/pred_raw_0463_good.csv
[2026-01-08T23:25:43.566+0000] {logging_mixin.py:188} INFO - 
[INFO] Processing → raw_1346_good.csv
[2026-01-08T23:25:43.611+0000] {logging_mixin.py:188} INFO - [INFO] Saved predictions → /opt/airflow/data/predictions/pred_raw_1346_good.csv
[2026-01-08T23:25:43.616+0000] {logging_mixin.py:188} INFO - 
[INFO] Processing → raw_3069_good.csv
[2026-01-08T23:25:43.666+0000] {logging_mixin.py:188} INFO - [INFO] Saved predictions → /opt/airflow/data/predictions/pred_raw_3069_good.csv
[2026-01-08T23:25:43.668+0000] {logging_mixin.py:188} INFO - 
[INFO] Processing → raw_5376_good.csv
[2026-01-08T23:25:43.719+0000] {logging_mixin.py:188} INFO - [INFO] Saved predictions → /opt/airflow/data/predictions/pred_raw_5376_good.csv
[2026-01-08T23:25:43.724+0000] {python.py:202} INFO - Done. Returned value was: None
[2026-01-08T23:25:43.754+0000] {taskinstance.py:1149} INFO - Marking task as SUCCESS. dag_id=prediction_dag, task_id=make_predictions, execution_date=20260108T232200, start_date=20260108T232542, end_date=20260108T232543
[2026-01-08T23:25:43.822+0000] {local_task_job_runner.py:234} INFO - Task exited with return code 0
[2026-01-08T23:25:43.899+0000] {taskinstance.py:3312} INFO - 1 downstream tasks scheduled from follow-on schedule check
