[2026-01-05T16:18:09.090+0000] {taskinstance.py:1979} INFO - Dependencies all met for dep_context=non-requeueable deps ti=<TaskInstance: prediction_dag.cleanup_files scheduled__2026-01-05T16:16:00+00:00 [queued]>
[2026-01-05T16:18:09.104+0000] {taskinstance.py:1979} INFO - Dependencies all met for dep_context=requeueable deps ti=<TaskInstance: prediction_dag.cleanup_files scheduled__2026-01-05T16:16:00+00:00 [queued]>
[2026-01-05T16:18:09.105+0000] {taskinstance.py:2193} INFO - Starting attempt 1 of 2
[2026-01-05T16:18:09.123+0000] {taskinstance.py:2217} INFO - Executing <Task(PythonOperator): cleanup_files> on 2026-01-05 16:16:00+00:00
[2026-01-05T16:18:09.130+0000] {standard_task_runner.py:60} INFO - Started process 63242 to run task
[2026-01-05T16:18:09.137+0000] {standard_task_runner.py:87} INFO - Running: ['airflow', 'tasks', 'run', 'prediction_dag', 'cleanup_files', 'scheduled__2026-01-05T16:16:00+00:00', '--job-id', '17108', '--raw', '--subdir', 'DAGS_FOLDER/prediction_dag.py', '--cfg-path', '/tmp/tmpuqjg79dn']
[2026-01-05T16:18:09.139+0000] {standard_task_runner.py:88} INFO - Job 17108: Subtask cleanup_files
[2026-01-05T16:18:09.220+0000] {task_command.py:423} INFO - Running <TaskInstance: prediction_dag.cleanup_files scheduled__2026-01-05T16:16:00+00:00 [running]> on host 8fa1ffc51a9f
[2026-01-05T16:18:09.712+0000] {taskinstance.py:2513} INFO - Exporting env vars: AIRFLOW_CTX_DAG_OWNER='airflow' AIRFLOW_CTX_DAG_ID='prediction_dag' AIRFLOW_CTX_TASK_ID='cleanup_files' AIRFLOW_CTX_EXECUTION_DATE='2026-01-05T16:16:00+00:00' AIRFLOW_CTX_TRY_NUMBER='1' AIRFLOW_CTX_DAG_RUN_ID='scheduled__2026-01-05T16:16:00+00:00'
[2026-01-05T16:18:09.743+0000] {taskinstance.py:2731} ERROR - Task failed with exception
Traceback (most recent call last):
  File "/home/airflow/.local/lib/python3.10/site-packages/airflow/models/taskinstance.py", line 444, in _execute_task
    result = _execute_callable(context=context, **execute_callable_kwargs)
  File "/home/airflow/.local/lib/python3.10/site-packages/airflow/models/taskinstance.py", line 414, in _execute_callable
    return execute_callable(context=context, **execute_callable_kwargs)
  File "/home/airflow/.local/lib/python3.10/site-packages/airflow/operators/python.py", line 200, in execute
    return_value = self.execute_callable()
  File "/home/airflow/.local/lib/python3.10/site-packages/airflow/operators/python.py", line 217, in execute_callable
    return self.python_callable(*self.op_args, **self.op_kwargs)
  File "/opt/airflow/dags/prediction_dag.py", line 166, in cleanup
    os.remove(fp)
FileNotFoundError: [Errno 2] No such file or directory: '/opt/airflow/data/good_data/raw_2724_good.csv'
[2026-01-05T16:18:09.757+0000] {taskinstance.py:1149} INFO - Marking task as UP_FOR_RETRY. dag_id=prediction_dag, task_id=cleanup_files, execution_date=20260105T161600, start_date=20260105T161809, end_date=20260105T161809
[2026-01-05T16:18:09.772+0000] {standard_task_runner.py:107} ERROR - Failed to execute job 17108 for task cleanup_files ([Errno 2] No such file or directory: '/opt/airflow/data/good_data/raw_2724_good.csv'; 63242)
[2026-01-05T16:18:09.816+0000] {local_task_job_runner.py:234} INFO - Task exited with return code 1
[2026-01-05T16:18:09.860+0000] {taskinstance.py:3312} INFO - 0 downstream tasks scheduled from follow-on schedule check
