[2026-01-05T16:18:20.975+0000] {taskinstance.py:1979} INFO - Dependencies all met for dep_context=non-requeueable deps ti=<TaskInstance: prediction_dag.cleanup_files scheduled__2026-01-05T16:16:00+00:00 [queued]>
[2026-01-05T16:18:21.014+0000] {taskinstance.py:1979} INFO - Dependencies all met for dep_context=requeueable deps ti=<TaskInstance: prediction_dag.cleanup_files scheduled__2026-01-05T16:16:00+00:00 [queued]>
[2026-01-05T16:18:21.016+0000] {taskinstance.py:2193} INFO - Starting attempt 2 of 2
[2026-01-05T16:18:21.069+0000] {taskinstance.py:2217} INFO - Executing <Task(PythonOperator): cleanup_files> on 2026-01-05 16:16:00+00:00
[2026-01-05T16:18:21.171+0000] {standard_task_runner.py:60} INFO - Started process 63344 to run task
[2026-01-05T16:18:21.202+0000] {standard_task_runner.py:87} INFO - Running: ['airflow', 'tasks', 'run', 'prediction_dag', 'cleanup_files', 'scheduled__2026-01-05T16:16:00+00:00', '--job-id', '17115', '--raw', '--subdir', 'DAGS_FOLDER/prediction_dag.py', '--cfg-path', '/tmp/tmpou_hutw1']
[2026-01-05T16:18:21.216+0000] {standard_task_runner.py:88} INFO - Job 17115: Subtask cleanup_files
[2026-01-05T16:18:21.543+0000] {task_command.py:423} INFO - Running <TaskInstance: prediction_dag.cleanup_files scheduled__2026-01-05T16:16:00+00:00 [running]> on host 8fa1ffc51a9f
[2026-01-05T16:18:23.358+0000] {taskinstance.py:2513} INFO - Exporting env vars: AIRFLOW_CTX_DAG_OWNER='airflow' AIRFLOW_CTX_DAG_ID='prediction_dag' AIRFLOW_CTX_TASK_ID='cleanup_files' AIRFLOW_CTX_EXECUTION_DATE='2026-01-05T16:16:00+00:00' AIRFLOW_CTX_TRY_NUMBER='2' AIRFLOW_CTX_DAG_RUN_ID='scheduled__2026-01-05T16:16:00+00:00'
[2026-01-05T16:18:23.516+0000] {taskinstance.py:2731} ERROR - Task failed with exception
Traceback (most recent call last):
  File "/home/airflow/.local/lib/python3.10/site-packages/airflow/models/taskinstance.py", line 444, in _execute_task
    result = _execute_callable(context=context, **execute_callable_kwargs)
  File "/home/airflow/.local/lib/python3.10/site-packages/airflow/models/taskinstance.py", line 414, in _execute_callable
    return execute_callable(context=context, **execute_callable_kwargs)
  File "/home/airflow/.local/lib/python3.10/site-packages/airflow/operators/python.py", line 200, in execute
    return_value = self.execute_callable()
  File "/home/airflow/.local/lib/python3.10/site-packages/airflow/operators/python.py", line 217, in execute_callable
    return self.python_callable(*self.op_args, **self.op_kwargs)
  File "/opt/airflow/dags/prediction_dag.py", line 166, in cleanup
    os.remove(fp)
FileNotFoundError: [Errno 2] No such file or directory: '/opt/airflow/data/good_data/raw_2724_good.csv'
[2026-01-05T16:18:23.553+0000] {taskinstance.py:1149} INFO - Marking task as FAILED. dag_id=prediction_dag, task_id=cleanup_files, execution_date=20260105T161600, start_date=20260105T161820, end_date=20260105T161823
[2026-01-05T16:18:23.625+0000] {standard_task_runner.py:107} ERROR - Failed to execute job 17115 for task cleanup_files ([Errno 2] No such file or directory: '/opt/airflow/data/good_data/raw_2724_good.csv'; 63344)
[2026-01-05T16:18:23.705+0000] {local_task_job_runner.py:234} INFO - Task exited with return code 1
[2026-01-05T16:18:23.813+0000] {taskinstance.py:3312} INFO - 0 downstream tasks scheduled from follow-on schedule check
