[2026-01-07T12:50:19.049+0000] {taskinstance.py:1979} INFO - Dependencies all met for dep_context=non-requeueable deps ti=<TaskInstance: prediction_dag.cleanup_files scheduled__2026-01-07T12:34:00+00:00 [queued]>
[2026-01-07T12:50:19.069+0000] {taskinstance.py:1979} INFO - Dependencies all met for dep_context=requeueable deps ti=<TaskInstance: prediction_dag.cleanup_files scheduled__2026-01-07T12:34:00+00:00 [queued]>
[2026-01-07T12:50:19.070+0000] {taskinstance.py:2193} INFO - Starting attempt 2 of 2
[2026-01-07T12:50:19.108+0000] {taskinstance.py:2217} INFO - Executing <Task(PythonOperator): cleanup_files> on 2026-01-07 12:34:00+00:00
[2026-01-07T12:50:19.125+0000] {standard_task_runner.py:60} INFO - Started process 57275 to run task
[2026-01-07T12:50:19.145+0000] {standard_task_runner.py:87} INFO - Running: ['airflow', 'tasks', 'run', 'prediction_dag', 'cleanup_files', 'scheduled__2026-01-07T12:34:00+00:00', '--job-id', '24456', '--raw', '--subdir', 'DAGS_FOLDER/prediction_dag.py', '--cfg-path', '/tmp/tmpxv80jfe0']
[2026-01-07T12:50:19.155+0000] {standard_task_runner.py:88} INFO - Job 24456: Subtask cleanup_files
[2026-01-07T12:50:19.337+0000] {task_command.py:423} INFO - Running <TaskInstance: prediction_dag.cleanup_files scheduled__2026-01-07T12:34:00+00:00 [running]> on host 8fa1ffc51a9f
[2026-01-07T12:50:20.130+0000] {taskinstance.py:2513} INFO - Exporting env vars: AIRFLOW_CTX_DAG_OWNER='airflow' AIRFLOW_CTX_DAG_ID='prediction_dag' AIRFLOW_CTX_TASK_ID='cleanup_files' AIRFLOW_CTX_EXECUTION_DATE='2026-01-07T12:34:00+00:00' AIRFLOW_CTX_TRY_NUMBER='2' AIRFLOW_CTX_DAG_RUN_ID='scheduled__2026-01-07T12:34:00+00:00'
[2026-01-07T12:50:20.235+0000] {taskinstance.py:2731} ERROR - Task failed with exception
Traceback (most recent call last):
  File "/home/airflow/.local/lib/python3.10/site-packages/airflow/models/taskinstance.py", line 444, in _execute_task
    result = _execute_callable(context=context, **execute_callable_kwargs)
  File "/home/airflow/.local/lib/python3.10/site-packages/airflow/models/taskinstance.py", line 414, in _execute_callable
    return execute_callable(context=context, **execute_callable_kwargs)
  File "/home/airflow/.local/lib/python3.10/site-packages/airflow/operators/python.py", line 200, in execute
    return_value = self.execute_callable()
  File "/home/airflow/.local/lib/python3.10/site-packages/airflow/operators/python.py", line 217, in execute_callable
    return self.python_callable(*self.op_args, **self.op_kwargs)
  File "/opt/airflow/dags/prediction_dag.py", line 166, in cleanup
    os.remove(fp)
FileNotFoundError: [Errno 2] No such file or directory: '/opt/airflow/data/good_data/raw_1748_good.csv'
[2026-01-07T12:50:20.255+0000] {taskinstance.py:1149} INFO - Marking task as FAILED. dag_id=prediction_dag, task_id=cleanup_files, execution_date=20260107T123400, start_date=20260107T125019, end_date=20260107T125020
[2026-01-07T12:50:20.277+0000] {standard_task_runner.py:107} ERROR - Failed to execute job 24456 for task cleanup_files ([Errno 2] No such file or directory: '/opt/airflow/data/good_data/raw_1748_good.csv'; 57275)
[2026-01-07T12:50:20.337+0000] {local_task_job_runner.py:234} INFO - Task exited with return code 1
[2026-01-07T12:50:20.434+0000] {taskinstance.py:3312} INFO - 0 downstream tasks scheduled from follow-on schedule check
