[2026-01-04T01:30:35.318+0000] {processor.py:161} INFO - Started process (PID=42767) to work on /opt/airflow/dags/ingestion_dag.py
[2026-01-04T01:30:35.321+0000] {processor.py:830} INFO - Processing file /opt/airflow/dags/ingestion_dag.py for tasks to queue
[2026-01-04T01:30:35.324+0000] {logging_mixin.py:188} INFO - [2026-01-04T01:30:35.324+0000] {dagbag.py:540} INFO - Filling up the DagBag from /opt/airflow/dags/ingestion_dag.py
[2026-01-04T01:30:48.004+0000] {logging_mixin.py:188} INFO - [2026-01-04T01:30:48.004+0000] {warnings.py:109} WARNING - /opt/airflow/dags/ingestion_dag.py:257: RemovedInAirflow3Warning: Function `days_ago` is deprecated and will be removed in Airflow 3.0. You can achieve equivalent behavior with `pendulum.today('UTC').add(days=-N, ...)`
  start_date=days_ago(1),
[2026-01-04T01:30:48.005+0000] {logging_mixin.py:188} INFO - [2026-01-04T01:30:48.005+0000] {warnings.py:109} WARNING - /opt/airflow/dags/ingestion_dag.py:254: RemovedInAirflow3Warning: Param `schedule_interval` is deprecated and will be removed in a future release. Please use `schedule` instead. 
  with DAG(
[2026-01-04T01:30:48.016+0000] {processor.py:840} INFO - DAG(s) 'ingestion_dag' retrieved from /opt/airflow/dags/ingestion_dag.py
[2026-01-04T01:30:48.061+0000] {logging_mixin.py:188} INFO - [2026-01-04T01:30:48.061+0000] {taskinstance.py:2733} ERROR - {'DAG Id': 'ingestion_dag', 'Task Id': 'read_data', 'Run Id': 'scheduled__2026-01-03T23:16:00+00:00', 'Hostname': '8fa1ffc51a9f'}
[2026-01-04T01:30:48.087+0000] {logging_mixin.py:188} INFO - [2026-01-04T01:30:48.087+0000] {taskinstance.py:1149} INFO - Marking task as FAILED. dag_id=ingestion_dag, task_id=read_data, execution_date=20260103T231600, start_date=20260103T231810, end_date=20260104T013048
[2026-01-04T01:30:48.100+0000] {processor.py:791} INFO - Executed failure callback for <TaskInstance: ingestion_dag.read_data scheduled__2026-01-03T23:16:00+00:00 [failed]> in state failed
[2026-01-04T01:30:48.265+0000] {logging_mixin.py:188} INFO - [2026-01-04T01:30:48.264+0000] {dag.py:3047} INFO - Sync 1 DAGs
[2026-01-04T01:30:48.311+0000] {logging_mixin.py:188} INFO - [2026-01-04T01:30:48.311+0000] {dag.py:3834} INFO - Setting next_dagrun for ingestion_dag to 2026-01-04 01:29:00+00:00, run_after=2026-01-04 01:30:00+00:00
[2026-01-04T01:30:48.350+0000] {processor.py:183} INFO - Processing /opt/airflow/dags/ingestion_dag.py took 13.047 seconds
[2026-01-04T03:09:21.444+0000] {processor.py:161} INFO - Started process (PID=42856) to work on /opt/airflow/dags/ingestion_dag.py
[2026-01-04T03:09:21.455+0000] {processor.py:830} INFO - Processing file /opt/airflow/dags/ingestion_dag.py for tasks to queue
[2026-01-04T03:09:21.467+0000] {logging_mixin.py:188} INFO - [2026-01-04T03:09:21.466+0000] {dagbag.py:540} INFO - Filling up the DagBag from /opt/airflow/dags/ingestion_dag.py
[2026-01-04T05:03:16.083+0000] {processor.py:161} INFO - Started process (PID=42966) to work on /opt/airflow/dags/ingestion_dag.py
[2026-01-04T05:03:16.088+0000] {processor.py:830} INFO - Processing file /opt/airflow/dags/ingestion_dag.py for tasks to queue
[2026-01-04T05:03:16.094+0000] {logging_mixin.py:188} INFO - [2026-01-04T05:03:16.093+0000] {dagbag.py:540} INFO - Filling up the DagBag from /opt/airflow/dags/ingestion_dag.py
[2026-01-04T05:03:20.755+0000] {logging_mixin.py:188} INFO - [2026-01-04T05:03:20.755+0000] {warnings.py:109} WARNING - /opt/airflow/dags/ingestion_dag.py:257: RemovedInAirflow3Warning: Function `days_ago` is deprecated and will be removed in Airflow 3.0. You can achieve equivalent behavior with `pendulum.today('UTC').add(days=-N, ...)`
  start_date=days_ago(1),
[2026-01-04T05:03:20.756+0000] {logging_mixin.py:188} INFO - [2026-01-04T05:03:20.756+0000] {warnings.py:109} WARNING - /opt/airflow/dags/ingestion_dag.py:254: RemovedInAirflow3Warning: Param `schedule_interval` is deprecated and will be removed in a future release. Please use `schedule` instead. 
  with DAG(
[2026-01-04T05:03:20.765+0000] {processor.py:840} INFO - DAG(s) 'ingestion_dag' retrieved from /opt/airflow/dags/ingestion_dag.py
[2026-01-04T05:03:20.867+0000] {logging_mixin.py:188} INFO - [2026-01-04T05:03:20.867+0000] {dag.py:3047} INFO - Sync 1 DAGs
[2026-01-04T05:03:20.896+0000] {logging_mixin.py:188} INFO - [2026-01-04T05:03:20.896+0000] {dag.py:3834} INFO - Setting next_dagrun for ingestion_dag to 2026-01-04 05:02:00+00:00, run_after=2026-01-04 05:03:00+00:00
[2026-01-04T05:03:20.910+0000] {processor.py:183} INFO - Processing /opt/airflow/dags/ingestion_dag.py took 4.852 seconds
[2026-01-04T06:18:36.051+0000] {processor.py:161} INFO - Started process (PID=43054) to work on /opt/airflow/dags/ingestion_dag.py
[2026-01-04T06:18:36.126+0000] {processor.py:830} INFO - Processing file /opt/airflow/dags/ingestion_dag.py for tasks to queue
[2026-01-04T06:18:36.182+0000] {logging_mixin.py:188} INFO - [2026-01-04T06:18:36.175+0000] {dagbag.py:540} INFO - Filling up the DagBag from /opt/airflow/dags/ingestion_dag.py
[2026-01-04T06:18:47.001+0000] {logging_mixin.py:188} INFO - [2026-01-04T06:18:46.999+0000] {warnings.py:109} WARNING - /opt/airflow/dags/ingestion_dag.py:257: RemovedInAirflow3Warning: Function `days_ago` is deprecated and will be removed in Airflow 3.0. You can achieve equivalent behavior with `pendulum.today('UTC').add(days=-N, ...)`
  start_date=days_ago(1),
[2026-01-04T06:18:47.003+0000] {logging_mixin.py:188} INFO - [2026-01-04T06:18:47.003+0000] {warnings.py:109} WARNING - /opt/airflow/dags/ingestion_dag.py:254: RemovedInAirflow3Warning: Param `schedule_interval` is deprecated and will be removed in a future release. Please use `schedule` instead. 
  with DAG(
[2026-01-04T06:18:47.037+0000] {processor.py:840} INFO - DAG(s) 'ingestion_dag' retrieved from /opt/airflow/dags/ingestion_dag.py
[2026-01-04T06:18:47.147+0000] {logging_mixin.py:188} INFO - [2026-01-04T06:18:47.146+0000] {dag.py:3047} INFO - Sync 1 DAGs
[2026-01-04T06:18:47.238+0000] {logging_mixin.py:188} INFO - [2026-01-04T06:18:47.238+0000] {dag.py:3834} INFO - Setting next_dagrun for ingestion_dag to 2026-01-04 06:18:00+00:00, run_after=2026-01-04 06:19:00+00:00
[2026-01-04T06:18:47.273+0000] {processor.py:183} INFO - Processing /opt/airflow/dags/ingestion_dag.py took 11.246 seconds
[2026-01-04T07:30:42.689+0000] {processor.py:161} INFO - Started process (PID=43154) to work on /opt/airflow/dags/ingestion_dag.py
[2026-01-04T07:30:42.731+0000] {processor.py:830} INFO - Processing file /opt/airflow/dags/ingestion_dag.py for tasks to queue
[2026-01-04T07:30:42.734+0000] {logging_mixin.py:188} INFO - [2026-01-04T07:30:42.733+0000] {dagbag.py:540} INFO - Filling up the DagBag from /opt/airflow/dags/ingestion_dag.py
[2026-01-04T08:36:27.162+0000] {logging_mixin.py:188} INFO - [2026-01-04T08:36:27.033+0000] {timeout.py:68} ERROR - Process timed out, PID: 43154
[2026-01-04T09:20:43.722+0000] {processor.py:161} INFO - Started process (PID=43357) to work on /opt/airflow/dags/ingestion_dag.py
[2026-01-04T09:20:43.735+0000] {processor.py:830} INFO - Processing file /opt/airflow/dags/ingestion_dag.py for tasks to queue
[2026-01-04T09:20:43.763+0000] {logging_mixin.py:188} INFO - [2026-01-04T09:20:43.750+0000] {dagbag.py:540} INFO - Filling up the DagBag from /opt/airflow/dags/ingestion_dag.py
[2026-01-04T11:22:34.257+0000] {processor.py:161} INFO - Started process (PID=43493) to work on /opt/airflow/dags/ingestion_dag.py
[2026-01-04T11:22:34.264+0000] {processor.py:830} INFO - Processing file /opt/airflow/dags/ingestion_dag.py for tasks to queue
[2026-01-04T11:22:34.277+0000] {logging_mixin.py:188} INFO - [2026-01-04T11:22:34.271+0000] {dagbag.py:540} INFO - Filling up the DagBag from /opt/airflow/dags/ingestion_dag.py
[2026-01-04T11:23:02.291+0000] {logging_mixin.py:188} INFO - [2026-01-04T11:23:02.290+0000] {warnings.py:109} WARNING - /opt/airflow/dags/ingestion_dag.py:257: RemovedInAirflow3Warning: Function `days_ago` is deprecated and will be removed in Airflow 3.0. You can achieve equivalent behavior with `pendulum.today('UTC').add(days=-N, ...)`
  start_date=days_ago(1),
[2026-01-04T11:23:02.293+0000] {logging_mixin.py:188} INFO - [2026-01-04T11:23:02.292+0000] {warnings.py:109} WARNING - /opt/airflow/dags/ingestion_dag.py:254: RemovedInAirflow3Warning: Param `schedule_interval` is deprecated and will be removed in a future release. Please use `schedule` instead. 
  with DAG(
[2026-01-04T11:23:02.312+0000] {processor.py:840} INFO - DAG(s) 'ingestion_dag' retrieved from /opt/airflow/dags/ingestion_dag.py
[2026-01-04T11:23:03.126+0000] {logging_mixin.py:188} INFO - [2026-01-04T11:23:03.115+0000] {dag.py:3047} INFO - Sync 1 DAGs
[2026-01-04T11:23:03.293+0000] {logging_mixin.py:188} INFO - [2026-01-04T11:23:03.292+0000] {dag.py:3834} INFO - Setting next_dagrun for ingestion_dag to 2026-01-04 11:22:00+00:00, run_after=2026-01-04 11:23:00+00:00
[2026-01-04T11:23:03.411+0000] {processor.py:183} INFO - Processing /opt/airflow/dags/ingestion_dag.py took 29.163 seconds
[2026-01-04T12:11:53.263+0000] {processor.py:161} INFO - Started process (PID=43629) to work on /opt/airflow/dags/ingestion_dag.py
[2026-01-04T12:11:53.290+0000] {processor.py:830} INFO - Processing file /opt/airflow/dags/ingestion_dag.py for tasks to queue
[2026-01-04T12:11:53.295+0000] {logging_mixin.py:188} INFO - [2026-01-04T12:11:53.295+0000] {dagbag.py:540} INFO - Filling up the DagBag from /opt/airflow/dags/ingestion_dag.py
[2026-01-04T12:12:06.319+0000] {logging_mixin.py:188} INFO - [2026-01-04T12:12:06.280+0000] {warnings.py:109} WARNING - /opt/airflow/dags/ingestion_dag.py:257: RemovedInAirflow3Warning: Function `days_ago` is deprecated and will be removed in Airflow 3.0. You can achieve equivalent behavior with `pendulum.today('UTC').add(days=-N, ...)`
  start_date=days_ago(1),
[2026-01-04T12:12:06.324+0000] {logging_mixin.py:188} INFO - [2026-01-04T12:12:06.323+0000] {warnings.py:109} WARNING - /opt/airflow/dags/ingestion_dag.py:254: RemovedInAirflow3Warning: Param `schedule_interval` is deprecated and will be removed in a future release. Please use `schedule` instead. 
  with DAG(
[2026-01-04T12:12:06.378+0000] {processor.py:840} INFO - DAG(s) 'ingestion_dag' retrieved from /opt/airflow/dags/ingestion_dag.py
[2026-01-04T12:12:06.518+0000] {logging_mixin.py:188} INFO - [2026-01-04T12:12:06.516+0000] {dag.py:3047} INFO - Sync 1 DAGs
[2026-01-04T12:12:06.627+0000] {logging_mixin.py:188} INFO - [2026-01-04T12:12:06.626+0000] {dag.py:3834} INFO - Setting next_dagrun for ingestion_dag to 2026-01-04 12:12:00+00:00, run_after=2026-01-04 12:13:00+00:00
[2026-01-04T12:12:06.694+0000] {processor.py:183} INFO - Processing /opt/airflow/dags/ingestion_dag.py took 13.475 seconds
[2026-01-04T12:55:09.653+0000] {processor.py:161} INFO - Started process (PID=43724) to work on /opt/airflow/dags/ingestion_dag.py
[2026-01-04T12:55:09.659+0000] {processor.py:830} INFO - Processing file /opt/airflow/dags/ingestion_dag.py for tasks to queue
[2026-01-04T12:55:09.664+0000] {logging_mixin.py:188} INFO - [2026-01-04T12:55:09.662+0000] {dagbag.py:540} INFO - Filling up the DagBag from /opt/airflow/dags/ingestion_dag.py
[2026-01-04T12:55:24.274+0000] {logging_mixin.py:188} INFO - [2026-01-04T12:55:24.273+0000] {warnings.py:109} WARNING - /opt/airflow/dags/ingestion_dag.py:257: RemovedInAirflow3Warning: Function `days_ago` is deprecated and will be removed in Airflow 3.0. You can achieve equivalent behavior with `pendulum.today('UTC').add(days=-N, ...)`
  start_date=days_ago(1),
[2026-01-04T12:55:24.277+0000] {logging_mixin.py:188} INFO - [2026-01-04T12:55:24.276+0000] {warnings.py:109} WARNING - /opt/airflow/dags/ingestion_dag.py:254: RemovedInAirflow3Warning: Param `schedule_interval` is deprecated and will be removed in a future release. Please use `schedule` instead. 
  with DAG(
[2026-01-04T12:55:24.330+0000] {processor.py:840} INFO - DAG(s) 'ingestion_dag' retrieved from /opt/airflow/dags/ingestion_dag.py
[2026-01-04T12:55:24.552+0000] {logging_mixin.py:188} INFO - [2026-01-04T12:55:24.551+0000] {dag.py:3047} INFO - Sync 1 DAGs
[2026-01-04T12:55:24.703+0000] {logging_mixin.py:188} INFO - [2026-01-04T12:55:24.702+0000] {dag.py:3834} INFO - Setting next_dagrun for ingestion_dag to 2026-01-04 12:55:00+00:00, run_after=2026-01-04 12:56:00+00:00
[2026-01-04T12:55:24.795+0000] {processor.py:183} INFO - Processing /opt/airflow/dags/ingestion_dag.py took 15.169 seconds
[2026-01-04T13:24:53.520+0000] {processor.py:161} INFO - Started process (PID=43819) to work on /opt/airflow/dags/ingestion_dag.py
[2026-01-04T13:24:53.535+0000] {processor.py:830} INFO - Processing file /opt/airflow/dags/ingestion_dag.py for tasks to queue
[2026-01-04T13:24:53.557+0000] {logging_mixin.py:188} INFO - [2026-01-04T13:24:53.548+0000] {dagbag.py:540} INFO - Filling up the DagBag from /opt/airflow/dags/ingestion_dag.py
[2026-01-04T13:25:18.032+0000] {logging_mixin.py:188} INFO - [2026-01-04T13:25:18.030+0000] {warnings.py:109} WARNING - /opt/airflow/dags/ingestion_dag.py:257: RemovedInAirflow3Warning: Function `days_ago` is deprecated and will be removed in Airflow 3.0. You can achieve equivalent behavior with `pendulum.today('UTC').add(days=-N, ...)`
  start_date=days_ago(1),
[2026-01-04T13:25:18.033+0000] {logging_mixin.py:188} INFO - [2026-01-04T13:25:18.033+0000] {warnings.py:109} WARNING - /opt/airflow/dags/ingestion_dag.py:254: RemovedInAirflow3Warning: Param `schedule_interval` is deprecated and will be removed in a future release. Please use `schedule` instead. 
  with DAG(
[2026-01-04T13:25:18.054+0000] {processor.py:840} INFO - DAG(s) 'ingestion_dag' retrieved from /opt/airflow/dags/ingestion_dag.py
[2026-01-04T13:25:18.155+0000] {logging_mixin.py:188} INFO - [2026-01-04T13:25:18.154+0000] {dag.py:3047} INFO - Sync 1 DAGs
[2026-01-04T13:25:18.230+0000] {logging_mixin.py:188} INFO - [2026-01-04T13:25:18.230+0000] {dag.py:3834} INFO - Setting next_dagrun for ingestion_dag to 2026-01-04 13:25:00+00:00, run_after=2026-01-04 13:26:00+00:00
[2026-01-04T13:25:18.273+0000] {processor.py:183} INFO - Processing /opt/airflow/dags/ingestion_dag.py took 24.853 seconds
[2026-01-04T14:25:38.459+0000] {processor.py:161} INFO - Started process (PID=43904) to work on /opt/airflow/dags/ingestion_dag.py
[2026-01-04T14:25:38.465+0000] {processor.py:830} INFO - Processing file /opt/airflow/dags/ingestion_dag.py for tasks to queue
[2026-01-04T14:25:38.475+0000] {logging_mixin.py:188} INFO - [2026-01-04T14:25:38.472+0000] {dagbag.py:540} INFO - Filling up the DagBag from /opt/airflow/dags/ingestion_dag.py
[2026-01-04T14:25:54.525+0000] {logging_mixin.py:188} INFO - [2026-01-04T14:25:54.524+0000] {warnings.py:109} WARNING - /opt/airflow/dags/ingestion_dag.py:257: RemovedInAirflow3Warning: Function `days_ago` is deprecated and will be removed in Airflow 3.0. You can achieve equivalent behavior with `pendulum.today('UTC').add(days=-N, ...)`
  start_date=days_ago(1),
[2026-01-04T14:25:54.532+0000] {logging_mixin.py:188} INFO - [2026-01-04T14:25:54.528+0000] {warnings.py:109} WARNING - /opt/airflow/dags/ingestion_dag.py:254: RemovedInAirflow3Warning: Param `schedule_interval` is deprecated and will be removed in a future release. Please use `schedule` instead. 
  with DAG(
[2026-01-04T14:25:54.554+0000] {processor.py:840} INFO - DAG(s) 'ingestion_dag' retrieved from /opt/airflow/dags/ingestion_dag.py
[2026-01-04T14:25:54.636+0000] {logging_mixin.py:188} INFO - [2026-01-04T14:25:54.635+0000] {dag.py:3047} INFO - Sync 1 DAGs
[2026-01-04T14:25:54.705+0000] {logging_mixin.py:188} INFO - [2026-01-04T14:25:54.705+0000] {dag.py:3834} INFO - Setting next_dagrun for ingestion_dag to 2026-01-04 14:25:00+00:00, run_after=2026-01-04 14:26:00+00:00
[2026-01-04T14:25:54.766+0000] {processor.py:183} INFO - Processing /opt/airflow/dags/ingestion_dag.py took 16.338 seconds
[2026-01-04T14:41:21.390+0000] {processor.py:161} INFO - Started process (PID=44023) to work on /opt/airflow/dags/ingestion_dag.py
[2026-01-04T14:41:21.399+0000] {processor.py:830} INFO - Processing file /opt/airflow/dags/ingestion_dag.py for tasks to queue
[2026-01-04T14:41:21.405+0000] {logging_mixin.py:188} INFO - [2026-01-04T14:41:21.402+0000] {dagbag.py:540} INFO - Filling up the DagBag from /opt/airflow/dags/ingestion_dag.py
[2026-01-04T14:41:54.856+0000] {logging_mixin.py:188} INFO - [2026-01-04T14:41:54.832+0000] {timeout.py:68} ERROR - Process timed out, PID: 44023
[2026-01-04T15:14:56.109+0000] {processor.py:161} INFO - Started process (PID=44246) to work on /opt/airflow/dags/ingestion_dag.py
[2026-01-04T15:14:56.111+0000] {processor.py:830} INFO - Processing file /opt/airflow/dags/ingestion_dag.py for tasks to queue
[2026-01-04T15:14:56.113+0000] {logging_mixin.py:188} INFO - [2026-01-04T15:14:56.113+0000] {dagbag.py:540} INFO - Filling up the DagBag from /opt/airflow/dags/ingestion_dag.py
[2026-01-04T15:15:16.854+0000] {logging_mixin.py:188} INFO - [2026-01-04T15:15:16.851+0000] {warnings.py:109} WARNING - /opt/airflow/dags/ingestion_dag.py:257: RemovedInAirflow3Warning: Function `days_ago` is deprecated and will be removed in Airflow 3.0. You can achieve equivalent behavior with `pendulum.today('UTC').add(days=-N, ...)`
  start_date=days_ago(1),
[2026-01-04T15:15:16.858+0000] {logging_mixin.py:188} INFO - [2026-01-04T15:15:16.857+0000] {warnings.py:109} WARNING - /opt/airflow/dags/ingestion_dag.py:254: RemovedInAirflow3Warning: Param `schedule_interval` is deprecated and will be removed in a future release. Please use `schedule` instead. 
  with DAG(
[2026-01-04T15:15:16.910+0000] {processor.py:840} INFO - DAG(s) 'ingestion_dag' retrieved from /opt/airflow/dags/ingestion_dag.py
[2026-01-04T15:15:17.618+0000] {logging_mixin.py:188} INFO - [2026-01-04T15:15:17.617+0000] {dag.py:3047} INFO - Sync 1 DAGs
[2026-01-04T15:15:17.694+0000] {logging_mixin.py:188} INFO - [2026-01-04T15:15:17.694+0000] {dag.py:3834} INFO - Setting next_dagrun for ingestion_dag to 2026-01-04 15:14:00+00:00, run_after=2026-01-04 15:15:00+00:00
[2026-01-04T15:15:17.764+0000] {processor.py:183} INFO - Processing /opt/airflow/dags/ingestion_dag.py took 21.671 seconds
[2026-01-04T15:27:06.440+0000] {processor.py:161} INFO - Started process (PID=44363) to work on /opt/airflow/dags/ingestion_dag.py
[2026-01-04T15:27:06.467+0000] {processor.py:830} INFO - Processing file /opt/airflow/dags/ingestion_dag.py for tasks to queue
[2026-01-04T15:27:06.471+0000] {logging_mixin.py:188} INFO - [2026-01-04T15:27:06.470+0000] {dagbag.py:540} INFO - Filling up the DagBag from /opt/airflow/dags/ingestion_dag.py
[2026-01-04T15:27:27.092+0000] {logging_mixin.py:188} INFO - [2026-01-04T15:27:27.087+0000] {warnings.py:109} WARNING - /opt/airflow/dags/ingestion_dag.py:257: RemovedInAirflow3Warning: Function `days_ago` is deprecated and will be removed in Airflow 3.0. You can achieve equivalent behavior with `pendulum.today('UTC').add(days=-N, ...)`
  start_date=days_ago(1),
[2026-01-04T15:27:27.095+0000] {logging_mixin.py:188} INFO - [2026-01-04T15:27:27.094+0000] {warnings.py:109} WARNING - /opt/airflow/dags/ingestion_dag.py:254: RemovedInAirflow3Warning: Param `schedule_interval` is deprecated and will be removed in a future release. Please use `schedule` instead. 
  with DAG(
[2026-01-04T15:27:27.145+0000] {processor.py:840} INFO - DAG(s) 'ingestion_dag' retrieved from /opt/airflow/dags/ingestion_dag.py
[2026-01-04T15:27:27.348+0000] {logging_mixin.py:188} INFO - [2026-01-04T15:27:27.346+0000] {dag.py:3047} INFO - Sync 1 DAGs
[2026-01-04T15:27:27.585+0000] {logging_mixin.py:188} INFO - [2026-01-04T15:27:27.584+0000] {dag.py:3834} INFO - Setting next_dagrun for ingestion_dag to 2026-01-04 15:27:00+00:00, run_after=2026-01-04 15:28:00+00:00
[2026-01-04T15:27:27.731+0000] {processor.py:183} INFO - Processing /opt/airflow/dags/ingestion_dag.py took 21.328 seconds
[2026-01-04T16:00:15.587+0000] {processor.py:161} INFO - Started process (PID=44479) to work on /opt/airflow/dags/ingestion_dag.py
[2026-01-04T16:00:15.606+0000] {processor.py:830} INFO - Processing file /opt/airflow/dags/ingestion_dag.py for tasks to queue
[2026-01-04T16:00:15.615+0000] {logging_mixin.py:188} INFO - [2026-01-04T16:00:15.612+0000] {dagbag.py:540} INFO - Filling up the DagBag from /opt/airflow/dags/ingestion_dag.py
[2026-01-04T16:00:35.686+0000] {logging_mixin.py:188} INFO - [2026-01-04T16:00:35.679+0000] {warnings.py:109} WARNING - /opt/airflow/dags/ingestion_dag.py:257: RemovedInAirflow3Warning: Function `days_ago` is deprecated and will be removed in Airflow 3.0. You can achieve equivalent behavior with `pendulum.today('UTC').add(days=-N, ...)`
  start_date=days_ago(1),
[2026-01-04T16:00:35.696+0000] {logging_mixin.py:188} INFO - [2026-01-04T16:00:35.696+0000] {warnings.py:109} WARNING - /opt/airflow/dags/ingestion_dag.py:254: RemovedInAirflow3Warning: Param `schedule_interval` is deprecated and will be removed in a future release. Please use `schedule` instead. 
  with DAG(
[2026-01-04T16:00:35.756+0000] {processor.py:840} INFO - DAG(s) 'ingestion_dag' retrieved from /opt/airflow/dags/ingestion_dag.py
[2026-01-04T16:00:35.934+0000] {logging_mixin.py:188} INFO - [2026-01-04T16:00:35.932+0000] {dag.py:3047} INFO - Sync 1 DAGs
[2026-01-04T16:00:36.061+0000] {logging_mixin.py:188} INFO - [2026-01-04T16:00:36.059+0000] {dag.py:3834} INFO - Setting next_dagrun for ingestion_dag to 2026-01-04 16:00:00+00:00, run_after=2026-01-04 16:01:00+00:00
[2026-01-04T16:00:36.150+0000] {processor.py:183} INFO - Processing /opt/airflow/dags/ingestion_dag.py took 20.597 seconds
[2026-01-04T16:15:43.086+0000] {processor.py:161} INFO - Started process (PID=44587) to work on /opt/airflow/dags/ingestion_dag.py
[2026-01-04T16:15:43.099+0000] {processor.py:830} INFO - Processing file /opt/airflow/dags/ingestion_dag.py for tasks to queue
[2026-01-04T16:15:43.114+0000] {logging_mixin.py:188} INFO - [2026-01-04T16:15:43.113+0000] {dagbag.py:540} INFO - Filling up the DagBag from /opt/airflow/dags/ingestion_dag.py
[2026-01-04T17:00:25.145+0000] {processor.py:161} INFO - Started process (PID=44697) to work on /opt/airflow/dags/ingestion_dag.py
[2026-01-04T17:00:25.150+0000] {processor.py:830} INFO - Processing file /opt/airflow/dags/ingestion_dag.py for tasks to queue
[2026-01-04T17:00:25.158+0000] {logging_mixin.py:188} INFO - [2026-01-04T17:00:25.157+0000] {dagbag.py:540} INFO - Filling up the DagBag from /opt/airflow/dags/ingestion_dag.py
[2026-01-04T17:00:30.700+0000] {logging_mixin.py:188} INFO - [2026-01-04T17:00:30.698+0000] {warnings.py:109} WARNING - /opt/airflow/dags/ingestion_dag.py:257: RemovedInAirflow3Warning: Function `days_ago` is deprecated and will be removed in Airflow 3.0. You can achieve equivalent behavior with `pendulum.today('UTC').add(days=-N, ...)`
  start_date=days_ago(1),
[2026-01-04T17:00:30.702+0000] {logging_mixin.py:188} INFO - [2026-01-04T17:00:30.702+0000] {warnings.py:109} WARNING - /opt/airflow/dags/ingestion_dag.py:254: RemovedInAirflow3Warning: Param `schedule_interval` is deprecated and will be removed in a future release. Please use `schedule` instead. 
  with DAG(
[2026-01-04T17:00:30.728+0000] {processor.py:840} INFO - DAG(s) 'ingestion_dag' retrieved from /opt/airflow/dags/ingestion_dag.py
[2026-01-04T17:00:30.950+0000] {logging_mixin.py:188} INFO - [2026-01-04T17:00:30.949+0000] {dag.py:3047} INFO - Sync 1 DAGs
[2026-01-04T17:00:31.004+0000] {logging_mixin.py:188} INFO - [2026-01-04T17:00:31.003+0000] {dag.py:3834} INFO - Setting next_dagrun for ingestion_dag to 2026-01-04 16:59:00+00:00, run_after=2026-01-04 17:00:00+00:00
[2026-01-04T17:00:31.035+0000] {processor.py:183} INFO - Processing /opt/airflow/dags/ingestion_dag.py took 5.929 seconds
[2026-01-04T18:01:42.867+0000] {processor.py:161} INFO - Started process (PID=44792) to work on /opt/airflow/dags/ingestion_dag.py
[2026-01-04T18:01:42.875+0000] {processor.py:830} INFO - Processing file /opt/airflow/dags/ingestion_dag.py for tasks to queue
[2026-01-04T18:01:42.883+0000] {logging_mixin.py:188} INFO - [2026-01-04T18:01:42.881+0000] {dagbag.py:540} INFO - Filling up the DagBag from /opt/airflow/dags/ingestion_dag.py
[2026-01-04T18:01:52.976+0000] {logging_mixin.py:188} INFO - [2026-01-04T18:01:52.974+0000] {warnings.py:109} WARNING - /opt/airflow/dags/ingestion_dag.py:257: RemovedInAirflow3Warning: Function `days_ago` is deprecated and will be removed in Airflow 3.0. You can achieve equivalent behavior with `pendulum.today('UTC').add(days=-N, ...)`
  start_date=days_ago(1),
[2026-01-04T18:01:52.978+0000] {logging_mixin.py:188} INFO - [2026-01-04T18:01:52.978+0000] {warnings.py:109} WARNING - /opt/airflow/dags/ingestion_dag.py:254: RemovedInAirflow3Warning: Param `schedule_interval` is deprecated and will be removed in a future release. Please use `schedule` instead. 
  with DAG(
[2026-01-04T18:01:52.992+0000] {processor.py:840} INFO - DAG(s) 'ingestion_dag' retrieved from /opt/airflow/dags/ingestion_dag.py
[2026-01-04T18:01:53.056+0000] {logging_mixin.py:188} INFO - [2026-01-04T18:01:53.056+0000] {dag.py:3047} INFO - Sync 1 DAGs
[2026-01-04T18:01:53.142+0000] {logging_mixin.py:188} INFO - [2026-01-04T18:01:53.142+0000] {dag.py:3834} INFO - Setting next_dagrun for ingestion_dag to 2026-01-04 18:01:00+00:00, run_after=2026-01-04 18:02:00+00:00
[2026-01-04T18:01:53.192+0000] {processor.py:183} INFO - Processing /opt/airflow/dags/ingestion_dag.py took 10.348 seconds
[2026-01-04T19:03:16.678+0000] {processor.py:161} INFO - Started process (PID=44918) to work on /opt/airflow/dags/ingestion_dag.py
[2026-01-04T19:03:16.704+0000] {processor.py:830} INFO - Processing file /opt/airflow/dags/ingestion_dag.py for tasks to queue
[2026-01-04T19:03:16.772+0000] {logging_mixin.py:188} INFO - [2026-01-04T19:03:16.754+0000] {dagbag.py:540} INFO - Filling up the DagBag from /opt/airflow/dags/ingestion_dag.py
[2026-01-04T20:20:35.657+0000] {processor.py:161} INFO - Started process (PID=45128) to work on /opt/airflow/dags/ingestion_dag.py
[2026-01-04T20:20:35.684+0000] {processor.py:830} INFO - Processing file /opt/airflow/dags/ingestion_dag.py for tasks to queue
[2026-01-04T20:20:35.711+0000] {logging_mixin.py:188} INFO - [2026-01-04T20:20:35.700+0000] {dagbag.py:540} INFO - Filling up the DagBag from /opt/airflow/dags/ingestion_dag.py
[2026-01-04T20:21:00.322+0000] {logging_mixin.py:188} INFO - [2026-01-04T20:21:00.315+0000] {warnings.py:109} WARNING - /opt/airflow/dags/ingestion_dag.py:257: RemovedInAirflow3Warning: Function `days_ago` is deprecated and will be removed in Airflow 3.0. You can achieve equivalent behavior with `pendulum.today('UTC').add(days=-N, ...)`
  start_date=days_ago(1),
[2026-01-04T20:21:00.325+0000] {logging_mixin.py:188} INFO - [2026-01-04T20:21:00.325+0000] {warnings.py:109} WARNING - /opt/airflow/dags/ingestion_dag.py:254: RemovedInAirflow3Warning: Param `schedule_interval` is deprecated and will be removed in a future release. Please use `schedule` instead. 
  with DAG(
[2026-01-04T20:21:00.373+0000] {processor.py:840} INFO - DAG(s) 'ingestion_dag' retrieved from /opt/airflow/dags/ingestion_dag.py
[2026-01-04T20:21:00.784+0000] {logging_mixin.py:188} INFO - [2026-01-04T20:21:00.782+0000] {dag.py:3047} INFO - Sync 1 DAGs
[2026-01-04T20:21:00.884+0000] {logging_mixin.py:188} INFO - [2026-01-04T20:21:00.883+0000] {dag.py:3834} INFO - Setting next_dagrun for ingestion_dag to 2026-01-04 20:20:00+00:00, run_after=2026-01-04 20:21:00+00:00
[2026-01-04T20:21:00.955+0000] {processor.py:183} INFO - Processing /opt/airflow/dags/ingestion_dag.py took 25.378 seconds
[2026-01-04T20:46:48.760+0000] {processor.py:161} INFO - Started process (PID=45225) to work on /opt/airflow/dags/ingestion_dag.py
[2026-01-04T20:46:48.787+0000] {processor.py:830} INFO - Processing file /opt/airflow/dags/ingestion_dag.py for tasks to queue
[2026-01-04T20:46:48.856+0000] {logging_mixin.py:188} INFO - [2026-01-04T20:46:48.835+0000] {dagbag.py:540} INFO - Filling up the DagBag from /opt/airflow/dags/ingestion_dag.py
[2026-01-04T20:47:27.190+0000] {logging_mixin.py:188} INFO - [2026-01-04T20:47:27.160+0000] {timeout.py:68} ERROR - Process timed out, PID: 45225
[2026-01-04T21:32:34.504+0000] {processor.py:161} INFO - Started process (PID=45411) to work on /opt/airflow/dags/ingestion_dag.py
[2026-01-04T21:32:34.513+0000] {processor.py:830} INFO - Processing file /opt/airflow/dags/ingestion_dag.py for tasks to queue
[2026-01-04T21:32:34.517+0000] {logging_mixin.py:188} INFO - [2026-01-04T21:32:34.515+0000] {dagbag.py:540} INFO - Filling up the DagBag from /opt/airflow/dags/ingestion_dag.py
[2026-01-04T21:32:42.210+0000] {logging_mixin.py:188} INFO - [2026-01-04T21:32:42.209+0000] {warnings.py:109} WARNING - /opt/airflow/dags/ingestion_dag.py:257: RemovedInAirflow3Warning: Function `days_ago` is deprecated and will be removed in Airflow 3.0. You can achieve equivalent behavior with `pendulum.today('UTC').add(days=-N, ...)`
  start_date=days_ago(1),
[2026-01-04T21:32:42.213+0000] {logging_mixin.py:188} INFO - [2026-01-04T21:32:42.212+0000] {warnings.py:109} WARNING - /opt/airflow/dags/ingestion_dag.py:254: RemovedInAirflow3Warning: Param `schedule_interval` is deprecated and will be removed in a future release. Please use `schedule` instead. 
  with DAG(
[2026-01-04T21:32:42.229+0000] {processor.py:840} INFO - DAG(s) 'ingestion_dag' retrieved from /opt/airflow/dags/ingestion_dag.py
[2026-01-04T21:32:42.376+0000] {logging_mixin.py:188} INFO - [2026-01-04T21:32:42.375+0000] {dag.py:3047} INFO - Sync 1 DAGs
[2026-01-04T21:32:42.408+0000] {logging_mixin.py:188} INFO - [2026-01-04T21:32:42.408+0000] {dag.py:3834} INFO - Setting next_dagrun for ingestion_dag to 2026-01-04 21:31:00+00:00, run_after=2026-01-04 21:32:00+00:00
[2026-01-04T21:32:42.445+0000] {processor.py:183} INFO - Processing /opt/airflow/dags/ingestion_dag.py took 7.960 seconds
[2026-01-04T22:51:21.744+0000] {processor.py:161} INFO - Started process (PID=45516) to work on /opt/airflow/dags/ingestion_dag.py
[2026-01-04T22:51:21.747+0000] {processor.py:830} INFO - Processing file /opt/airflow/dags/ingestion_dag.py for tasks to queue
[2026-01-04T22:51:21.748+0000] {logging_mixin.py:188} INFO - [2026-01-04T22:51:21.748+0000] {dagbag.py:540} INFO - Filling up the DagBag from /opt/airflow/dags/ingestion_dag.py
[2026-01-04T22:51:34.027+0000] {logging_mixin.py:188} INFO - [2026-01-04T22:51:34.019+0000] {warnings.py:109} WARNING - /opt/airflow/dags/ingestion_dag.py:257: RemovedInAirflow3Warning: Function `days_ago` is deprecated and will be removed in Airflow 3.0. You can achieve equivalent behavior with `pendulum.today('UTC').add(days=-N, ...)`
  start_date=days_ago(1),
[2026-01-04T22:51:34.044+0000] {logging_mixin.py:188} INFO - [2026-01-04T22:51:34.044+0000] {warnings.py:109} WARNING - /opt/airflow/dags/ingestion_dag.py:254: RemovedInAirflow3Warning: Param `schedule_interval` is deprecated and will be removed in a future release. Please use `schedule` instead. 
  with DAG(
[2026-01-04T22:51:34.089+0000] {processor.py:840} INFO - DAG(s) 'ingestion_dag' retrieved from /opt/airflow/dags/ingestion_dag.py
[2026-01-04T22:51:34.250+0000] {logging_mixin.py:188} INFO - [2026-01-04T22:51:34.249+0000] {dag.py:3047} INFO - Sync 1 DAGs
[2026-01-04T22:51:34.475+0000] {logging_mixin.py:188} INFO - [2026-01-04T22:51:34.463+0000] {dag.py:3834} INFO - Setting next_dagrun for ingestion_dag to 2026-01-04 22:51:00+00:00, run_after=2026-01-04 22:52:00+00:00
[2026-01-04T22:51:34.565+0000] {processor.py:183} INFO - Processing /opt/airflow/dags/ingestion_dag.py took 12.828 seconds
[2026-01-04T23:53:05.286+0000] {processor.py:161} INFO - Started process (PID=45634) to work on /opt/airflow/dags/ingestion_dag.py
[2026-01-04T23:53:05.295+0000] {processor.py:830} INFO - Processing file /opt/airflow/dags/ingestion_dag.py for tasks to queue
[2026-01-04T23:53:05.303+0000] {logging_mixin.py:188} INFO - [2026-01-04T23:53:05.302+0000] {dagbag.py:540} INFO - Filling up the DagBag from /opt/airflow/dags/ingestion_dag.py
