[2026-01-04T00:07:39.567+0000] {processor.py:161} INFO - Started process (PID=42655) to work on /opt/airflow/dags/prediction_dag.py
[2026-01-04T00:07:39.583+0000] {processor.py:830} INFO - Processing file /opt/airflow/dags/prediction_dag.py for tasks to queue
[2026-01-04T00:07:39.601+0000] {logging_mixin.py:188} INFO - [2026-01-04T00:07:39.592+0000] {dagbag.py:540} INFO - Filling up the DagBag from /opt/airflow/dags/prediction_dag.py
[2026-01-04T00:07:39.764+0000] {processor.py:840} INFO - DAG(s) 'prediction_dag' retrieved from /opt/airflow/dags/prediction_dag.py
[2026-01-04T00:07:41.186+0000] {logging_mixin.py:188} INFO - [2026-01-04T00:07:41.182+0000] {dag.py:3047} INFO - Sync 1 DAGs
[2026-01-04T00:07:41.626+0000] {logging_mixin.py:188} INFO - [2026-01-04T00:07:41.623+0000] {dag.py:3834} INFO - Setting next_dagrun for prediction_dag to 2026-01-04 00:06:00+00:00, run_after=2026-01-04 00:08:00+00:00
[2026-01-04T00:07:42.016+0000] {processor.py:183} INFO - Processing /opt/airflow/dags/prediction_dag.py took 2.715 seconds
[2026-01-04T01:30:35.322+0000] {processor.py:161} INFO - Started process (PID=42771) to work on /opt/airflow/dags/prediction_dag.py
[2026-01-04T01:30:35.327+0000] {processor.py:830} INFO - Processing file /opt/airflow/dags/prediction_dag.py for tasks to queue
[2026-01-04T01:30:35.330+0000] {logging_mixin.py:188} INFO - [2026-01-04T01:30:35.329+0000] {dagbag.py:540} INFO - Filling up the DagBag from /opt/airflow/dags/prediction_dag.py
[2026-01-04T01:30:35.399+0000] {processor.py:840} INFO - DAG(s) 'prediction_dag' retrieved from /opt/airflow/dags/prediction_dag.py
[2026-01-04T01:30:35.556+0000] {logging_mixin.py:188} INFO - [2026-01-04T01:30:35.556+0000] {dag.py:3047} INFO - Sync 1 DAGs
[2026-01-04T01:30:35.703+0000] {logging_mixin.py:188} INFO - [2026-01-04T01:30:35.702+0000] {dag.py:3834} INFO - Setting next_dagrun for prediction_dag to 2026-01-04 01:30:00+00:00, run_after=2026-01-04 01:32:00+00:00
[2026-01-04T01:30:35.806+0000] {processor.py:183} INFO - Processing /opt/airflow/dags/prediction_dag.py took 0.493 seconds
[2026-01-04T03:09:21.755+0000] {processor.py:161} INFO - Started process (PID=42860) to work on /opt/airflow/dags/prediction_dag.py
[2026-01-04T03:09:21.785+0000] {processor.py:830} INFO - Processing file /opt/airflow/dags/prediction_dag.py for tasks to queue
[2026-01-04T03:09:21.794+0000] {logging_mixin.py:188} INFO - [2026-01-04T03:09:21.789+0000] {dagbag.py:540} INFO - Filling up the DagBag from /opt/airflow/dags/prediction_dag.py
[2026-01-04T03:09:22.010+0000] {processor.py:840} INFO - DAG(s) 'prediction_dag' retrieved from /opt/airflow/dags/prediction_dag.py
[2026-01-04T03:09:22.238+0000] {logging_mixin.py:188} INFO - [2026-01-04T03:09:22.237+0000] {dag.py:3047} INFO - Sync 1 DAGs
[2026-01-04T03:09:22.465+0000] {logging_mixin.py:188} INFO - [2026-01-04T03:09:22.464+0000] {dag.py:3834} INFO - Setting next_dagrun for prediction_dag to 2026-01-04 03:06:00+00:00, run_after=2026-01-04 03:08:00+00:00
[2026-01-04T03:09:22.649+0000] {processor.py:183} INFO - Processing /opt/airflow/dags/prediction_dag.py took 0.998 seconds
[2026-01-04T03:58:37.264+0000] {processor.py:161} INFO - Started process (PID=42951) to work on /opt/airflow/dags/prediction_dag.py
[2026-01-04T03:58:37.274+0000] {processor.py:830} INFO - Processing file /opt/airflow/dags/prediction_dag.py for tasks to queue
[2026-01-04T03:58:37.285+0000] {logging_mixin.py:188} INFO - [2026-01-04T03:58:37.279+0000] {dagbag.py:540} INFO - Filling up the DagBag from /opt/airflow/dags/prediction_dag.py
[2026-01-04T03:58:37.715+0000] {processor.py:840} INFO - DAG(s) 'prediction_dag' retrieved from /opt/airflow/dags/prediction_dag.py
[2026-01-04T03:58:38.293+0000] {logging_mixin.py:188} INFO - [2026-01-04T03:58:38.282+0000] {dag.py:3047} INFO - Sync 1 DAGs
[2026-01-04T03:58:38.626+0000] {logging_mixin.py:188} INFO - [2026-01-04T03:58:38.623+0000] {dag.py:3834} INFO - Setting next_dagrun for prediction_dag to 2026-01-04 03:58:00+00:00, run_after=2026-01-04 04:00:00+00:00
[2026-01-04T03:58:38.858+0000] {processor.py:183} INFO - Processing /opt/airflow/dags/prediction_dag.py took 1.685 seconds
[2026-01-04T05:03:16.098+0000] {processor.py:161} INFO - Started process (PID=42969) to work on /opt/airflow/dags/prediction_dag.py
[2026-01-04T05:03:16.103+0000] {processor.py:830} INFO - Processing file /opt/airflow/dags/prediction_dag.py for tasks to queue
[2026-01-04T05:03:16.112+0000] {logging_mixin.py:188} INFO - [2026-01-04T05:03:16.108+0000] {dagbag.py:540} INFO - Filling up the DagBag from /opt/airflow/dags/prediction_dag.py
[2026-01-04T05:03:16.374+0000] {processor.py:840} INFO - DAG(s) 'prediction_dag' retrieved from /opt/airflow/dags/prediction_dag.py
[2026-01-04T05:03:16.668+0000] {logging_mixin.py:188} INFO - [2026-01-04T05:03:16.658+0000] {dag.py:3047} INFO - Sync 1 DAGs
[2026-01-04T05:03:16.872+0000] {logging_mixin.py:188} INFO - [2026-01-04T05:03:16.871+0000] {dag.py:3834} INFO - Setting next_dagrun for prediction_dag to 2026-01-04 05:02:00+00:00, run_after=2026-01-04 05:04:00+00:00
[2026-01-04T05:03:17.001+0000] {processor.py:183} INFO - Processing /opt/airflow/dags/prediction_dag.py took 0.916 seconds
[2026-01-04T06:18:36.113+0000] {processor.py:161} INFO - Started process (PID=43057) to work on /opt/airflow/dags/prediction_dag.py
[2026-01-04T06:18:36.157+0000] {processor.py:830} INFO - Processing file /opt/airflow/dags/prediction_dag.py for tasks to queue
[2026-01-04T06:18:36.171+0000] {logging_mixin.py:188} INFO - [2026-01-04T06:18:36.164+0000] {dagbag.py:540} INFO - Filling up the DagBag from /opt/airflow/dags/prediction_dag.py
[2026-01-04T06:18:36.764+0000] {processor.py:840} INFO - DAG(s) 'prediction_dag' retrieved from /opt/airflow/dags/prediction_dag.py
[2026-01-04T06:18:36.962+0000] {logging_mixin.py:188} INFO - [2026-01-04T06:18:36.962+0000] {dag.py:3047} INFO - Sync 1 DAGs
[2026-01-04T06:18:37.074+0000] {logging_mixin.py:188} INFO - [2026-01-04T06:18:37.074+0000] {dag.py:3834} INFO - Setting next_dagrun for prediction_dag to 2026-01-04 06:18:00+00:00, run_after=2026-01-04 06:20:00+00:00
[2026-01-04T06:18:37.138+0000] {processor.py:183} INFO - Processing /opt/airflow/dags/prediction_dag.py took 1.106 seconds
[2026-01-04T07:30:42.756+0000] {processor.py:161} INFO - Started process (PID=43157) to work on /opt/airflow/dags/prediction_dag.py
[2026-01-04T07:30:42.759+0000] {processor.py:830} INFO - Processing file /opt/airflow/dags/prediction_dag.py for tasks to queue
[2026-01-04T07:30:42.767+0000] {logging_mixin.py:188} INFO - [2026-01-04T07:30:42.763+0000] {dagbag.py:540} INFO - Filling up the DagBag from /opt/airflow/dags/prediction_dag.py
[2026-01-04T07:30:42.936+0000] {processor.py:840} INFO - DAG(s) 'prediction_dag' retrieved from /opt/airflow/dags/prediction_dag.py
[2026-01-04T07:30:43.397+0000] {logging_mixin.py:188} INFO - [2026-01-04T07:30:43.390+0000] {dag.py:3047} INFO - Sync 1 DAGs
[2026-01-04T07:30:44.400+0000] {logging_mixin.py:188} INFO - [2026-01-04T07:30:44.398+0000] {dag.py:3834} INFO - Setting next_dagrun for prediction_dag to 2026-01-04 07:28:00+00:00, run_after=2026-01-04 07:30:00+00:00
[2026-01-04T07:30:44.725+0000] {processor.py:183} INFO - Processing /opt/airflow/dags/prediction_dag.py took 1.991 seconds
[2026-01-04T08:36:28.177+0000] {processor.py:161} INFO - Started process (PID=43253) to work on /opt/airflow/dags/prediction_dag.py
[2026-01-04T08:36:28.188+0000] {processor.py:830} INFO - Processing file /opt/airflow/dags/prediction_dag.py for tasks to queue
[2026-01-04T08:36:28.195+0000] {logging_mixin.py:188} INFO - [2026-01-04T08:36:28.192+0000] {dagbag.py:540} INFO - Filling up the DagBag from /opt/airflow/dags/prediction_dag.py
[2026-01-04T08:36:28.586+0000] {processor.py:840} INFO - DAG(s) 'prediction_dag' retrieved from /opt/airflow/dags/prediction_dag.py
[2026-01-04T08:36:29.289+0000] {logging_mixin.py:188} INFO - [2026-01-04T08:36:29.282+0000] {dag.py:3047} INFO - Sync 1 DAGs
[2026-01-04T08:36:29.512+0000] {logging_mixin.py:188} INFO - [2026-01-04T08:36:29.511+0000] {dag.py:3834} INFO - Setting next_dagrun for prediction_dag to 2026-01-04 08:34:00+00:00, run_after=2026-01-04 08:36:00+00:00
[2026-01-04T08:36:29.688+0000] {processor.py:183} INFO - Processing /opt/airflow/dags/prediction_dag.py took 1.559 seconds
[2026-01-04T09:20:43.750+0000] {processor.py:161} INFO - Started process (PID=43360) to work on /opt/airflow/dags/prediction_dag.py
[2026-01-04T09:20:43.759+0000] {processor.py:830} INFO - Processing file /opt/airflow/dags/prediction_dag.py for tasks to queue
[2026-01-04T09:20:43.768+0000] {logging_mixin.py:188} INFO - [2026-01-04T09:20:43.764+0000] {dagbag.py:540} INFO - Filling up the DagBag from /opt/airflow/dags/prediction_dag.py
[2026-01-04T09:20:43.967+0000] {processor.py:840} INFO - DAG(s) 'prediction_dag' retrieved from /opt/airflow/dags/prediction_dag.py
[2026-01-04T09:20:44.547+0000] {logging_mixin.py:188} INFO - [2026-01-04T09:20:44.535+0000] {dag.py:3047} INFO - Sync 1 DAGs
[2026-01-04T09:20:44.845+0000] {logging_mixin.py:188} INFO - [2026-01-04T09:20:44.837+0000] {dag.py:3834} INFO - Setting next_dagrun for prediction_dag to 2026-01-04 09:20:00+00:00, run_after=2026-01-04 09:22:00+00:00
[2026-01-04T09:20:45.036+0000] {processor.py:183} INFO - Processing /opt/airflow/dags/prediction_dag.py took 1.306 seconds
[2026-01-04T10:21:35.342+0000] {processor.py:161} INFO - Started process (PID=43423) to work on /opt/airflow/dags/prediction_dag.py
[2026-01-04T10:21:35.354+0000] {processor.py:830} INFO - Processing file /opt/airflow/dags/prediction_dag.py for tasks to queue
[2026-01-04T10:21:35.370+0000] {logging_mixin.py:188} INFO - [2026-01-04T10:21:35.369+0000] {dagbag.py:540} INFO - Filling up the DagBag from /opt/airflow/dags/prediction_dag.py
[2026-01-04T10:21:35.688+0000] {processor.py:840} INFO - DAG(s) 'prediction_dag' retrieved from /opt/airflow/dags/prediction_dag.py
[2026-01-04T10:21:36.422+0000] {logging_mixin.py:188} INFO - [2026-01-04T10:21:36.411+0000] {dag.py:3047} INFO - Sync 1 DAGs
[2026-01-04T10:21:36.729+0000] {logging_mixin.py:188} INFO - [2026-01-04T10:21:36.728+0000] {dag.py:3834} INFO - Setting next_dagrun for prediction_dag to 2026-01-04 10:18:00+00:00, run_after=2026-01-04 10:20:00+00:00
[2026-01-04T10:21:37.042+0000] {processor.py:183} INFO - Processing /opt/airflow/dags/prediction_dag.py took 1.778 seconds
[2026-01-04T11:22:34.313+0000] {processor.py:161} INFO - Started process (PID=43496) to work on /opt/airflow/dags/prediction_dag.py
[2026-01-04T11:22:34.339+0000] {processor.py:830} INFO - Processing file /opt/airflow/dags/prediction_dag.py for tasks to queue
[2026-01-04T11:22:34.361+0000] {logging_mixin.py:188} INFO - [2026-01-04T11:22:34.354+0000] {dagbag.py:540} INFO - Filling up the DagBag from /opt/airflow/dags/prediction_dag.py
[2026-01-04T11:22:34.478+0000] {processor.py:840} INFO - DAG(s) 'prediction_dag' retrieved from /opt/airflow/dags/prediction_dag.py
[2026-01-04T11:22:35.088+0000] {logging_mixin.py:188} INFO - [2026-01-04T11:22:35.087+0000] {dag.py:3047} INFO - Sync 1 DAGs
[2026-01-04T11:22:35.396+0000] {logging_mixin.py:188} INFO - [2026-01-04T11:22:35.393+0000] {dag.py:3834} INFO - Setting next_dagrun for prediction_dag to 2026-01-04 11:20:00+00:00, run_after=2026-01-04 11:22:00+00:00
[2026-01-04T11:22:35.582+0000] {processor.py:183} INFO - Processing /opt/airflow/dags/prediction_dag.py took 1.306 seconds
[2026-01-04T11:23:06.849+0000] {processor.py:161} INFO - Started process (PID=43560) to work on /opt/airflow/dags/prediction_dag.py
[2026-01-04T11:23:06.854+0000] {processor.py:830} INFO - Processing file /opt/airflow/dags/prediction_dag.py for tasks to queue
[2026-01-04T11:23:06.858+0000] {logging_mixin.py:188} INFO - [2026-01-04T11:23:06.857+0000] {dagbag.py:540} INFO - Filling up the DagBag from /opt/airflow/dags/prediction_dag.py
[2026-01-04T11:23:06.998+0000] {processor.py:840} INFO - DAG(s) 'prediction_dag' retrieved from /opt/airflow/dags/prediction_dag.py
[2026-01-04T11:23:07.216+0000] {logging_mixin.py:188} INFO - [2026-01-04T11:23:07.216+0000] {dag.py:3047} INFO - Sync 1 DAGs
[2026-01-04T11:23:07.346+0000] {logging_mixin.py:188} INFO - [2026-01-04T11:23:07.346+0000] {dag.py:3834} INFO - Setting next_dagrun for prediction_dag to 2026-01-04 11:22:00+00:00, run_after=2026-01-04 11:24:00+00:00
[2026-01-04T11:23:07.403+0000] {processor.py:183} INFO - Processing /opt/airflow/dags/prediction_dag.py took 0.584 seconds
[2026-01-04T12:11:53.287+0000] {processor.py:161} INFO - Started process (PID=43632) to work on /opt/airflow/dags/prediction_dag.py
[2026-01-04T12:11:53.294+0000] {processor.py:830} INFO - Processing file /opt/airflow/dags/prediction_dag.py for tasks to queue
[2026-01-04T12:11:53.306+0000] {logging_mixin.py:188} INFO - [2026-01-04T12:11:53.304+0000] {dagbag.py:540} INFO - Filling up the DagBag from /opt/airflow/dags/prediction_dag.py
[2026-01-04T12:11:53.470+0000] {processor.py:840} INFO - DAG(s) 'prediction_dag' retrieved from /opt/airflow/dags/prediction_dag.py
[2026-01-04T12:11:53.689+0000] {logging_mixin.py:188} INFO - [2026-01-04T12:11:53.688+0000] {dag.py:3047} INFO - Sync 1 DAGs
[2026-01-04T12:11:53.784+0000] {logging_mixin.py:188} INFO - [2026-01-04T12:11:53.783+0000] {dag.py:3834} INFO - Setting next_dagrun for prediction_dag to 2026-01-04 12:10:00+00:00, run_after=2026-01-04 12:12:00+00:00
[2026-01-04T12:11:53.865+0000] {processor.py:183} INFO - Processing /opt/airflow/dags/prediction_dag.py took 0.599 seconds
[2026-01-04T12:55:09.653+0000] {processor.py:161} INFO - Started process (PID=43726) to work on /opt/airflow/dags/prediction_dag.py
[2026-01-04T12:55:09.659+0000] {processor.py:830} INFO - Processing file /opt/airflow/dags/prediction_dag.py for tasks to queue
[2026-01-04T12:55:09.664+0000] {logging_mixin.py:188} INFO - [2026-01-04T12:55:09.662+0000] {dagbag.py:540} INFO - Filling up the DagBag from /opt/airflow/dags/prediction_dag.py
[2026-01-04T12:55:10.237+0000] {processor.py:840} INFO - DAG(s) 'prediction_dag' retrieved from /opt/airflow/dags/prediction_dag.py
[2026-01-04T12:55:10.678+0000] {logging_mixin.py:188} INFO - [2026-01-04T12:55:10.676+0000] {dag.py:3047} INFO - Sync 1 DAGs
[2026-01-04T12:55:10.932+0000] {logging_mixin.py:188} INFO - [2026-01-04T12:55:10.927+0000] {dag.py:3834} INFO - Setting next_dagrun for prediction_dag to 2026-01-04 12:54:00+00:00, run_after=2026-01-04 12:56:00+00:00
[2026-01-04T12:55:11.176+0000] {processor.py:183} INFO - Processing /opt/airflow/dags/prediction_dag.py took 1.549 seconds
[2026-01-04T13:24:53.516+0000] {processor.py:161} INFO - Started process (PID=43822) to work on /opt/airflow/dags/prediction_dag.py
[2026-01-04T13:24:53.537+0000] {processor.py:830} INFO - Processing file /opt/airflow/dags/prediction_dag.py for tasks to queue
[2026-01-04T13:24:53.559+0000] {logging_mixin.py:188} INFO - [2026-01-04T13:24:53.548+0000] {dagbag.py:540} INFO - Filling up the DagBag from /opt/airflow/dags/prediction_dag.py
[2026-01-04T13:24:54.041+0000] {processor.py:840} INFO - DAG(s) 'prediction_dag' retrieved from /opt/airflow/dags/prediction_dag.py
[2026-01-04T13:24:54.629+0000] {logging_mixin.py:188} INFO - [2026-01-04T13:24:54.624+0000] {dag.py:3047} INFO - Sync 1 DAGs
[2026-01-04T13:24:54.952+0000] {logging_mixin.py:188} INFO - [2026-01-04T13:24:54.951+0000] {dag.py:3834} INFO - Setting next_dagrun for prediction_dag to 2026-01-04 13:24:00+00:00, run_after=2026-01-04 13:26:00+00:00
[2026-01-04T13:24:55.144+0000] {processor.py:183} INFO - Processing /opt/airflow/dags/prediction_dag.py took 1.676 seconds
[2026-01-04T14:25:38.478+0000] {processor.py:161} INFO - Started process (PID=43907) to work on /opt/airflow/dags/prediction_dag.py
[2026-01-04T14:25:38.484+0000] {processor.py:830} INFO - Processing file /opt/airflow/dags/prediction_dag.py for tasks to queue
[2026-01-04T14:25:38.491+0000] {logging_mixin.py:188} INFO - [2026-01-04T14:25:38.488+0000] {dagbag.py:540} INFO - Filling up the DagBag from /opt/airflow/dags/prediction_dag.py
[2026-01-04T14:25:38.595+0000] {processor.py:840} INFO - DAG(s) 'prediction_dag' retrieved from /opt/airflow/dags/prediction_dag.py
[2026-01-04T14:25:38.774+0000] {logging_mixin.py:188} INFO - [2026-01-04T14:25:38.774+0000] {dag.py:3047} INFO - Sync 1 DAGs
[2026-01-04T14:25:39.021+0000] {logging_mixin.py:188} INFO - [2026-01-04T14:25:39.017+0000] {dag.py:3834} INFO - Setting next_dagrun for prediction_dag to 2026-01-04 14:24:00+00:00, run_after=2026-01-04 14:26:00+00:00
[2026-01-04T14:25:39.293+0000] {processor.py:183} INFO - Processing /opt/airflow/dags/prediction_dag.py took 0.828 seconds
[2026-01-04T14:41:21.421+0000] {processor.py:161} INFO - Started process (PID=44027) to work on /opt/airflow/dags/prediction_dag.py
[2026-01-04T14:41:21.427+0000] {processor.py:830} INFO - Processing file /opt/airflow/dags/prediction_dag.py for tasks to queue
[2026-01-04T14:41:21.434+0000] {logging_mixin.py:188} INFO - [2026-01-04T14:41:21.433+0000] {dagbag.py:540} INFO - Filling up the DagBag from /opt/airflow/dags/prediction_dag.py
[2026-01-04T14:41:21.541+0000] {processor.py:840} INFO - DAG(s) 'prediction_dag' retrieved from /opt/airflow/dags/prediction_dag.py
[2026-01-04T14:41:21.771+0000] {logging_mixin.py:188} INFO - [2026-01-04T14:41:21.768+0000] {dag.py:3047} INFO - Sync 1 DAGs
[2026-01-04T14:41:22.116+0000] {logging_mixin.py:188} INFO - [2026-01-04T14:41:22.115+0000] {dag.py:3834} INFO - Setting next_dagrun for prediction_dag to 2026-01-04 14:40:00+00:00, run_after=2026-01-04 14:42:00+00:00
[2026-01-04T14:41:22.321+0000] {processor.py:183} INFO - Processing /opt/airflow/dags/prediction_dag.py took 0.916 seconds
[2026-01-04T14:41:54.979+0000] {processor.py:161} INFO - Started process (PID=44122) to work on /opt/airflow/dags/prediction_dag.py
[2026-01-04T14:41:55.032+0000] {processor.py:830} INFO - Processing file /opt/airflow/dags/prediction_dag.py for tasks to queue
[2026-01-04T14:41:55.067+0000] {logging_mixin.py:188} INFO - [2026-01-04T14:41:55.055+0000] {dagbag.py:540} INFO - Filling up the DagBag from /opt/airflow/dags/prediction_dag.py
[2026-01-04T14:41:56.650+0000] {processor.py:840} INFO - DAG(s) 'prediction_dag' retrieved from /opt/airflow/dags/prediction_dag.py
[2026-01-04T14:41:58.318+0000] {logging_mixin.py:188} INFO - [2026-01-04T14:41:58.303+0000] {dag.py:3047} INFO - Sync 1 DAGs
[2026-01-04T14:41:59.120+0000] {logging_mixin.py:188} INFO - [2026-01-04T14:41:59.117+0000] {dag.py:3834} INFO - Setting next_dagrun for prediction_dag to 2026-01-04 14:40:00+00:00, run_after=2026-01-04 14:42:00+00:00
[2026-01-04T14:41:59.558+0000] {processor.py:183} INFO - Processing /opt/airflow/dags/prediction_dag.py took 4.969 seconds
[2026-01-04T15:14:56.124+0000] {processor.py:161} INFO - Started process (PID=44249) to work on /opt/airflow/dags/prediction_dag.py
[2026-01-04T15:14:56.135+0000] {processor.py:830} INFO - Processing file /opt/airflow/dags/prediction_dag.py for tasks to queue
[2026-01-04T15:14:56.142+0000] {logging_mixin.py:188} INFO - [2026-01-04T15:14:56.139+0000] {dagbag.py:540} INFO - Filling up the DagBag from /opt/airflow/dags/prediction_dag.py
[2026-01-04T15:14:56.197+0000] {processor.py:840} INFO - DAG(s) 'prediction_dag' retrieved from /opt/airflow/dags/prediction_dag.py
[2026-01-04T15:14:56.343+0000] {logging_mixin.py:188} INFO - [2026-01-04T15:14:56.343+0000] {dag.py:3047} INFO - Sync 1 DAGs
[2026-01-04T15:14:56.433+0000] {logging_mixin.py:188} INFO - [2026-01-04T15:14:56.432+0000] {dag.py:3834} INFO - Setting next_dagrun for prediction_dag to 2026-01-04 15:12:00+00:00, run_after=2026-01-04 15:14:00+00:00
[2026-01-04T15:14:56.502+0000] {processor.py:183} INFO - Processing /opt/airflow/dags/prediction_dag.py took 0.389 seconds
[2026-01-04T15:27:06.442+0000] {processor.py:161} INFO - Started process (PID=44366) to work on /opt/airflow/dags/prediction_dag.py
[2026-01-04T15:27:06.463+0000] {processor.py:830} INFO - Processing file /opt/airflow/dags/prediction_dag.py for tasks to queue
[2026-01-04T15:27:06.473+0000] {logging_mixin.py:188} INFO - [2026-01-04T15:27:06.472+0000] {dagbag.py:540} INFO - Filling up the DagBag from /opt/airflow/dags/prediction_dag.py
[2026-01-04T15:27:06.661+0000] {processor.py:840} INFO - DAG(s) 'prediction_dag' retrieved from /opt/airflow/dags/prediction_dag.py
[2026-01-04T15:27:06.877+0000] {logging_mixin.py:188} INFO - [2026-01-04T15:27:06.875+0000] {dag.py:3047} INFO - Sync 1 DAGs
[2026-01-04T15:27:07.121+0000] {logging_mixin.py:188} INFO - [2026-01-04T15:27:07.120+0000] {dag.py:3834} INFO - Setting next_dagrun for prediction_dag to 2026-01-04 15:26:00+00:00, run_after=2026-01-04 15:28:00+00:00
[2026-01-04T15:27:07.347+0000] {processor.py:183} INFO - Processing /opt/airflow/dags/prediction_dag.py took 0.945 seconds
[2026-01-04T16:00:15.672+0000] {processor.py:161} INFO - Started process (PID=44482) to work on /opt/airflow/dags/prediction_dag.py
[2026-01-04T16:00:15.690+0000] {processor.py:830} INFO - Processing file /opt/airflow/dags/prediction_dag.py for tasks to queue
[2026-01-04T16:00:15.697+0000] {logging_mixin.py:188} INFO - [2026-01-04T16:00:15.694+0000] {dagbag.py:540} INFO - Filling up the DagBag from /opt/airflow/dags/prediction_dag.py
[2026-01-04T16:00:15.947+0000] {processor.py:840} INFO - DAG(s) 'prediction_dag' retrieved from /opt/airflow/dags/prediction_dag.py
[2026-01-04T16:00:16.300+0000] {logging_mixin.py:188} INFO - [2026-01-04T16:00:16.295+0000] {dag.py:3047} INFO - Sync 1 DAGs
[2026-01-04T16:00:16.514+0000] {logging_mixin.py:188} INFO - [2026-01-04T16:00:16.512+0000] {dag.py:3834} INFO - Setting next_dagrun for prediction_dag to 2026-01-04 16:00:00+00:00, run_after=2026-01-04 16:02:00+00:00
[2026-01-04T16:00:16.638+0000] {processor.py:183} INFO - Processing /opt/airflow/dags/prediction_dag.py took 1.001 seconds
[2026-01-04T16:15:43.141+0000] {processor.py:161} INFO - Started process (PID=44590) to work on /opt/airflow/dags/prediction_dag.py
[2026-01-04T16:15:43.157+0000] {processor.py:830} INFO - Processing file /opt/airflow/dags/prediction_dag.py for tasks to queue
[2026-01-04T16:15:43.183+0000] {logging_mixin.py:188} INFO - [2026-01-04T16:15:43.173+0000] {dagbag.py:540} INFO - Filling up the DagBag from /opt/airflow/dags/prediction_dag.py
[2026-01-04T16:15:43.516+0000] {processor.py:840} INFO - DAG(s) 'prediction_dag' retrieved from /opt/airflow/dags/prediction_dag.py
[2026-01-04T16:15:43.910+0000] {logging_mixin.py:188} INFO - [2026-01-04T16:15:43.907+0000] {dag.py:3047} INFO - Sync 1 DAGs
[2026-01-04T16:15:44.289+0000] {logging_mixin.py:188} INFO - [2026-01-04T16:15:44.287+0000] {dag.py:3834} INFO - Setting next_dagrun for prediction_dag to 2026-01-04 16:14:00+00:00, run_after=2026-01-04 16:16:00+00:00
[2026-01-04T16:15:44.546+0000] {processor.py:183} INFO - Processing /opt/airflow/dags/prediction_dag.py took 1.436 seconds
[2026-01-04T16:27:47.546+0000] {processor.py:161} INFO - Started process (PID=44680) to work on /opt/airflow/dags/prediction_dag.py
[2026-01-04T16:27:47.574+0000] {processor.py:830} INFO - Processing file /opt/airflow/dags/prediction_dag.py for tasks to queue
[2026-01-04T16:27:47.597+0000] {logging_mixin.py:188} INFO - [2026-01-04T16:27:47.588+0000] {dagbag.py:540} INFO - Filling up the DagBag from /opt/airflow/dags/prediction_dag.py
[2026-01-04T16:27:48.485+0000] {processor.py:840} INFO - DAG(s) 'prediction_dag' retrieved from /opt/airflow/dags/prediction_dag.py
[2026-01-04T16:27:50.312+0000] {logging_mixin.py:188} INFO - [2026-01-04T16:27:50.291+0000] {dag.py:3047} INFO - Sync 1 DAGs
[2026-01-04T16:27:51.961+0000] {logging_mixin.py:188} INFO - [2026-01-04T16:27:51.945+0000] {dag.py:3834} INFO - Setting next_dagrun for prediction_dag to 2026-01-04 16:24:00+00:00, run_after=2026-01-04 16:26:00+00:00
[2026-01-04T16:27:52.462+0000] {processor.py:183} INFO - Processing /opt/airflow/dags/prediction_dag.py took 5.064 seconds
[2026-01-04T17:00:25.145+0000] {processor.py:161} INFO - Started process (PID=44700) to work on /opt/airflow/dags/prediction_dag.py
[2026-01-04T17:00:25.150+0000] {processor.py:830} INFO - Processing file /opt/airflow/dags/prediction_dag.py for tasks to queue
[2026-01-04T17:00:25.157+0000] {logging_mixin.py:188} INFO - [2026-01-04T17:00:25.156+0000] {dagbag.py:540} INFO - Filling up the DagBag from /opt/airflow/dags/prediction_dag.py
[2026-01-04T17:00:25.317+0000] {processor.py:840} INFO - DAG(s) 'prediction_dag' retrieved from /opt/airflow/dags/prediction_dag.py
[2026-01-04T17:00:25.435+0000] {logging_mixin.py:188} INFO - [2026-01-04T17:00:25.435+0000] {taskinstance.py:2733} ERROR - {'DAG Id': 'prediction_dag', 'Task Id': 'make_predictions', 'Run Id': 'scheduled__2026-01-04T16:00:00+00:00', 'Hostname': '8fa1ffc51a9f'}
[2026-01-04T17:00:25.485+0000] {logging_mixin.py:188} INFO - [2026-01-04T17:00:25.485+0000] {taskinstance.py:1149} INFO - Marking task as FAILED. dag_id=prediction_dag, task_id=make_predictions, execution_date=20260104T160000, start_date=20260104T161557, end_date=20260104T170025
[2026-01-04T17:00:25.512+0000] {processor.py:791} INFO - Executed failure callback for <TaskInstance: prediction_dag.make_predictions scheduled__2026-01-04T16:00:00+00:00 [failed]> in state failed
[2026-01-04T17:00:25.520+0000] {logging_mixin.py:188} INFO - [2026-01-04T17:00:25.519+0000] {taskinstance.py:2733} ERROR - {'DAG Id': 'prediction_dag', 'Task Id': 'make_predictions', 'Run Id': 'scheduled__2026-01-04T16:12:00+00:00', 'Hostname': '8fa1ffc51a9f'}
[2026-01-04T17:00:25.549+0000] {logging_mixin.py:188} INFO - [2026-01-04T17:00:25.547+0000] {taskinstance.py:1149} INFO - Marking task as FAILED. dag_id=prediction_dag, task_id=make_predictions, execution_date=20260104T161200, start_date=20260104T161558, end_date=20260104T170025
[2026-01-04T17:00:25.554+0000] {processor.py:791} INFO - Executed failure callback for <TaskInstance: prediction_dag.make_predictions scheduled__2026-01-04T16:12:00+00:00 [failed]> in state failed
[2026-01-04T17:00:25.560+0000] {logging_mixin.py:188} INFO - [2026-01-04T17:00:25.560+0000] {taskinstance.py:2733} ERROR - {'DAG Id': 'prediction_dag', 'Task Id': 'check_for_new_data', 'Run Id': 'scheduled__2026-01-04T16:14:00+00:00', 'Hostname': '8fa1ffc51a9f'}
[2026-01-04T17:00:25.579+0000] {logging_mixin.py:188} INFO - [2026-01-04T17:00:25.579+0000] {taskinstance.py:1149} INFO - Marking task as FAILED. dag_id=prediction_dag, task_id=check_for_new_data, execution_date=20260104T161400, start_date=20260104T161608, end_date=20260104T170025
[2026-01-04T17:00:25.583+0000] {processor.py:791} INFO - Executed failure callback for <TaskInstance: prediction_dag.check_for_new_data scheduled__2026-01-04T16:14:00+00:00 [failed]> in state failed
[2026-01-04T17:00:25.703+0000] {logging_mixin.py:188} INFO - [2026-01-04T17:00:25.700+0000] {dag.py:3047} INFO - Sync 1 DAGs
[2026-01-04T17:00:25.767+0000] {logging_mixin.py:188} INFO - [2026-01-04T17:00:25.767+0000] {dag.py:3834} INFO - Setting next_dagrun for prediction_dag to 2026-01-04 17:00:00+00:00, run_after=2026-01-04 17:02:00+00:00
[2026-01-04T17:00:25.814+0000] {processor.py:183} INFO - Processing /opt/airflow/dags/prediction_dag.py took 0.688 seconds
[2026-01-04T18:01:42.898+0000] {processor.py:161} INFO - Started process (PID=44795) to work on /opt/airflow/dags/prediction_dag.py
[2026-01-04T18:01:42.908+0000] {processor.py:830} INFO - Processing file /opt/airflow/dags/prediction_dag.py for tasks to queue
[2026-01-04T18:01:42.912+0000] {logging_mixin.py:188} INFO - [2026-01-04T18:01:42.911+0000] {dagbag.py:540} INFO - Filling up the DagBag from /opt/airflow/dags/prediction_dag.py
[2026-01-04T18:01:43.058+0000] {processor.py:840} INFO - DAG(s) 'prediction_dag' retrieved from /opt/airflow/dags/prediction_dag.py
[2026-01-04T18:01:43.622+0000] {logging_mixin.py:188} INFO - [2026-01-04T18:01:43.621+0000] {dag.py:3047} INFO - Sync 1 DAGs
[2026-01-04T18:01:43.816+0000] {logging_mixin.py:188} INFO - [2026-01-04T18:01:43.816+0000] {dag.py:3834} INFO - Setting next_dagrun for prediction_dag to 2026-01-04 18:00:00+00:00, run_after=2026-01-04 18:02:00+00:00
[2026-01-04T18:01:44.069+0000] {processor.py:183} INFO - Processing /opt/airflow/dags/prediction_dag.py took 1.201 seconds
[2026-01-04T19:03:16.686+0000] {processor.py:161} INFO - Started process (PID=44921) to work on /opt/airflow/dags/prediction_dag.py
[2026-01-04T19:03:16.714+0000] {processor.py:830} INFO - Processing file /opt/airflow/dags/prediction_dag.py for tasks to queue
[2026-01-04T19:03:16.762+0000] {logging_mixin.py:188} INFO - [2026-01-04T19:03:16.720+0000] {dagbag.py:540} INFO - Filling up the DagBag from /opt/airflow/dags/prediction_dag.py
[2026-01-04T19:03:16.961+0000] {processor.py:840} INFO - DAG(s) 'prediction_dag' retrieved from /opt/airflow/dags/prediction_dag.py
[2026-01-04T19:03:17.664+0000] {logging_mixin.py:188} INFO - [2026-01-04T19:03:17.658+0000] {dag.py:3047} INFO - Sync 1 DAGs
[2026-01-04T19:03:17.956+0000] {logging_mixin.py:188} INFO - [2026-01-04T19:03:17.949+0000] {dag.py:3834} INFO - Setting next_dagrun for prediction_dag to 2026-01-04 19:02:00+00:00, run_after=2026-01-04 19:04:00+00:00
[2026-01-04T19:03:18.133+0000] {processor.py:183} INFO - Processing /opt/airflow/dags/prediction_dag.py took 1.464 seconds
[2026-01-04T19:30:35.456+0000] {processor.py:161} INFO - Started process (PID=45006) to work on /opt/airflow/dags/prediction_dag.py
[2026-01-04T19:30:35.463+0000] {processor.py:830} INFO - Processing file /opt/airflow/dags/prediction_dag.py for tasks to queue
[2026-01-04T19:30:35.471+0000] {logging_mixin.py:188} INFO - [2026-01-04T19:30:35.470+0000] {dagbag.py:540} INFO - Filling up the DagBag from /opt/airflow/dags/prediction_dag.py
[2026-01-04T19:30:35.598+0000] {processor.py:840} INFO - DAG(s) 'prediction_dag' retrieved from /opt/airflow/dags/prediction_dag.py
[2026-01-04T19:30:35.841+0000] {logging_mixin.py:188} INFO - [2026-01-04T19:30:35.839+0000] {dag.py:3047} INFO - Sync 1 DAGs
[2026-01-04T19:30:36.009+0000] {logging_mixin.py:188} INFO - [2026-01-04T19:30:36.008+0000] {dag.py:3834} INFO - Setting next_dagrun for prediction_dag to 2026-01-04 19:28:00+00:00, run_after=2026-01-04 19:30:00+00:00
[2026-01-04T19:30:36.117+0000] {processor.py:183} INFO - Processing /opt/airflow/dags/prediction_dag.py took 0.708 seconds
[2026-01-04T20:20:35.678+0000] {processor.py:161} INFO - Started process (PID=45134) to work on /opt/airflow/dags/prediction_dag.py
[2026-01-04T20:20:35.689+0000] {processor.py:830} INFO - Processing file /opt/airflow/dags/prediction_dag.py for tasks to queue
[2026-01-04T20:20:35.699+0000] {logging_mixin.py:188} INFO - [2026-01-04T20:20:35.697+0000] {dagbag.py:540} INFO - Filling up the DagBag from /opt/airflow/dags/prediction_dag.py
[2026-01-04T20:20:35.825+0000] {processor.py:840} INFO - DAG(s) 'prediction_dag' retrieved from /opt/airflow/dags/prediction_dag.py
[2026-01-04T20:20:36.059+0000] {logging_mixin.py:188} INFO - [2026-01-04T20:20:36.052+0000] {dag.py:3047} INFO - Sync 1 DAGs
[2026-01-04T20:20:36.305+0000] {logging_mixin.py:188} INFO - [2026-01-04T20:20:36.304+0000] {dag.py:3834} INFO - Setting next_dagrun for prediction_dag to 2026-01-04 20:20:00+00:00, run_after=2026-01-04 20:22:00+00:00
[2026-01-04T20:20:36.462+0000] {processor.py:183} INFO - Processing /opt/airflow/dags/prediction_dag.py took 0.816 seconds
[2026-01-04T20:46:49.199+0000] {processor.py:161} INFO - Started process (PID=45230) to work on /opt/airflow/dags/prediction_dag.py
[2026-01-04T20:46:49.216+0000] {processor.py:830} INFO - Processing file /opt/airflow/dags/prediction_dag.py for tasks to queue
[2026-01-04T20:46:49.231+0000] {logging_mixin.py:188} INFO - [2026-01-04T20:46:49.227+0000] {dagbag.py:540} INFO - Filling up the DagBag from /opt/airflow/dags/prediction_dag.py
[2026-01-04T20:46:49.883+0000] {processor.py:840} INFO - DAG(s) 'prediction_dag' retrieved from /opt/airflow/dags/prediction_dag.py
[2026-01-04T20:46:51.017+0000] {logging_mixin.py:188} INFO - [2026-01-04T20:46:51.010+0000] {dag.py:3047} INFO - Sync 1 DAGs
[2026-01-04T20:46:52.321+0000] {logging_mixin.py:188} INFO - [2026-01-04T20:46:52.241+0000] {dag.py:3834} INFO - Setting next_dagrun for prediction_dag to 2026-01-04 20:46:00+00:00, run_after=2026-01-04 20:48:00+00:00
[2026-01-04T20:46:52.674+0000] {processor.py:183} INFO - Processing /opt/airflow/dags/prediction_dag.py took 3.709 seconds
[2026-01-04T20:47:26.511+0000] {processor.py:161} INFO - Started process (PID=45338) to work on /opt/airflow/dags/prediction_dag.py
[2026-01-04T20:47:26.518+0000] {processor.py:830} INFO - Processing file /opt/airflow/dags/prediction_dag.py for tasks to queue
[2026-01-04T20:47:26.570+0000] {logging_mixin.py:188} INFO - [2026-01-04T20:47:26.522+0000] {dagbag.py:540} INFO - Filling up the DagBag from /opt/airflow/dags/prediction_dag.py
[2026-01-04T20:47:26.686+0000] {processor.py:840} INFO - DAG(s) 'prediction_dag' retrieved from /opt/airflow/dags/prediction_dag.py
[2026-01-04T20:47:26.871+0000] {logging_mixin.py:188} INFO - [2026-01-04T20:47:26.870+0000] {dag.py:3047} INFO - Sync 1 DAGs
[2026-01-04T20:47:27.052+0000] {logging_mixin.py:188} INFO - [2026-01-04T20:47:27.051+0000] {dag.py:3834} INFO - Setting next_dagrun for prediction_dag to 2026-01-04 20:46:00+00:00, run_after=2026-01-04 20:48:00+00:00
[2026-01-04T20:47:27.207+0000] {processor.py:183} INFO - Processing /opt/airflow/dags/prediction_dag.py took 0.728 seconds
[2026-01-04T21:32:34.538+0000] {processor.py:161} INFO - Started process (PID=45414) to work on /opt/airflow/dags/prediction_dag.py
[2026-01-04T21:32:34.544+0000] {processor.py:830} INFO - Processing file /opt/airflow/dags/prediction_dag.py for tasks to queue
[2026-01-04T21:32:34.548+0000] {logging_mixin.py:188} INFO - [2026-01-04T21:32:34.547+0000] {dagbag.py:540} INFO - Filling up the DagBag from /opt/airflow/dags/prediction_dag.py
[2026-01-04T21:32:34.954+0000] {processor.py:840} INFO - DAG(s) 'prediction_dag' retrieved from /opt/airflow/dags/prediction_dag.py
[2026-01-04T21:32:36.106+0000] {logging_mixin.py:188} INFO - [2026-01-04T21:32:36.106+0000] {dag.py:3047} INFO - Sync 1 DAGs
[2026-01-04T21:32:36.181+0000] {logging_mixin.py:188} INFO - [2026-01-04T21:32:36.180+0000] {dag.py:3834} INFO - Setting next_dagrun for prediction_dag to 2026-01-04 21:32:00+00:00, run_after=2026-01-04 21:34:00+00:00
[2026-01-04T21:32:36.231+0000] {processor.py:183} INFO - Processing /opt/airflow/dags/prediction_dag.py took 1.709 seconds
[2026-01-04T22:51:21.730+0000] {processor.py:161} INFO - Started process (PID=45519) to work on /opt/airflow/dags/prediction_dag.py
[2026-01-04T22:51:21.738+0000] {processor.py:830} INFO - Processing file /opt/airflow/dags/prediction_dag.py for tasks to queue
[2026-01-04T22:51:21.741+0000] {logging_mixin.py:188} INFO - [2026-01-04T22:51:21.741+0000] {dagbag.py:540} INFO - Filling up the DagBag from /opt/airflow/dags/prediction_dag.py
[2026-01-04T22:51:21.838+0000] {processor.py:840} INFO - DAG(s) 'prediction_dag' retrieved from /opt/airflow/dags/prediction_dag.py
[2026-01-04T22:51:22.105+0000] {logging_mixin.py:188} INFO - [2026-01-04T22:51:22.104+0000] {dag.py:3047} INFO - Sync 1 DAGs
[2026-01-04T22:51:22.532+0000] {logging_mixin.py:188} INFO - [2026-01-04T22:51:22.532+0000] {dag.py:3834} INFO - Setting next_dagrun for prediction_dag to 2026-01-04 22:50:00+00:00, run_after=2026-01-04 22:52:00+00:00
[2026-01-04T22:51:22.641+0000] {processor.py:183} INFO - Processing /opt/airflow/dags/prediction_dag.py took 0.920 seconds
[2026-01-04T23:53:05.302+0000] {processor.py:161} INFO - Started process (PID=45637) to work on /opt/airflow/dags/prediction_dag.py
[2026-01-04T23:53:05.307+0000] {processor.py:830} INFO - Processing file /opt/airflow/dags/prediction_dag.py for tasks to queue
[2026-01-04T23:53:05.315+0000] {logging_mixin.py:188} INFO - [2026-01-04T23:53:05.313+0000] {dagbag.py:540} INFO - Filling up the DagBag from /opt/airflow/dags/prediction_dag.py
[2026-01-04T23:53:05.550+0000] {processor.py:840} INFO - DAG(s) 'prediction_dag' retrieved from /opt/airflow/dags/prediction_dag.py
[2026-01-04T23:53:05.808+0000] {logging_mixin.py:188} INFO - [2026-01-04T23:53:05.806+0000] {dag.py:3047} INFO - Sync 1 DAGs
[2026-01-04T23:53:06.049+0000] {logging_mixin.py:188} INFO - [2026-01-04T23:53:06.048+0000] {dag.py:3834} INFO - Setting next_dagrun for prediction_dag to 2026-01-04 23:50:00+00:00, run_after=2026-01-04 23:52:00+00:00
[2026-01-04T23:53:06.149+0000] {processor.py:183} INFO - Processing /opt/airflow/dags/prediction_dag.py took 0.867 seconds
