[2026-01-07T14:16:16.994+0000] {taskinstance.py:1979} INFO - Dependencies all met for dep_context=non-requeueable deps ti=<TaskInstance: prediction_dag.make_predictions scheduled__2026-01-07T14:04:00+00:00 [queued]>
[2026-01-07T14:16:17.028+0000] {taskinstance.py:1979} INFO - Dependencies all met for dep_context=requeueable deps ti=<TaskInstance: prediction_dag.make_predictions scheduled__2026-01-07T14:04:00+00:00 [queued]>
[2026-01-07T14:16:17.030+0000] {taskinstance.py:2193} INFO - Starting attempt 1 of 2
[2026-01-07T14:16:17.097+0000] {taskinstance.py:2217} INFO - Executing <Task(PythonOperator): make_predictions> on 2026-01-07 14:04:00+00:00
[2026-01-07T14:16:17.162+0000] {standard_task_runner.py:60} INFO - Started process 60859 to run task
[2026-01-07T14:16:17.200+0000] {standard_task_runner.py:87} INFO - Running: ['airflow', 'tasks', 'run', 'prediction_dag', 'make_predictions', 'scheduled__2026-01-07T14:04:00+00:00', '--job-id', '24758', '--raw', '--subdir', 'DAGS_FOLDER/prediction_dag.py', '--cfg-path', '/tmp/tmpckjomj_r']
[2026-01-07T14:16:17.221+0000] {standard_task_runner.py:88} INFO - Job 24758: Subtask make_predictions
[2026-01-07T14:16:17.574+0000] {task_command.py:423} INFO - Running <TaskInstance: prediction_dag.make_predictions scheduled__2026-01-07T14:04:00+00:00 [running]> on host 8fa1ffc51a9f
[2026-01-07T14:16:18.258+0000] {taskinstance.py:2513} INFO - Exporting env vars: AIRFLOW_CTX_DAG_OWNER='airflow' AIRFLOW_CTX_DAG_ID='prediction_dag' AIRFLOW_CTX_TASK_ID='make_predictions' AIRFLOW_CTX_EXECUTION_DATE='2026-01-07T14:04:00+00:00' AIRFLOW_CTX_TRY_NUMBER='1' AIRFLOW_CTX_DAG_RUN_ID='scheduled__2026-01-07T14:04:00+00:00'
[2026-01-07T14:16:18.306+0000] {logging_mixin.py:188} INFO - 
[INFO] Processing → raw_0290_good.csv
[2026-01-07T14:16:18.497+0000] {logging_mixin.py:188} INFO - [INFO] Saved predictions → /opt/airflow/data/predictions/pred_raw_0290_good.csv
[2026-01-07T14:16:18.569+0000] {logging_mixin.py:188} INFO - 
[INFO] Processing → raw_0840_good.csv
[2026-01-07T14:16:18.643+0000] {logging_mixin.py:188} INFO - [INFO] Saved predictions → /opt/airflow/data/predictions/pred_raw_0840_good.csv
[2026-01-07T14:16:18.649+0000] {logging_mixin.py:188} INFO - 
[INFO] Processing → raw_2787_good.csv
[2026-01-07T14:16:18.711+0000] {logging_mixin.py:188} INFO - [INFO] Saved predictions → /opt/airflow/data/predictions/pred_raw_2787_good.csv
[2026-01-07T14:16:18.717+0000] {logging_mixin.py:188} INFO - 
[INFO] Processing → raw_3889_good.csv
[2026-01-07T14:16:18.819+0000] {logging_mixin.py:188} INFO - [INFO] Saved predictions → /opt/airflow/data/predictions/pred_raw_3889_good.csv
[2026-01-07T14:16:18.823+0000] {python.py:202} INFO - Done. Returned value was: None
[2026-01-07T14:16:18.882+0000] {taskinstance.py:1149} INFO - Marking task as SUCCESS. dag_id=prediction_dag, task_id=make_predictions, execution_date=20260107T140400, start_date=20260107T141616, end_date=20260107T141618
[2026-01-07T14:16:18.972+0000] {local_task_job_runner.py:234} INFO - Task exited with return code 0
[2026-01-07T14:16:19.074+0000] {taskinstance.py:3312} INFO - 1 downstream tasks scheduled from follow-on schedule check
