[2026-01-05T17:20:01.733+0000] {taskinstance.py:1979} INFO - Dependencies all met for dep_context=non-requeueable deps ti=<TaskInstance: prediction_dag.make_predictions scheduled__2026-01-05T17:18:00+00:00 [queued]>
[2026-01-05T17:20:01.738+0000] {taskinstance.py:1979} INFO - Dependencies all met for dep_context=requeueable deps ti=<TaskInstance: prediction_dag.make_predictions scheduled__2026-01-05T17:18:00+00:00 [queued]>
[2026-01-05T17:20:01.738+0000] {taskinstance.py:2193} INFO - Starting attempt 1 of 2
[2026-01-05T17:20:01.744+0000] {taskinstance.py:2217} INFO - Executing <Task(PythonOperator): make_predictions> on 2026-01-05 17:18:00+00:00
[2026-01-05T17:20:01.747+0000] {standard_task_runner.py:60} INFO - Started process 66093 to run task
[2026-01-05T17:20:01.750+0000] {standard_task_runner.py:87} INFO - Running: ['airflow', 'tasks', 'run', 'prediction_dag', 'make_predictions', 'scheduled__2026-01-05T17:18:00+00:00', '--job-id', '17351', '--raw', '--subdir', 'DAGS_FOLDER/prediction_dag.py', '--cfg-path', '/tmp/tmpxxw93c_g']
[2026-01-05T17:20:01.751+0000] {standard_task_runner.py:88} INFO - Job 17351: Subtask make_predictions
[2026-01-05T17:20:01.785+0000] {task_command.py:423} INFO - Running <TaskInstance: prediction_dag.make_predictions scheduled__2026-01-05T17:18:00+00:00 [running]> on host 8fa1ffc51a9f
[2026-01-05T17:20:02.046+0000] {taskinstance.py:2513} INFO - Exporting env vars: AIRFLOW_CTX_DAG_OWNER='airflow' AIRFLOW_CTX_DAG_ID='prediction_dag' AIRFLOW_CTX_TASK_ID='make_predictions' AIRFLOW_CTX_EXECUTION_DATE='2026-01-05T17:18:00+00:00' AIRFLOW_CTX_TRY_NUMBER='1' AIRFLOW_CTX_DAG_RUN_ID='scheduled__2026-01-05T17:18:00+00:00'
[2026-01-05T17:20:02.066+0000] {logging_mixin.py:188} INFO - 
[INFO] Processing → raw_3961_good.csv
[2026-01-05T17:20:02.140+0000] {logging_mixin.py:188} INFO - [INFO] Saved predictions → /opt/airflow/data/predictions/pred_raw_3961_good.csv
[2026-01-05T17:20:02.153+0000] {logging_mixin.py:188} INFO - 
[INFO] Processing → raw_4246_good.csv
[2026-01-05T17:20:02.176+0000] {logging_mixin.py:188} INFO - [INFO] Saved predictions → /opt/airflow/data/predictions/pred_raw_4246_good.csv
[2026-01-05T17:20:02.177+0000] {logging_mixin.py:188} INFO - 
[INFO] Processing → raw_4643_good.csv
[2026-01-05T17:20:02.201+0000] {logging_mixin.py:188} INFO - [INFO] Saved predictions → /opt/airflow/data/predictions/pred_raw_4643_good.csv
[2026-01-05T17:20:02.203+0000] {python.py:202} INFO - Done. Returned value was: None
[2026-01-05T17:20:02.213+0000] {taskinstance.py:1149} INFO - Marking task as SUCCESS. dag_id=prediction_dag, task_id=make_predictions, execution_date=20260105T171800, start_date=20260105T172001, end_date=20260105T172002
[2026-01-05T17:20:02.294+0000] {local_task_job_runner.py:234} INFO - Task exited with return code 0
[2026-01-05T17:20:02.332+0000] {taskinstance.py:3312} INFO - 1 downstream tasks scheduled from follow-on schedule check
