[2026-01-08T19:25:18.604+0000] {taskinstance.py:1979} INFO - Dependencies all met for dep_context=non-requeueable deps ti=<TaskInstance: prediction_dag.make_predictions scheduled__2026-01-08T19:08:00+00:00 [queued]>
[2026-01-08T19:25:18.617+0000] {taskinstance.py:1979} INFO - Dependencies all met for dep_context=requeueable deps ti=<TaskInstance: prediction_dag.make_predictions scheduled__2026-01-08T19:08:00+00:00 [queued]>
[2026-01-08T19:25:18.618+0000] {taskinstance.py:2193} INFO - Starting attempt 1 of 2
[2026-01-08T19:25:18.635+0000] {taskinstance.py:2217} INFO - Executing <Task(PythonOperator): make_predictions> on 2026-01-08 19:08:00+00:00
[2026-01-08T19:25:18.642+0000] {standard_task_runner.py:60} INFO - Started process 43045 to run task
[2026-01-08T19:25:18.646+0000] {standard_task_runner.py:87} INFO - Running: ['airflow', 'tasks', 'run', 'prediction_dag', 'make_predictions', 'scheduled__2026-01-08T19:08:00+00:00', '--job-id', '31158', '--raw', '--subdir', 'DAGS_FOLDER/prediction_dag.py', '--cfg-path', '/tmp/tmpr251d7jh']
[2026-01-08T19:25:18.655+0000] {standard_task_runner.py:88} INFO - Job 31158: Subtask make_predictions
[2026-01-08T19:25:18.823+0000] {task_command.py:423} INFO - Running <TaskInstance: prediction_dag.make_predictions scheduled__2026-01-08T19:08:00+00:00 [running]> on host 8fa1ffc51a9f
[2026-01-08T19:25:19.781+0000] {taskinstance.py:2513} INFO - Exporting env vars: AIRFLOW_CTX_DAG_OWNER='airflow' AIRFLOW_CTX_DAG_ID='prediction_dag' AIRFLOW_CTX_TASK_ID='make_predictions' AIRFLOW_CTX_EXECUTION_DATE='2026-01-08T19:08:00+00:00' AIRFLOW_CTX_TRY_NUMBER='1' AIRFLOW_CTX_DAG_RUN_ID='scheduled__2026-01-08T19:08:00+00:00'
[2026-01-08T19:25:19.840+0000] {logging_mixin.py:188} INFO - 
[INFO] Processing → raw_0967_good.csv
[2026-01-08T19:25:20.020+0000] {logging_mixin.py:188} INFO - [INFO] Saved predictions → /opt/airflow/data/predictions/pred_raw_0967_good.csv
[2026-01-08T19:25:20.047+0000] {logging_mixin.py:188} INFO - 
[INFO] Processing → raw_4660_good.csv
[2026-01-08T19:25:20.107+0000] {logging_mixin.py:188} INFO - [INFO] Saved predictions → /opt/airflow/data/predictions/pred_raw_4660_good.csv
[2026-01-08T19:25:20.110+0000] {logging_mixin.py:188} INFO - 
[INFO] Processing → raw_5828_good.csv
[2026-01-08T19:25:20.167+0000] {logging_mixin.py:188} INFO - [INFO] Saved predictions → /opt/airflow/data/predictions/pred_raw_5828_good.csv
[2026-01-08T19:25:20.176+0000] {python.py:202} INFO - Done. Returned value was: None
[2026-01-08T19:25:20.220+0000] {taskinstance.py:1149} INFO - Marking task as SUCCESS. dag_id=prediction_dag, task_id=make_predictions, execution_date=20260108T190800, start_date=20260108T192518, end_date=20260108T192520
[2026-01-08T19:25:20.293+0000] {local_task_job_runner.py:234} INFO - Task exited with return code 0
[2026-01-08T19:25:20.391+0000] {taskinstance.py:3312} INFO - 0 downstream tasks scheduled from follow-on schedule check
