[2026-01-08T06:58:01.646+0000] {taskinstance.py:1979} INFO - Dependencies all met for dep_context=non-requeueable deps ti=<TaskInstance: prediction_dag.make_predictions scheduled__2026-01-08T06:24:00+00:00 [queued]>
[2026-01-08T06:58:01.673+0000] {taskinstance.py:1979} INFO - Dependencies all met for dep_context=requeueable deps ti=<TaskInstance: prediction_dag.make_predictions scheduled__2026-01-08T06:24:00+00:00 [queued]>
[2026-01-08T06:58:01.675+0000] {taskinstance.py:2193} INFO - Starting attempt 1 of 2
[2026-01-08T06:58:01.729+0000] {taskinstance.py:2217} INFO - Executing <Task(PythonOperator): make_predictions> on 2026-01-08 06:24:00+00:00
[2026-01-08T06:58:01.754+0000] {standard_task_runner.py:60} INFO - Started process 3212 to run task
[2026-01-08T06:58:01.778+0000] {standard_task_runner.py:87} INFO - Running: ['airflow', 'tasks', 'run', 'prediction_dag', 'make_predictions', 'scheduled__2026-01-08T06:24:00+00:00', '--job-id', '28024', '--raw', '--subdir', 'DAGS_FOLDER/prediction_dag.py', '--cfg-path', '/tmp/tmp9kmupgw1']
[2026-01-08T06:58:01.796+0000] {standard_task_runner.py:88} INFO - Job 28024: Subtask make_predictions
[2026-01-08T06:58:02.152+0000] {task_command.py:423} INFO - Running <TaskInstance: prediction_dag.make_predictions scheduled__2026-01-08T06:24:00+00:00 [running]> on host 8fa1ffc51a9f
[2026-01-08T06:58:04.210+0000] {taskinstance.py:2513} INFO - Exporting env vars: AIRFLOW_CTX_DAG_OWNER='airflow' AIRFLOW_CTX_DAG_ID='prediction_dag' AIRFLOW_CTX_TASK_ID='make_predictions' AIRFLOW_CTX_EXECUTION_DATE='2026-01-08T06:24:00+00:00' AIRFLOW_CTX_TRY_NUMBER='1' AIRFLOW_CTX_DAG_RUN_ID='scheduled__2026-01-08T06:24:00+00:00'
[2026-01-08T06:58:04.439+0000] {logging_mixin.py:188} INFO - 
[INFO] Processing → raw_3902_good.csv
[2026-01-08T06:58:06.418+0000] {logging_mixin.py:188} INFO - [INFO] Saved predictions → /opt/airflow/data/predictions/pred_raw_3902_good.csv
[2026-01-08T06:58:07.067+0000] {logging_mixin.py:188} INFO - 
[INFO] Processing → raw_4809_good.csv
[2026-01-08T06:58:07.561+0000] {logging_mixin.py:188} INFO - [INFO] Saved predictions → /opt/airflow/data/predictions/pred_raw_4809_good.csv
[2026-01-08T06:58:07.630+0000] {logging_mixin.py:188} INFO - 
[INFO] Processing → raw_5532_good.csv
[2026-01-08T06:58:08.547+0000] {logging_mixin.py:188} INFO - [INFO] Saved predictions → /opt/airflow/data/predictions/pred_raw_5532_good.csv
[2026-01-08T06:58:08.614+0000] {python.py:202} INFO - Done. Returned value was: None
[2026-01-08T06:58:08.860+0000] {taskinstance.py:1149} INFO - Marking task as SUCCESS. dag_id=prediction_dag, task_id=make_predictions, execution_date=20260108T062400, start_date=20260108T065801, end_date=20260108T065808
[2026-01-08T06:58:09.261+0000] {local_task_job_runner.py:234} INFO - Task exited with return code 0
[2026-01-08T06:58:09.782+0000] {taskinstance.py:3312} INFO - 0 downstream tasks scheduled from follow-on schedule check
