[2026-01-09T08:24:04.639+0000] {taskinstance.py:1979} INFO - Dependencies all met for dep_context=non-requeueable deps ti=<TaskInstance: prediction_dag.make_predictions scheduled__2026-01-09T08:22:00+00:00 [queued]>
[2026-01-09T08:24:04.646+0000] {taskinstance.py:1979} INFO - Dependencies all met for dep_context=requeueable deps ti=<TaskInstance: prediction_dag.make_predictions scheduled__2026-01-09T08:22:00+00:00 [queued]>
[2026-01-09T08:24:04.646+0000] {taskinstance.py:2193} INFO - Starting attempt 1 of 2
[2026-01-09T08:24:04.655+0000] {taskinstance.py:2217} INFO - Executing <Task(PythonOperator): make_predictions> on 2026-01-09 08:22:00+00:00
[2026-01-09T08:24:04.666+0000] {standard_task_runner.py:60} INFO - Started process 55384 to run task
[2026-01-09T08:24:04.670+0000] {standard_task_runner.py:87} INFO - Running: ['airflow', 'tasks', 'run', 'prediction_dag', 'make_predictions', 'scheduled__2026-01-09T08:22:00+00:00', '--job-id', '32242', '--raw', '--subdir', 'DAGS_FOLDER/prediction_dag.py', '--cfg-path', '/tmp/tmphb2_gt30']
[2026-01-09T08:24:04.673+0000] {standard_task_runner.py:88} INFO - Job 32242: Subtask make_predictions
[2026-01-09T08:24:04.751+0000] {task_command.py:423} INFO - Running <TaskInstance: prediction_dag.make_predictions scheduled__2026-01-09T08:22:00+00:00 [running]> on host 8fa1ffc51a9f
[2026-01-09T08:24:05.369+0000] {taskinstance.py:2513} INFO - Exporting env vars: AIRFLOW_CTX_DAG_OWNER='airflow' AIRFLOW_CTX_DAG_ID='prediction_dag' AIRFLOW_CTX_TASK_ID='make_predictions' AIRFLOW_CTX_EXECUTION_DATE='2026-01-09T08:22:00+00:00' AIRFLOW_CTX_TRY_NUMBER='1' AIRFLOW_CTX_DAG_RUN_ID='scheduled__2026-01-09T08:22:00+00:00'
[2026-01-09T08:24:05.395+0000] {logging_mixin.py:188} INFO - 
[INFO] Processing → raw_3365_good.csv
[2026-01-09T08:24:05.614+0000] {logging_mixin.py:188} INFO - [INFO] Saved predictions → /opt/airflow/data/predictions/pred_raw_3365_good.csv
[2026-01-09T08:24:05.662+0000] {logging_mixin.py:188} INFO - 
[INFO] Processing → raw_3792_good.csv
[2026-01-09T08:24:05.715+0000] {logging_mixin.py:188} INFO - [INFO] Saved predictions → /opt/airflow/data/predictions/pred_raw_3792_good.csv
[2026-01-09T08:24:05.722+0000] {logging_mixin.py:188} INFO - 
[INFO] Processing → raw_5489_good.csv
[2026-01-09T08:24:05.763+0000] {logging_mixin.py:188} INFO - [INFO] Saved predictions → /opt/airflow/data/predictions/pred_raw_5489_good.csv
[2026-01-09T08:24:05.766+0000] {python.py:202} INFO - Done. Returned value was: None
[2026-01-09T08:24:05.787+0000] {taskinstance.py:1149} INFO - Marking task as SUCCESS. dag_id=prediction_dag, task_id=make_predictions, execution_date=20260109T082200, start_date=20260109T082404, end_date=20260109T082405
[2026-01-09T08:24:05.843+0000] {local_task_job_runner.py:234} INFO - Task exited with return code 0
[2026-01-09T08:24:05.903+0000] {taskinstance.py:3312} INFO - 1 downstream tasks scheduled from follow-on schedule check
