[2026-01-07T12:52:02.176+0000] {taskinstance.py:1979} INFO - Dependencies all met for dep_context=non-requeueable deps ti=<TaskInstance: prediction_dag.make_predictions scheduled__2026-01-07T12:50:00+00:00 [queued]>
[2026-01-07T12:52:02.181+0000] {taskinstance.py:1979} INFO - Dependencies all met for dep_context=requeueable deps ti=<TaskInstance: prediction_dag.make_predictions scheduled__2026-01-07T12:50:00+00:00 [queued]>
[2026-01-07T12:52:02.181+0000] {taskinstance.py:2193} INFO - Starting attempt 1 of 2
[2026-01-07T12:52:02.243+0000] {taskinstance.py:2217} INFO - Executing <Task(PythonOperator): make_predictions> on 2026-01-07 12:50:00+00:00
[2026-01-07T12:52:02.250+0000] {standard_task_runner.py:60} INFO - Started process 57531 to run task
[2026-01-07T12:52:02.256+0000] {standard_task_runner.py:87} INFO - Running: ['airflow', 'tasks', 'run', 'prediction_dag', 'make_predictions', 'scheduled__2026-01-07T12:50:00+00:00', '--job-id', '24476', '--raw', '--subdir', 'DAGS_FOLDER/prediction_dag.py', '--cfg-path', '/tmp/tmp605zch31']
[2026-01-07T12:52:02.274+0000] {standard_task_runner.py:88} INFO - Job 24476: Subtask make_predictions
[2026-01-07T12:52:02.316+0000] {task_command.py:423} INFO - Running <TaskInstance: prediction_dag.make_predictions scheduled__2026-01-07T12:50:00+00:00 [running]> on host 8fa1ffc51a9f
[2026-01-07T12:52:02.566+0000] {taskinstance.py:2513} INFO - Exporting env vars: AIRFLOW_CTX_DAG_OWNER='airflow' AIRFLOW_CTX_DAG_ID='prediction_dag' AIRFLOW_CTX_TASK_ID='make_predictions' AIRFLOW_CTX_EXECUTION_DATE='2026-01-07T12:50:00+00:00' AIRFLOW_CTX_TRY_NUMBER='1' AIRFLOW_CTX_DAG_RUN_ID='scheduled__2026-01-07T12:50:00+00:00'
[2026-01-07T12:52:02.579+0000] {logging_mixin.py:188} INFO - 
[INFO] Processing → raw_0574_good.csv
[2026-01-07T12:52:02.770+0000] {logging_mixin.py:188} INFO - [INFO] Saved predictions → /opt/airflow/data/predictions/pred_raw_0574_good.csv
[2026-01-07T12:52:02.789+0000] {logging_mixin.py:188} INFO - 
[INFO] Processing → raw_1323_good.csv
[2026-01-07T12:52:02.827+0000] {logging_mixin.py:188} INFO - [INFO] Saved predictions → /opt/airflow/data/predictions/pred_raw_1323_good.csv
[2026-01-07T12:52:02.829+0000] {logging_mixin.py:188} INFO - 
[INFO] Processing → raw_1927_good.csv
[2026-01-07T12:52:02.859+0000] {logging_mixin.py:188} INFO - [INFO] Saved predictions → /opt/airflow/data/predictions/pred_raw_1927_good.csv
[2026-01-07T12:52:02.861+0000] {logging_mixin.py:188} INFO - 
[INFO] Processing → raw_5954_good.csv
[2026-01-07T12:52:02.881+0000] {logging_mixin.py:188} INFO - [INFO] Saved predictions → /opt/airflow/data/predictions/pred_raw_5954_good.csv
[2026-01-07T12:52:02.882+0000] {python.py:202} INFO - Done. Returned value was: None
[2026-01-07T12:52:02.893+0000] {taskinstance.py:1149} INFO - Marking task as SUCCESS. dag_id=prediction_dag, task_id=make_predictions, execution_date=20260107T125000, start_date=20260107T125202, end_date=20260107T125202
[2026-01-07T12:52:02.913+0000] {local_task_job_runner.py:234} INFO - Task exited with return code 0
[2026-01-07T12:52:02.940+0000] {taskinstance.py:3312} INFO - 1 downstream tasks scheduled from follow-on schedule check
