[2026-01-08T07:31:45.358+0000] {taskinstance.py:1979} INFO - Dependencies all met for dep_context=non-requeueable deps ti=<TaskInstance: prediction_dag.cleanup_files scheduled__2026-01-08T06:58:00+00:00 [queued]>
[2026-01-08T07:31:45.491+0000] {taskinstance.py:1979} INFO - Dependencies all met for dep_context=requeueable deps ti=<TaskInstance: prediction_dag.cleanup_files scheduled__2026-01-08T06:58:00+00:00 [queued]>
[2026-01-08T07:31:45.500+0000] {taskinstance.py:2193} INFO - Starting attempt 2 of 2
[2026-01-08T07:31:45.690+0000] {taskinstance.py:2217} INFO - Executing <Task(PythonOperator): cleanup_files> on 2026-01-08 06:58:00+00:00
[2026-01-08T07:31:45.781+0000] {standard_task_runner.py:60} INFO - Started process 3516 to run task
[2026-01-08T07:31:45.887+0000] {standard_task_runner.py:87} INFO - Running: ['airflow', 'tasks', 'run', 'prediction_dag', 'cleanup_files', 'scheduled__2026-01-08T06:58:00+00:00', '--job-id', '28058', '--raw', '--subdir', 'DAGS_FOLDER/prediction_dag.py', '--cfg-path', '/tmp/tmp1t9fblbq']
[2026-01-08T07:31:45.936+0000] {standard_task_runner.py:88} INFO - Job 28058: Subtask cleanup_files
[2026-01-08T07:31:47.438+0000] {task_command.py:423} INFO - Running <TaskInstance: prediction_dag.cleanup_files scheduled__2026-01-08T06:58:00+00:00 [running]> on host 8fa1ffc51a9f
[2026-01-08T07:31:50.280+0000] {taskinstance.py:2513} INFO - Exporting env vars: AIRFLOW_CTX_DAG_OWNER='airflow' AIRFLOW_CTX_DAG_ID='prediction_dag' AIRFLOW_CTX_TASK_ID='cleanup_files' AIRFLOW_CTX_EXECUTION_DATE='2026-01-08T06:58:00+00:00' AIRFLOW_CTX_TRY_NUMBER='2' AIRFLOW_CTX_DAG_RUN_ID='scheduled__2026-01-08T06:58:00+00:00'
[2026-01-08T07:31:50.415+0000] {taskinstance.py:2731} ERROR - Task failed with exception
Traceback (most recent call last):
  File "/home/airflow/.local/lib/python3.10/site-packages/airflow/models/taskinstance.py", line 444, in _execute_task
    result = _execute_callable(context=context, **execute_callable_kwargs)
  File "/home/airflow/.local/lib/python3.10/site-packages/airflow/models/taskinstance.py", line 414, in _execute_callable
    return execute_callable(context=context, **execute_callable_kwargs)
  File "/home/airflow/.local/lib/python3.10/site-packages/airflow/operators/python.py", line 200, in execute
    return_value = self.execute_callable()
  File "/home/airflow/.local/lib/python3.10/site-packages/airflow/operators/python.py", line 217, in execute_callable
    return self.python_callable(*self.op_args, **self.op_kwargs)
  File "/opt/airflow/dags/prediction_dag.py", line 166, in cleanup
    os.remove(fp)
FileNotFoundError: [Errno 2] No such file or directory: '/opt/airflow/data/good_data/raw_3894_good.csv'
[2026-01-08T07:31:50.475+0000] {taskinstance.py:1149} INFO - Marking task as FAILED. dag_id=prediction_dag, task_id=cleanup_files, execution_date=20260108T065800, start_date=20260108T073145, end_date=20260108T073150
[2026-01-08T07:31:50.606+0000] {standard_task_runner.py:107} ERROR - Failed to execute job 28058 for task cleanup_files ([Errno 2] No such file or directory: '/opt/airflow/data/good_data/raw_3894_good.csv'; 3516)
[2026-01-08T07:31:50.693+0000] {local_task_job_runner.py:234} INFO - Task exited with return code 1
[2026-01-08T07:31:50.854+0000] {taskinstance.py:3312} INFO - 0 downstream tasks scheduled from follow-on schedule check
