[2026-01-09T10:24:02.923+0000] {taskinstance.py:1979} INFO - Dependencies all met for dep_context=non-requeueable deps ti=<TaskInstance: prediction_dag.make_predictions scheduled__2026-01-09T10:22:00+00:00 [queued]>
[2026-01-09T10:24:02.929+0000] {taskinstance.py:1979} INFO - Dependencies all met for dep_context=requeueable deps ti=<TaskInstance: prediction_dag.make_predictions scheduled__2026-01-09T10:22:00+00:00 [queued]>
[2026-01-09T10:24:02.930+0000] {taskinstance.py:2193} INFO - Starting attempt 1 of 2
[2026-01-09T10:24:02.939+0000] {taskinstance.py:2217} INFO - Executing <Task(PythonOperator): make_predictions> on 2026-01-09 10:22:00+00:00
[2026-01-09T10:24:02.943+0000] {standard_task_runner.py:60} INFO - Started process 57532 to run task
[2026-01-09T10:24:02.946+0000] {standard_task_runner.py:87} INFO - Running: ['airflow', 'tasks', 'run', 'prediction_dag', 'make_predictions', 'scheduled__2026-01-09T10:22:00+00:00', '--job-id', '32417', '--raw', '--subdir', 'DAGS_FOLDER/prediction_dag.py', '--cfg-path', '/tmp/tmpzo5_kaic']
[2026-01-09T10:24:02.949+0000] {standard_task_runner.py:88} INFO - Job 32417: Subtask make_predictions
[2026-01-09T10:24:02.994+0000] {task_command.py:423} INFO - Running <TaskInstance: prediction_dag.make_predictions scheduled__2026-01-09T10:22:00+00:00 [running]> on host 8fa1ffc51a9f
[2026-01-09T10:24:03.249+0000] {taskinstance.py:2513} INFO - Exporting env vars: AIRFLOW_CTX_DAG_OWNER='airflow' AIRFLOW_CTX_DAG_ID='prediction_dag' AIRFLOW_CTX_TASK_ID='make_predictions' AIRFLOW_CTX_EXECUTION_DATE='2026-01-09T10:22:00+00:00' AIRFLOW_CTX_TRY_NUMBER='1' AIRFLOW_CTX_DAG_RUN_ID='scheduled__2026-01-09T10:22:00+00:00'
[2026-01-09T10:24:03.259+0000] {logging_mixin.py:188} INFO - 
[INFO] Processing → raw_0374_good.csv
[2026-01-09T10:24:03.354+0000] {logging_mixin.py:188} INFO - [INFO] Saved predictions → /opt/airflow/data/predictions/pred_raw_0374_good.csv
[2026-01-09T10:24:03.368+0000] {logging_mixin.py:188} INFO - 
[INFO] Processing → raw_1807_good.csv
[2026-01-09T10:24:03.386+0000] {logging_mixin.py:188} INFO - [INFO] Saved predictions → /opt/airflow/data/predictions/pred_raw_1807_good.csv
[2026-01-09T10:24:03.388+0000] {logging_mixin.py:188} INFO - 
[INFO] Processing → raw_1841_good.csv
[2026-01-09T10:24:03.403+0000] {logging_mixin.py:188} INFO - [INFO] Saved predictions → /opt/airflow/data/predictions/pred_raw_1841_good.csv
[2026-01-09T10:24:03.404+0000] {logging_mixin.py:188} INFO - 
[INFO] Processing → raw_2572_good.csv
[2026-01-09T10:24:03.418+0000] {logging_mixin.py:188} INFO - [INFO] Saved predictions → /opt/airflow/data/predictions/pred_raw_2572_good.csv
[2026-01-09T10:24:03.419+0000] {logging_mixin.py:188} INFO - 
[INFO] Processing → raw_5019_good.csv
[2026-01-09T10:24:03.433+0000] {logging_mixin.py:188} INFO - [INFO] Saved predictions → /opt/airflow/data/predictions/pred_raw_5019_good.csv
[2026-01-09T10:24:03.434+0000] {logging_mixin.py:188} INFO - 
[INFO] Processing → raw_5885_good.csv
[2026-01-09T10:24:03.452+0000] {logging_mixin.py:188} INFO - [INFO] Saved predictions → /opt/airflow/data/predictions/pred_raw_5885_good.csv
[2026-01-09T10:24:03.453+0000] {python.py:202} INFO - Done. Returned value was: None
[2026-01-09T10:24:03.462+0000] {taskinstance.py:1149} INFO - Marking task as SUCCESS. dag_id=prediction_dag, task_id=make_predictions, execution_date=20260109T102200, start_date=20260109T102402, end_date=20260109T102403
[2026-01-09T10:24:03.497+0000] {local_task_job_runner.py:234} INFO - Task exited with return code 0
[2026-01-09T10:24:03.520+0000] {taskinstance.py:3312} INFO - 1 downstream tasks scheduled from follow-on schedule check
