[2026-01-05T14:44:01.420+0000] {taskinstance.py:1979} INFO - Dependencies all met for dep_context=non-requeueable deps ti=<TaskInstance: prediction_dag.make_predictions scheduled__2026-01-05T14:42:00+00:00 [queued]>
[2026-01-05T14:44:01.424+0000] {taskinstance.py:1979} INFO - Dependencies all met for dep_context=requeueable deps ti=<TaskInstance: prediction_dag.make_predictions scheduled__2026-01-05T14:42:00+00:00 [queued]>
[2026-01-05T14:44:01.424+0000] {taskinstance.py:2193} INFO - Starting attempt 1 of 2
[2026-01-05T14:44:01.431+0000] {taskinstance.py:2217} INFO - Executing <Task(PythonOperator): make_predictions> on 2026-01-05 14:42:00+00:00
[2026-01-05T14:44:01.434+0000] {standard_task_runner.py:60} INFO - Started process 59922 to run task
[2026-01-05T14:44:01.436+0000] {standard_task_runner.py:87} INFO - Running: ['airflow', 'tasks', 'run', 'prediction_dag', 'make_predictions', 'scheduled__2026-01-05T14:42:00+00:00', '--job-id', '16830', '--raw', '--subdir', 'DAGS_FOLDER/prediction_dag.py', '--cfg-path', '/tmp/tmpd2gbdvp2']
[2026-01-05T14:44:01.438+0000] {standard_task_runner.py:88} INFO - Job 16830: Subtask make_predictions
[2026-01-05T14:44:01.486+0000] {task_command.py:423} INFO - Running <TaskInstance: prediction_dag.make_predictions scheduled__2026-01-05T14:42:00+00:00 [running]> on host 8fa1ffc51a9f
[2026-01-05T14:44:01.686+0000] {taskinstance.py:2513} INFO - Exporting env vars: AIRFLOW_CTX_DAG_OWNER='airflow' AIRFLOW_CTX_DAG_ID='prediction_dag' AIRFLOW_CTX_TASK_ID='make_predictions' AIRFLOW_CTX_EXECUTION_DATE='2026-01-05T14:42:00+00:00' AIRFLOW_CTX_TRY_NUMBER='1' AIRFLOW_CTX_DAG_RUN_ID='scheduled__2026-01-05T14:42:00+00:00'
[2026-01-05T14:44:01.697+0000] {logging_mixin.py:188} INFO - 
[INFO] Processing → raw_0497_good.csv
[2026-01-05T14:44:01.760+0000] {logging_mixin.py:188} INFO - [INFO] Saved predictions → /opt/airflow/data/predictions/pred_raw_0497_good.csv
[2026-01-05T14:44:01.770+0000] {logging_mixin.py:188} INFO - 
[INFO] Processing → raw_2772_good.csv
[2026-01-05T14:44:01.792+0000] {logging_mixin.py:188} INFO - [INFO] Saved predictions → /opt/airflow/data/predictions/pred_raw_2772_good.csv
[2026-01-05T14:44:01.793+0000] {logging_mixin.py:188} INFO - 
[INFO] Processing → raw_4287_good.csv
[2026-01-05T14:44:01.812+0000] {logging_mixin.py:188} INFO - [INFO] Saved predictions → /opt/airflow/data/predictions/pred_raw_4287_good.csv
[2026-01-05T14:44:01.813+0000] {python.py:202} INFO - Done. Returned value was: None
[2026-01-05T14:44:01.822+0000] {taskinstance.py:1149} INFO - Marking task as SUCCESS. dag_id=prediction_dag, task_id=make_predictions, execution_date=20260105T144200, start_date=20260105T144401, end_date=20260105T144401
[2026-01-05T14:44:01.866+0000] {local_task_job_runner.py:234} INFO - Task exited with return code 0
[2026-01-05T14:44:01.886+0000] {taskinstance.py:3312} INFO - 1 downstream tasks scheduled from follow-on schedule check
