[2025-12-18T11:24:50.707+0000] {taskinstance.py:1979} INFO - Dependencies all met for dep_context=non-requeueable deps ti=<TaskInstance: prediction_dag.make_predictions scheduled__2025-12-18T11:16:00+00:00 [queued]>
[2025-12-18T11:24:50.721+0000] {taskinstance.py:1979} INFO - Dependencies all met for dep_context=requeueable deps ti=<TaskInstance: prediction_dag.make_predictions scheduled__2025-12-18T11:16:00+00:00 [queued]>
[2025-12-18T11:24:50.722+0000] {taskinstance.py:2193} INFO - Starting attempt 1 of 2
[2025-12-18T11:24:50.745+0000] {taskinstance.py:2217} INFO - Executing <Task(PythonOperator): make_predictions> on 2025-12-18 11:16:00+00:00
[2025-12-18T11:24:50.773+0000] {standard_task_runner.py:60} INFO - Started process 10111 to run task
[2025-12-18T11:24:50.819+0000] {standard_task_runner.py:87} INFO - Running: ['airflow', 'tasks', 'run', 'prediction_dag', 'make_predictions', 'scheduled__2025-12-18T11:16:00+00:00', '--job-id', '8443', '--raw', '--subdir', 'DAGS_FOLDER/prediction_dag.py', '--cfg-path', '/tmp/tmp07eawrby']
[2025-12-18T11:24:50.827+0000] {standard_task_runner.py:88} INFO - Job 8443: Subtask make_predictions
[2025-12-18T11:24:50.971+0000] {task_command.py:423} INFO - Running <TaskInstance: prediction_dag.make_predictions scheduled__2025-12-18T11:16:00+00:00 [running]> on host 40dacded1950
[2025-12-18T11:24:51.541+0000] {taskinstance.py:2513} INFO - Exporting env vars: AIRFLOW_CTX_DAG_OWNER='airflow' AIRFLOW_CTX_DAG_ID='prediction_dag' AIRFLOW_CTX_TASK_ID='make_predictions' AIRFLOW_CTX_EXECUTION_DATE='2025-12-18T11:16:00+00:00' AIRFLOW_CTX_TRY_NUMBER='1' AIRFLOW_CTX_DAG_RUN_ID='scheduled__2025-12-18T11:16:00+00:00'
[2025-12-18T11:24:51.575+0000] {logging_mixin.py:188} INFO - 
[INFO] Processing → raw_2291_good.csv
[2025-12-18T11:24:51.823+0000] {logging_mixin.py:188} INFO - [INFO] Saved predictions → /opt/airflow/data/predictions/pred_raw_2291_good.csv
[2025-12-18T11:24:51.874+0000] {logging_mixin.py:188} INFO - 
[INFO] Processing → raw_4089_good.csv
[2025-12-18T11:24:51.981+0000] {logging_mixin.py:188} INFO - [INFO] Saved predictions → /opt/airflow/data/predictions/pred_raw_4089_good.csv
[2025-12-18T11:24:51.990+0000] {logging_mixin.py:188} INFO - 
[INFO] Processing → raw_5650_good.csv
[2025-12-18T11:24:52.083+0000] {logging_mixin.py:188} INFO - [INFO] Saved predictions → /opt/airflow/data/predictions/pred_raw_5650_good.csv
[2025-12-18T11:24:52.091+0000] {python.py:202} INFO - Done. Returned value was: None
[2025-12-18T11:24:52.139+0000] {taskinstance.py:1149} INFO - Marking task as SUCCESS. dag_id=prediction_dag, task_id=make_predictions, execution_date=20251218T111600, start_date=20251218T112450, end_date=20251218T112452
[2025-12-18T11:24:52.251+0000] {local_task_job_runner.py:234} INFO - Task exited with return code 0
[2025-12-18T11:24:52.326+0000] {taskinstance.py:3312} INFO - 1 downstream tasks scheduled from follow-on schedule check
