[2026-01-08T18:30:55.492+0000] {taskinstance.py:1979} INFO - Dependencies all met for dep_context=non-requeueable deps ti=<TaskInstance: prediction_dag.make_predictions scheduled__2026-01-08T18:28:00+00:00 [queued]>
[2026-01-08T18:30:55.501+0000] {taskinstance.py:1979} INFO - Dependencies all met for dep_context=requeueable deps ti=<TaskInstance: prediction_dag.make_predictions scheduled__2026-01-08T18:28:00+00:00 [queued]>
[2026-01-08T18:30:55.502+0000] {taskinstance.py:2193} INFO - Starting attempt 1 of 2
[2026-01-08T18:30:55.520+0000] {taskinstance.py:2217} INFO - Executing <Task(PythonOperator): make_predictions> on 2026-01-08 18:28:00+00:00
[2026-01-08T18:30:55.525+0000] {standard_task_runner.py:60} INFO - Started process 42254 to run task
[2026-01-08T18:30:55.532+0000] {standard_task_runner.py:87} INFO - Running: ['airflow', 'tasks', 'run', 'prediction_dag', 'make_predictions', 'scheduled__2026-01-08T18:28:00+00:00', '--job-id', '31074', '--raw', '--subdir', 'DAGS_FOLDER/prediction_dag.py', '--cfg-path', '/tmp/tmp7q94c4oa']
[2026-01-08T18:30:55.539+0000] {standard_task_runner.py:88} INFO - Job 31074: Subtask make_predictions
[2026-01-08T18:30:55.669+0000] {task_command.py:423} INFO - Running <TaskInstance: prediction_dag.make_predictions scheduled__2026-01-08T18:28:00+00:00 [running]> on host 8fa1ffc51a9f
[2026-01-08T18:30:56.060+0000] {taskinstance.py:2513} INFO - Exporting env vars: AIRFLOW_CTX_DAG_OWNER='airflow' AIRFLOW_CTX_DAG_ID='prediction_dag' AIRFLOW_CTX_TASK_ID='make_predictions' AIRFLOW_CTX_EXECUTION_DATE='2026-01-08T18:28:00+00:00' AIRFLOW_CTX_TRY_NUMBER='1' AIRFLOW_CTX_DAG_RUN_ID='scheduled__2026-01-08T18:28:00+00:00'
[2026-01-08T18:30:56.081+0000] {logging_mixin.py:188} INFO - 
[INFO] Processing → raw_0195_good.csv
[2026-01-08T18:30:56.216+0000] {logging_mixin.py:188} INFO - [INFO] Saved predictions → /opt/airflow/data/predictions/pred_raw_0195_good.csv
[2026-01-08T18:30:56.264+0000] {logging_mixin.py:188} INFO - 
[INFO] Processing → raw_2335_good.csv
[2026-01-08T18:30:56.362+0000] {logging_mixin.py:188} INFO - [INFO] Saved predictions → /opt/airflow/data/predictions/pred_raw_2335_good.csv
[2026-01-08T18:30:56.370+0000] {logging_mixin.py:188} INFO - 
[INFO] Processing → raw_2912_good.csv
[2026-01-08T18:30:56.446+0000] {logging_mixin.py:188} INFO - [INFO] Saved predictions → /opt/airflow/data/predictions/pred_raw_2912_good.csv
[2026-01-08T18:30:56.449+0000] {logging_mixin.py:188} INFO - 
[INFO] Processing → raw_5664_good.csv
[2026-01-08T18:30:56.491+0000] {logging_mixin.py:188} INFO - [INFO] Saved predictions → /opt/airflow/data/predictions/pred_raw_5664_good.csv
[2026-01-08T18:30:56.494+0000] {python.py:202} INFO - Done. Returned value was: None
[2026-01-08T18:30:56.532+0000] {taskinstance.py:1149} INFO - Marking task as SUCCESS. dag_id=prediction_dag, task_id=make_predictions, execution_date=20260108T182800, start_date=20260108T183055, end_date=20260108T183056
[2026-01-08T18:30:56.654+0000] {local_task_job_runner.py:234} INFO - Task exited with return code 0
[2026-01-08T18:30:56.700+0000] {taskinstance.py:3312} INFO - 1 downstream tasks scheduled from follow-on schedule check
