[2026-01-05T05:26:19.726+0000] {taskinstance.py:1979} INFO - Dependencies all met for dep_context=non-requeueable deps ti=<TaskInstance: prediction_dag.cleanup_files scheduled__2026-01-05T05:06:00+00:00 [queued]>
[2026-01-05T05:26:19.859+0000] {taskinstance.py:1979} INFO - Dependencies all met for dep_context=requeueable deps ti=<TaskInstance: prediction_dag.cleanup_files scheduled__2026-01-05T05:06:00+00:00 [queued]>
[2026-01-05T05:26:19.863+0000] {taskinstance.py:2193} INFO - Starting attempt 1 of 2
[2026-01-05T05:26:20.451+0000] {taskinstance.py:2217} INFO - Executing <Task(PythonOperator): cleanup_files> on 2026-01-05 05:06:00+00:00
[2026-01-05T05:26:20.643+0000] {standard_task_runner.py:60} INFO - Started process 46416 to run task
[2026-01-05T05:26:20.736+0000] {standard_task_runner.py:87} INFO - Running: ['airflow', 'tasks', 'run', 'prediction_dag', 'cleanup_files', 'scheduled__2026-01-05T05:06:00+00:00', '--job-id', '15715', '--raw', '--subdir', 'DAGS_FOLDER/prediction_dag.py', '--cfg-path', '/tmp/tmpc111z1t3']
[2026-01-05T05:26:20.842+0000] {standard_task_runner.py:88} INFO - Job 15715: Subtask cleanup_files
[2026-01-05T05:26:23.893+0000] {task_command.py:423} INFO - Running <TaskInstance: prediction_dag.cleanup_files scheduled__2026-01-05T05:06:00+00:00 [running]> on host 8fa1ffc51a9f
[2026-01-05T05:26:33.129+0000] {taskinstance.py:2513} INFO - Exporting env vars: AIRFLOW_CTX_DAG_OWNER='airflow' AIRFLOW_CTX_DAG_ID='prediction_dag' AIRFLOW_CTX_TASK_ID='cleanup_files' AIRFLOW_CTX_EXECUTION_DATE='2026-01-05T05:06:00+00:00' AIRFLOW_CTX_TRY_NUMBER='1' AIRFLOW_CTX_DAG_RUN_ID='scheduled__2026-01-05T05:06:00+00:00'
[2026-01-05T05:26:33.317+0000] {taskinstance.py:2731} ERROR - Task failed with exception
Traceback (most recent call last):
  File "/home/airflow/.local/lib/python3.10/site-packages/airflow/models/taskinstance.py", line 444, in _execute_task
    result = _execute_callable(context=context, **execute_callable_kwargs)
  File "/home/airflow/.local/lib/python3.10/site-packages/airflow/models/taskinstance.py", line 414, in _execute_callable
    return execute_callable(context=context, **execute_callable_kwargs)
  File "/home/airflow/.local/lib/python3.10/site-packages/airflow/operators/python.py", line 200, in execute
    return_value = self.execute_callable()
  File "/home/airflow/.local/lib/python3.10/site-packages/airflow/operators/python.py", line 217, in execute_callable
    return self.python_callable(*self.op_args, **self.op_kwargs)
  File "/opt/airflow/dags/prediction_dag.py", line 166, in cleanup
    os.remove(fp)
FileNotFoundError: [Errno 2] No such file or directory: '/opt/airflow/data/good_data/raw_0636_good.csv'
[2026-01-05T05:26:33.375+0000] {taskinstance.py:1149} INFO - Marking task as UP_FOR_RETRY. dag_id=prediction_dag, task_id=cleanup_files, execution_date=20260105T050600, start_date=20260105T052619, end_date=20260105T052633
[2026-01-05T05:26:33.429+0000] {standard_task_runner.py:107} ERROR - Failed to execute job 15715 for task cleanup_files ([Errno 2] No such file or directory: '/opt/airflow/data/good_data/raw_0636_good.csv'; 46416)
[2026-01-05T05:26:33.555+0000] {local_task_job_runner.py:234} INFO - Task exited with return code 1
[2026-01-05T05:26:33.766+0000] {taskinstance.py:3312} INFO - 0 downstream tasks scheduled from follow-on schedule check
