[2026-01-09T08:26:01.858+0000] {taskinstance.py:1979} INFO - Dependencies all met for dep_context=non-requeueable deps ti=<TaskInstance: prediction_dag.make_predictions scheduled__2026-01-09T08:24:00+00:00 [queued]>
[2026-01-09T08:26:01.866+0000] {taskinstance.py:1979} INFO - Dependencies all met for dep_context=requeueable deps ti=<TaskInstance: prediction_dag.make_predictions scheduled__2026-01-09T08:24:00+00:00 [queued]>
[2026-01-09T08:26:01.868+0000] {taskinstance.py:2193} INFO - Starting attempt 1 of 2
[2026-01-09T08:26:01.894+0000] {taskinstance.py:2217} INFO - Executing <Task(PythonOperator): make_predictions> on 2026-01-09 08:24:00+00:00
[2026-01-09T08:26:01.901+0000] {standard_task_runner.py:60} INFO - Started process 55573 to run task
[2026-01-09T08:26:01.908+0000] {standard_task_runner.py:87} INFO - Running: ['airflow', 'tasks', 'run', 'prediction_dag', 'make_predictions', 'scheduled__2026-01-09T08:24:00+00:00', '--job-id', '32257', '--raw', '--subdir', 'DAGS_FOLDER/prediction_dag.py', '--cfg-path', '/tmp/tmp70p3ltjn']
[2026-01-09T08:26:01.916+0000] {standard_task_runner.py:88} INFO - Job 32257: Subtask make_predictions
[2026-01-09T08:26:01.980+0000] {task_command.py:423} INFO - Running <TaskInstance: prediction_dag.make_predictions scheduled__2026-01-09T08:24:00+00:00 [running]> on host 8fa1ffc51a9f
[2026-01-09T08:26:02.201+0000] {taskinstance.py:2513} INFO - Exporting env vars: AIRFLOW_CTX_DAG_OWNER='airflow' AIRFLOW_CTX_DAG_ID='prediction_dag' AIRFLOW_CTX_TASK_ID='make_predictions' AIRFLOW_CTX_EXECUTION_DATE='2026-01-09T08:24:00+00:00' AIRFLOW_CTX_TRY_NUMBER='1' AIRFLOW_CTX_DAG_RUN_ID='scheduled__2026-01-09T08:24:00+00:00'
[2026-01-09T08:26:02.213+0000] {logging_mixin.py:188} INFO - 
[INFO] Processing → raw_3350_good.csv
[2026-01-09T08:26:02.278+0000] {logging_mixin.py:188} INFO - [INFO] Saved predictions → /opt/airflow/data/predictions/pred_raw_3350_good.csv
[2026-01-09T08:26:02.289+0000] {logging_mixin.py:188} INFO - 
[INFO] Processing → raw_4181_good.csv
[2026-01-09T08:26:02.312+0000] {logging_mixin.py:188} INFO - [INFO] Saved predictions → /opt/airflow/data/predictions/pred_raw_4181_good.csv
[2026-01-09T08:26:02.314+0000] {logging_mixin.py:188} INFO - 
[INFO] Processing → raw_5941_good.csv
[2026-01-09T08:26:02.338+0000] {logging_mixin.py:188} INFO - [INFO] Saved predictions → /opt/airflow/data/predictions/pred_raw_5941_good.csv
[2026-01-09T08:26:02.341+0000] {python.py:202} INFO - Done. Returned value was: None
[2026-01-09T08:26:02.357+0000] {taskinstance.py:1149} INFO - Marking task as SUCCESS. dag_id=prediction_dag, task_id=make_predictions, execution_date=20260109T082400, start_date=20260109T082601, end_date=20260109T082602
[2026-01-09T08:26:02.424+0000] {local_task_job_runner.py:234} INFO - Task exited with return code 0
[2026-01-09T08:26:02.462+0000] {taskinstance.py:3312} INFO - 1 downstream tasks scheduled from follow-on schedule check
