[2026-01-08T18:48:31.186+0000] {taskinstance.py:1979} INFO - Dependencies all met for dep_context=non-requeueable deps ti=<TaskInstance: prediction_dag.make_predictions scheduled__2026-01-08T18:30:00+00:00 [queued]>
[2026-01-08T18:48:31.192+0000] {taskinstance.py:1979} INFO - Dependencies all met for dep_context=requeueable deps ti=<TaskInstance: prediction_dag.make_predictions scheduled__2026-01-08T18:30:00+00:00 [queued]>
[2026-01-08T18:48:31.193+0000] {taskinstance.py:2193} INFO - Starting attempt 1 of 2
[2026-01-08T18:48:31.208+0000] {taskinstance.py:2217} INFO - Executing <Task(PythonOperator): make_predictions> on 2026-01-08 18:30:00+00:00
[2026-01-08T18:48:31.218+0000] {standard_task_runner.py:60} INFO - Started process 42499 to run task
[2026-01-08T18:48:31.227+0000] {standard_task_runner.py:87} INFO - Running: ['airflow', 'tasks', 'run', 'prediction_dag', 'make_predictions', 'scheduled__2026-01-08T18:30:00+00:00', '--job-id', '31097', '--raw', '--subdir', 'DAGS_FOLDER/prediction_dag.py', '--cfg-path', '/tmp/tmps43r_u1p']
[2026-01-08T18:48:31.230+0000] {standard_task_runner.py:88} INFO - Job 31097: Subtask make_predictions
[2026-01-08T18:48:31.340+0000] {task_command.py:423} INFO - Running <TaskInstance: prediction_dag.make_predictions scheduled__2026-01-08T18:30:00+00:00 [running]> on host 8fa1ffc51a9f
[2026-01-08T18:48:31.821+0000] {taskinstance.py:2513} INFO - Exporting env vars: AIRFLOW_CTX_DAG_OWNER='airflow' AIRFLOW_CTX_DAG_ID='prediction_dag' AIRFLOW_CTX_TASK_ID='make_predictions' AIRFLOW_CTX_EXECUTION_DATE='2026-01-08T18:30:00+00:00' AIRFLOW_CTX_TRY_NUMBER='1' AIRFLOW_CTX_DAG_RUN_ID='scheduled__2026-01-08T18:30:00+00:00'
[2026-01-08T18:48:31.868+0000] {logging_mixin.py:188} INFO - 
[INFO] Processing → raw_0284_good.csv
[2026-01-08T18:48:32.118+0000] {logging_mixin.py:188} INFO - [INFO] Saved predictions → /opt/airflow/data/predictions/pred_raw_0284_good.csv
[2026-01-08T18:48:32.180+0000] {logging_mixin.py:188} INFO - 
[INFO] Processing → raw_0343_good.csv
[2026-01-08T18:48:32.291+0000] {logging_mixin.py:188} INFO - [INFO] Saved predictions → /opt/airflow/data/predictions/pred_raw_0343_good.csv
[2026-01-08T18:48:32.301+0000] {logging_mixin.py:188} INFO - 
[INFO] Processing → raw_3026_good.csv
[2026-01-08T18:48:32.379+0000] {logging_mixin.py:188} INFO - [INFO] Saved predictions → /opt/airflow/data/predictions/pred_raw_3026_good.csv
[2026-01-08T18:48:32.384+0000] {python.py:202} INFO - Done. Returned value was: None
[2026-01-08T18:48:32.436+0000] {taskinstance.py:1149} INFO - Marking task as SUCCESS. dag_id=prediction_dag, task_id=make_predictions, execution_date=20260108T183000, start_date=20260108T184831, end_date=20260108T184832
[2026-01-08T18:48:32.528+0000] {local_task_job_runner.py:234} INFO - Task exited with return code 0
[2026-01-08T18:48:32.597+0000] {taskinstance.py:3312} INFO - 1 downstream tasks scheduled from follow-on schedule check
