[2026-01-06T19:22:51.481+0000] {taskinstance.py:1979} INFO - Dependencies all met for dep_context=non-requeueable deps ti=<TaskInstance: prediction_dag.make_predictions scheduled__2026-01-06T19:20:00+00:00 [queued]>
[2026-01-06T19:22:51.506+0000] {taskinstance.py:1979} INFO - Dependencies all met for dep_context=requeueable deps ti=<TaskInstance: prediction_dag.make_predictions scheduled__2026-01-06T19:20:00+00:00 [queued]>
[2026-01-06T19:22:51.507+0000] {taskinstance.py:2193} INFO - Starting attempt 1 of 2
[2026-01-06T19:22:51.560+0000] {taskinstance.py:2217} INFO - Executing <Task(PythonOperator): make_predictions> on 2026-01-06 19:20:00+00:00
[2026-01-06T19:22:51.610+0000] {standard_task_runner.py:60} INFO - Started process 19449 to run task
[2026-01-06T19:22:51.629+0000] {standard_task_runner.py:87} INFO - Running: ['airflow', 'tasks', 'run', 'prediction_dag', 'make_predictions', 'scheduled__2026-01-06T19:20:00+00:00', '--job-id', '21521', '--raw', '--subdir', 'DAGS_FOLDER/prediction_dag.py', '--cfg-path', '/tmp/tmp48wniwyr']
[2026-01-06T19:22:51.639+0000] {standard_task_runner.py:88} INFO - Job 21521: Subtask make_predictions
[2026-01-06T19:22:51.836+0000] {task_command.py:423} INFO - Running <TaskInstance: prediction_dag.make_predictions scheduled__2026-01-06T19:20:00+00:00 [running]> on host 8fa1ffc51a9f
[2026-01-06T19:22:52.925+0000] {taskinstance.py:2513} INFO - Exporting env vars: AIRFLOW_CTX_DAG_OWNER='airflow' AIRFLOW_CTX_DAG_ID='prediction_dag' AIRFLOW_CTX_TASK_ID='make_predictions' AIRFLOW_CTX_EXECUTION_DATE='2026-01-06T19:20:00+00:00' AIRFLOW_CTX_TRY_NUMBER='1' AIRFLOW_CTX_DAG_RUN_ID='scheduled__2026-01-06T19:20:00+00:00'
[2026-01-06T19:22:52.949+0000] {logging_mixin.py:188} INFO - 
[INFO] Processing → raw_0306_good.csv
[2026-01-06T19:22:53.140+0000] {logging_mixin.py:188} INFO - [INFO] Saved predictions → /opt/airflow/data/predictions/pred_raw_0306_good.csv
[2026-01-06T19:22:53.167+0000] {logging_mixin.py:188} INFO - 
[INFO] Processing → raw_1455_good.csv
[2026-01-06T19:22:53.227+0000] {logging_mixin.py:188} INFO - [INFO] Saved predictions → /opt/airflow/data/predictions/pred_raw_1455_good.csv
[2026-01-06T19:22:53.230+0000] {logging_mixin.py:188} INFO - 
[INFO] Processing → raw_4090_good.csv
[2026-01-06T19:22:53.272+0000] {logging_mixin.py:188} INFO - [INFO] Saved predictions → /opt/airflow/data/predictions/pred_raw_4090_good.csv
[2026-01-06T19:22:53.274+0000] {python.py:202} INFO - Done. Returned value was: None
[2026-01-06T19:22:53.296+0000] {taskinstance.py:1149} INFO - Marking task as SUCCESS. dag_id=prediction_dag, task_id=make_predictions, execution_date=20260106T192000, start_date=20260106T192251, end_date=20260106T192253
[2026-01-06T19:22:53.363+0000] {local_task_job_runner.py:234} INFO - Task exited with return code 0
[2026-01-06T19:22:53.430+0000] {taskinstance.py:3312} INFO - 1 downstream tasks scheduled from follow-on schedule check
