[2026-01-03T22:30:05.415+0000] {taskinstance.py:1979} INFO - Dependencies all met for dep_context=non-requeueable deps ti=<TaskInstance: prediction_dag.cleanup_files scheduled__2026-01-03T21:26:00+00:00 [queued]>
[2026-01-03T22:30:05.467+0000] {taskinstance.py:1979} INFO - Dependencies all met for dep_context=requeueable deps ti=<TaskInstance: prediction_dag.cleanup_files scheduled__2026-01-03T21:26:00+00:00 [queued]>
[2026-01-03T22:30:05.469+0000] {taskinstance.py:2193} INFO - Starting attempt 2 of 2
[2026-01-03T22:30:05.520+0000] {taskinstance.py:2217} INFO - Executing <Task(PythonOperator): cleanup_files> on 2026-01-03 21:26:00+00:00
[2026-01-03T22:30:05.585+0000] {standard_task_runner.py:60} INFO - Started process 42363 to run task
[2026-01-03T22:30:05.599+0000] {standard_task_runner.py:87} INFO - Running: ['airflow', 'tasks', 'run', 'prediction_dag', 'cleanup_files', 'scheduled__2026-01-03T21:26:00+00:00', '--job-id', '15325', '--raw', '--subdir', 'DAGS_FOLDER/prediction_dag.py', '--cfg-path', '/tmp/tmpv365dku5']
[2026-01-03T22:30:05.609+0000] {standard_task_runner.py:88} INFO - Job 15325: Subtask cleanup_files
[2026-01-03T22:30:05.885+0000] {task_command.py:423} INFO - Running <TaskInstance: prediction_dag.cleanup_files scheduled__2026-01-03T21:26:00+00:00 [running]> on host 8fa1ffc51a9f
[2026-01-03T22:30:07.916+0000] {taskinstance.py:2513} INFO - Exporting env vars: AIRFLOW_CTX_DAG_OWNER='airflow' AIRFLOW_CTX_DAG_ID='prediction_dag' AIRFLOW_CTX_TASK_ID='cleanup_files' AIRFLOW_CTX_EXECUTION_DATE='2026-01-03T21:26:00+00:00' AIRFLOW_CTX_TRY_NUMBER='2' AIRFLOW_CTX_DAG_RUN_ID='scheduled__2026-01-03T21:26:00+00:00'
[2026-01-03T22:30:08.089+0000] {taskinstance.py:2731} ERROR - Task failed with exception
Traceback (most recent call last):
  File "/home/airflow/.local/lib/python3.10/site-packages/airflow/models/taskinstance.py", line 444, in _execute_task
    result = _execute_callable(context=context, **execute_callable_kwargs)
  File "/home/airflow/.local/lib/python3.10/site-packages/airflow/models/taskinstance.py", line 414, in _execute_callable
    return execute_callable(context=context, **execute_callable_kwargs)
  File "/home/airflow/.local/lib/python3.10/site-packages/airflow/operators/python.py", line 200, in execute
    return_value = self.execute_callable()
  File "/home/airflow/.local/lib/python3.10/site-packages/airflow/operators/python.py", line 217, in execute_callable
    return self.python_callable(*self.op_args, **self.op_kwargs)
  File "/opt/airflow/dags/prediction_dag.py", line 166, in cleanup
    os.remove(fp)
FileNotFoundError: [Errno 2] No such file or directory: '/opt/airflow/data/good_data/raw_2010_good.csv'
[2026-01-03T22:30:08.188+0000] {taskinstance.py:1149} INFO - Marking task as FAILED. dag_id=prediction_dag, task_id=cleanup_files, execution_date=20260103T212600, start_date=20260103T223005, end_date=20260103T223008
[2026-01-03T22:30:08.305+0000] {standard_task_runner.py:107} ERROR - Failed to execute job 15325 for task cleanup_files ([Errno 2] No such file or directory: '/opt/airflow/data/good_data/raw_2010_good.csv'; 42363)
[2026-01-03T22:30:08.425+0000] {local_task_job_runner.py:234} INFO - Task exited with return code 1
[2026-01-03T22:30:08.631+0000] {taskinstance.py:3312} INFO - 0 downstream tasks scheduled from follow-on schedule check
