[2026-02-06T23:03:35.865+0000] {processor.py:161} INFO - Started process (PID=162) to work on /opt/airflow/dags/ingestion_dag.py
[2026-02-06T23:03:35.866+0000] {processor.py:830} INFO - Processing file /opt/airflow/dags/ingestion_dag.py for tasks to queue
[2026-02-06T23:03:35.868+0000] {logging_mixin.py:188} INFO - [2026-02-06T23:03:35.867+0000] {dagbag.py:540} INFO - Filling up the DagBag from /opt/airflow/dags/ingestion_dag.py
[2026-02-06T23:03:44.716+0000] {logging_mixin.py:188} INFO - [2026-02-06T23:03:44.715+0000] {warnings.py:109} WARNING - /opt/airflow/dags/ingestion_dag.py:257: RemovedInAirflow3Warning: Function `days_ago` is deprecated and will be removed in Airflow 3.0. You can achieve equivalent behavior with `pendulum.today('UTC').add(days=-N, ...)`
  start_date=days_ago(1),
[2026-02-06T23:03:44.719+0000] {logging_mixin.py:188} INFO - [2026-02-06T23:03:44.719+0000] {warnings.py:109} WARNING - /opt/airflow/dags/ingestion_dag.py:254: RemovedInAirflow3Warning: Param `schedule_interval` is deprecated and will be removed in a future release. Please use `schedule` instead. 
  with DAG(
[2026-02-06T23:03:44.796+0000] {processor.py:840} INFO - DAG(s) 'ingestion_dag' retrieved from /opt/airflow/dags/ingestion_dag.py
[2026-02-06T23:03:45.009+0000] {logging_mixin.py:188} INFO - [2026-02-06T23:03:45.009+0000] {dag.py:3047} INFO - Sync 1 DAGs
[2026-02-06T23:03:45.067+0000] {logging_mixin.py:188} INFO - [2026-02-06T23:03:45.067+0000] {dag.py:3834} INFO - Setting next_dagrun for ingestion_dag to 2026-02-06 23:03:00+00:00, run_after=2026-02-06 23:04:00+00:00
[2026-02-06T23:03:45.108+0000] {processor.py:183} INFO - Processing /opt/airflow/dags/ingestion_dag.py took 9.247 seconds
[2026-02-06T23:04:15.863+0000] {processor.py:161} INFO - Started process (PID=383) to work on /opt/airflow/dags/ingestion_dag.py
[2026-02-06T23:04:15.881+0000] {processor.py:830} INFO - Processing file /opt/airflow/dags/ingestion_dag.py for tasks to queue
[2026-02-06T23:04:15.905+0000] {logging_mixin.py:188} INFO - [2026-02-06T23:04:15.885+0000] {dagbag.py:540} INFO - Filling up the DagBag from /opt/airflow/dags/ingestion_dag.py
[2026-02-06T23:04:45.951+0000] {logging_mixin.py:188} INFO - [2026-02-06T23:04:45.943+0000] {timeout.py:68} ERROR - Process timed out, PID: 383
[2026-02-06T23:05:16.775+0000] {processor.py:161} INFO - Started process (PID=512) to work on /opt/airflow/dags/ingestion_dag.py
[2026-02-06T23:05:16.779+0000] {processor.py:830} INFO - Processing file /opt/airflow/dags/ingestion_dag.py for tasks to queue
[2026-02-06T23:05:16.781+0000] {logging_mixin.py:188} INFO - [2026-02-06T23:05:16.781+0000] {dagbag.py:540} INFO - Filling up the DagBag from /opt/airflow/dags/ingestion_dag.py
[2026-02-06T23:05:20.962+0000] {logging_mixin.py:188} INFO - [2026-02-06T23:05:20.959+0000] {warnings.py:109} WARNING - /opt/airflow/dags/ingestion_dag.py:257: RemovedInAirflow3Warning: Function `days_ago` is deprecated and will be removed in Airflow 3.0. You can achieve equivalent behavior with `pendulum.today('UTC').add(days=-N, ...)`
  start_date=days_ago(1),
[2026-02-06T23:05:20.965+0000] {logging_mixin.py:188} INFO - [2026-02-06T23:05:20.964+0000] {warnings.py:109} WARNING - /opt/airflow/dags/ingestion_dag.py:254: RemovedInAirflow3Warning: Param `schedule_interval` is deprecated and will be removed in a future release. Please use `schedule` instead. 
  with DAG(
[2026-02-06T23:05:20.982+0000] {processor.py:840} INFO - DAG(s) 'ingestion_dag' retrieved from /opt/airflow/dags/ingestion_dag.py
[2026-02-06T23:05:21.311+0000] {logging_mixin.py:188} INFO - [2026-02-06T23:05:21.310+0000] {dag.py:3047} INFO - Sync 1 DAGs
[2026-02-06T23:05:21.441+0000] {logging_mixin.py:188} INFO - [2026-02-06T23:05:21.441+0000] {dag.py:3834} INFO - Setting next_dagrun for ingestion_dag to 2026-02-06 23:05:00+00:00, run_after=2026-02-06 23:06:00+00:00
[2026-02-06T23:05:21.479+0000] {processor.py:183} INFO - Processing /opt/airflow/dags/ingestion_dag.py took 4.713 seconds
[2026-02-06T23:05:51.633+0000] {processor.py:161} INFO - Started process (PID=626) to work on /opt/airflow/dags/ingestion_dag.py
[2026-02-06T23:05:51.635+0000] {processor.py:830} INFO - Processing file /opt/airflow/dags/ingestion_dag.py for tasks to queue
[2026-02-06T23:05:51.637+0000] {logging_mixin.py:188} INFO - [2026-02-06T23:05:51.636+0000] {dagbag.py:540} INFO - Filling up the DagBag from /opt/airflow/dags/ingestion_dag.py
[2026-02-06T23:05:53.513+0000] {logging_mixin.py:188} INFO - [2026-02-06T23:05:53.513+0000] {warnings.py:109} WARNING - /opt/airflow/dags/ingestion_dag.py:257: RemovedInAirflow3Warning: Function `days_ago` is deprecated and will be removed in Airflow 3.0. You can achieve equivalent behavior with `pendulum.today('UTC').add(days=-N, ...)`
  start_date=days_ago(1),
[2026-02-06T23:05:53.513+0000] {logging_mixin.py:188} INFO - [2026-02-06T23:05:53.513+0000] {warnings.py:109} WARNING - /opt/airflow/dags/ingestion_dag.py:254: RemovedInAirflow3Warning: Param `schedule_interval` is deprecated and will be removed in a future release. Please use `schedule` instead. 
  with DAG(
[2026-02-06T23:05:53.518+0000] {processor.py:840} INFO - DAG(s) 'ingestion_dag' retrieved from /opt/airflow/dags/ingestion_dag.py
[2026-02-06T23:05:53.551+0000] {logging_mixin.py:188} INFO - [2026-02-06T23:05:53.551+0000] {dag.py:3047} INFO - Sync 1 DAGs
[2026-02-06T23:05:53.572+0000] {logging_mixin.py:188} INFO - [2026-02-06T23:05:53.572+0000] {dag.py:3834} INFO - Setting next_dagrun for ingestion_dag to 2026-02-06 23:05:00+00:00, run_after=2026-02-06 23:06:00+00:00
[2026-02-06T23:05:53.584+0000] {processor.py:183} INFO - Processing /opt/airflow/dags/ingestion_dag.py took 1.958 seconds
[2026-02-06T23:06:24.548+0000] {processor.py:161} INFO - Started process (PID=708) to work on /opt/airflow/dags/ingestion_dag.py
[2026-02-06T23:06:24.552+0000] {processor.py:830} INFO - Processing file /opt/airflow/dags/ingestion_dag.py for tasks to queue
[2026-02-06T23:06:24.558+0000] {logging_mixin.py:188} INFO - [2026-02-06T23:06:24.555+0000] {dagbag.py:540} INFO - Filling up the DagBag from /opt/airflow/dags/ingestion_dag.py
[2026-02-06T23:06:27.718+0000] {logging_mixin.py:188} INFO - [2026-02-06T23:06:27.715+0000] {warnings.py:109} WARNING - /opt/airflow/dags/ingestion_dag.py:257: RemovedInAirflow3Warning: Function `days_ago` is deprecated and will be removed in Airflow 3.0. You can achieve equivalent behavior with `pendulum.today('UTC').add(days=-N, ...)`
  start_date=days_ago(1),
[2026-02-06T23:06:27.719+0000] {logging_mixin.py:188} INFO - [2026-02-06T23:06:27.719+0000] {warnings.py:109} WARNING - /opt/airflow/dags/ingestion_dag.py:254: RemovedInAirflow3Warning: Param `schedule_interval` is deprecated and will be removed in a future release. Please use `schedule` instead. 
  with DAG(
[2026-02-06T23:06:27.728+0000] {processor.py:840} INFO - DAG(s) 'ingestion_dag' retrieved from /opt/airflow/dags/ingestion_dag.py
[2026-02-06T23:06:27.767+0000] {logging_mixin.py:188} INFO - [2026-02-06T23:06:27.766+0000] {dag.py:3047} INFO - Sync 1 DAGs
[2026-02-06T23:06:27.790+0000] {logging_mixin.py:188} INFO - [2026-02-06T23:06:27.789+0000] {dag.py:3834} INFO - Setting next_dagrun for ingestion_dag to 2026-02-06 23:06:00+00:00, run_after=2026-02-06 23:07:00+00:00
[2026-02-06T23:06:27.810+0000] {processor.py:183} INFO - Processing /opt/airflow/dags/ingestion_dag.py took 3.286 seconds
[2026-02-06T23:06:58.331+0000] {processor.py:161} INFO - Started process (PID=726) to work on /opt/airflow/dags/ingestion_dag.py
[2026-02-06T23:06:58.336+0000] {processor.py:830} INFO - Processing file /opt/airflow/dags/ingestion_dag.py for tasks to queue
[2026-02-06T23:06:58.339+0000] {logging_mixin.py:188} INFO - [2026-02-06T23:06:58.338+0000] {dagbag.py:540} INFO - Filling up the DagBag from /opt/airflow/dags/ingestion_dag.py
[2026-02-06T23:07:00.494+0000] {logging_mixin.py:188} INFO - [2026-02-06T23:07:00.493+0000] {warnings.py:109} WARNING - /opt/airflow/dags/ingestion_dag.py:257: RemovedInAirflow3Warning: Function `days_ago` is deprecated and will be removed in Airflow 3.0. You can achieve equivalent behavior with `pendulum.today('UTC').add(days=-N, ...)`
  start_date=days_ago(1),
[2026-02-06T23:07:00.494+0000] {logging_mixin.py:188} INFO - [2026-02-06T23:07:00.494+0000] {warnings.py:109} WARNING - /opt/airflow/dags/ingestion_dag.py:254: RemovedInAirflow3Warning: Param `schedule_interval` is deprecated and will be removed in a future release. Please use `schedule` instead. 
  with DAG(
[2026-02-06T23:07:00.501+0000] {processor.py:840} INFO - DAG(s) 'ingestion_dag' retrieved from /opt/airflow/dags/ingestion_dag.py
[2026-02-06T23:07:00.534+0000] {logging_mixin.py:188} INFO - [2026-02-06T23:07:00.533+0000] {dag.py:3047} INFO - Sync 1 DAGs
[2026-02-06T23:07:00.562+0000] {logging_mixin.py:188} INFO - [2026-02-06T23:07:00.561+0000] {dag.py:3834} INFO - Setting next_dagrun for ingestion_dag to 2026-02-06 23:07:00+00:00, run_after=2026-02-06 23:08:00+00:00
[2026-02-06T23:07:00.575+0000] {processor.py:183} INFO - Processing /opt/airflow/dags/ingestion_dag.py took 2.259 seconds
[2026-02-06T23:07:31.251+0000] {processor.py:161} INFO - Started process (PID=811) to work on /opt/airflow/dags/ingestion_dag.py
[2026-02-06T23:07:31.253+0000] {processor.py:830} INFO - Processing file /opt/airflow/dags/ingestion_dag.py for tasks to queue
[2026-02-06T23:07:31.254+0000] {logging_mixin.py:188} INFO - [2026-02-06T23:07:31.253+0000] {dagbag.py:540} INFO - Filling up the DagBag from /opt/airflow/dags/ingestion_dag.py
[2026-02-06T23:07:33.084+0000] {logging_mixin.py:188} INFO - [2026-02-06T23:07:33.083+0000] {warnings.py:109} WARNING - /opt/airflow/dags/ingestion_dag.py:257: RemovedInAirflow3Warning: Function `days_ago` is deprecated and will be removed in Airflow 3.0. You can achieve equivalent behavior with `pendulum.today('UTC').add(days=-N, ...)`
  start_date=days_ago(1),
[2026-02-06T23:07:33.087+0000] {logging_mixin.py:188} INFO - [2026-02-06T23:07:33.086+0000] {warnings.py:109} WARNING - /opt/airflow/dags/ingestion_dag.py:254: RemovedInAirflow3Warning: Param `schedule_interval` is deprecated and will be removed in a future release. Please use `schedule` instead. 
  with DAG(
[2026-02-06T23:07:33.109+0000] {processor.py:840} INFO - DAG(s) 'ingestion_dag' retrieved from /opt/airflow/dags/ingestion_dag.py
[2026-02-06T23:07:33.147+0000] {logging_mixin.py:188} INFO - [2026-02-06T23:07:33.146+0000] {dag.py:3047} INFO - Sync 1 DAGs
[2026-02-06T23:07:33.178+0000] {logging_mixin.py:188} INFO - [2026-02-06T23:07:33.178+0000] {dag.py:3834} INFO - Setting next_dagrun for ingestion_dag to 2026-02-06 23:07:00+00:00, run_after=2026-02-06 23:08:00+00:00
[2026-02-06T23:07:33.197+0000] {processor.py:183} INFO - Processing /opt/airflow/dags/ingestion_dag.py took 1.950 seconds
