[2025-12-18T11:55:10.111+0000] {taskinstance.py:1979} INFO - Dependencies all met for dep_context=non-requeueable deps ti=<TaskInstance: prediction_dag.cleanup_files scheduled__2025-12-18T11:46:00+00:00 [queued]>
[2025-12-18T11:55:10.128+0000] {taskinstance.py:1979} INFO - Dependencies all met for dep_context=requeueable deps ti=<TaskInstance: prediction_dag.cleanup_files scheduled__2025-12-18T11:46:00+00:00 [queued]>
[2025-12-18T11:55:10.129+0000] {taskinstance.py:2193} INFO - Starting attempt 2 of 2
[2025-12-18T11:55:10.147+0000] {taskinstance.py:2217} INFO - Executing <Task(PythonOperator): cleanup_files> on 2025-12-18 11:46:00+00:00
[2025-12-18T11:55:10.162+0000] {standard_task_runner.py:60} INFO - Started process 10442 to run task
[2025-12-18T11:55:10.173+0000] {standard_task_runner.py:87} INFO - Running: ['airflow', 'tasks', 'run', 'prediction_dag', 'cleanup_files', 'scheduled__2025-12-18T11:46:00+00:00', '--job-id', '8478', '--raw', '--subdir', 'DAGS_FOLDER/prediction_dag.py', '--cfg-path', '/tmp/tmpcgv5qo2y']
[2025-12-18T11:55:10.178+0000] {standard_task_runner.py:88} INFO - Job 8478: Subtask cleanup_files
[2025-12-18T11:55:10.292+0000] {task_command.py:423} INFO - Running <TaskInstance: prediction_dag.cleanup_files scheduled__2025-12-18T11:46:00+00:00 [running]> on host 40dacded1950
[2025-12-18T11:55:11.492+0000] {taskinstance.py:2513} INFO - Exporting env vars: AIRFLOW_CTX_DAG_OWNER='airflow' AIRFLOW_CTX_DAG_ID='prediction_dag' AIRFLOW_CTX_TASK_ID='cleanup_files' AIRFLOW_CTX_EXECUTION_DATE='2025-12-18T11:46:00+00:00' AIRFLOW_CTX_TRY_NUMBER='2' AIRFLOW_CTX_DAG_RUN_ID='scheduled__2025-12-18T11:46:00+00:00'
[2025-12-18T11:55:11.563+0000] {taskinstance.py:2731} ERROR - Task failed with exception
Traceback (most recent call last):
  File "/home/airflow/.local/lib/python3.10/site-packages/airflow/models/taskinstance.py", line 444, in _execute_task
    result = _execute_callable(context=context, **execute_callable_kwargs)
  File "/home/airflow/.local/lib/python3.10/site-packages/airflow/models/taskinstance.py", line 414, in _execute_callable
    return execute_callable(context=context, **execute_callable_kwargs)
  File "/home/airflow/.local/lib/python3.10/site-packages/airflow/operators/python.py", line 200, in execute
    return_value = self.execute_callable()
  File "/home/airflow/.local/lib/python3.10/site-packages/airflow/operators/python.py", line 217, in execute_callable
    return self.python_callable(*self.op_args, **self.op_kwargs)
  File "/opt/airflow/dags/prediction_dag.py", line 166, in cleanup
    os.remove(fp)
FileNotFoundError: [Errno 2] No such file or directory: '/opt/airflow/data/good_data/raw_0103_good.csv'
[2025-12-18T11:55:11.589+0000] {taskinstance.py:1149} INFO - Marking task as FAILED. dag_id=prediction_dag, task_id=cleanup_files, execution_date=20251218T114600, start_date=20251218T115510, end_date=20251218T115511
[2025-12-18T11:55:11.616+0000] {standard_task_runner.py:107} ERROR - Failed to execute job 8478 for task cleanup_files ([Errno 2] No such file or directory: '/opt/airflow/data/good_data/raw_0103_good.csv'; 10442)
[2025-12-18T11:55:11.675+0000] {local_task_job_runner.py:234} INFO - Task exited with return code 1
[2025-12-18T11:55:11.747+0000] {taskinstance.py:3312} INFO - 0 downstream tasks scheduled from follow-on schedule check
