[2026-01-05T08:33:22.104+0000] {taskinstance.py:1979} INFO - Dependencies all met for dep_context=non-requeueable deps ti=<TaskInstance: prediction_dag.make_predictions scheduled__2026-01-05T08:30:00+00:00 [queued]>
[2026-01-05T08:33:22.125+0000] {taskinstance.py:1979} INFO - Dependencies all met for dep_context=requeueable deps ti=<TaskInstance: prediction_dag.make_predictions scheduled__2026-01-05T08:30:00+00:00 [queued]>
[2026-01-05T08:33:22.126+0000] {taskinstance.py:2193} INFO - Starting attempt 1 of 2
[2026-01-05T08:33:22.147+0000] {taskinstance.py:2217} INFO - Executing <Task(PythonOperator): make_predictions> on 2026-01-05 08:30:00+00:00
[2026-01-05T08:33:22.155+0000] {standard_task_runner.py:60} INFO - Started process 48703 to run task
[2026-01-05T08:33:22.159+0000] {standard_task_runner.py:87} INFO - Running: ['airflow', 'tasks', 'run', 'prediction_dag', 'make_predictions', 'scheduled__2026-01-05T08:30:00+00:00', '--job-id', '15913', '--raw', '--subdir', 'DAGS_FOLDER/prediction_dag.py', '--cfg-path', '/tmp/tmpjt1t_9zi']
[2026-01-05T08:33:22.168+0000] {standard_task_runner.py:88} INFO - Job 15913: Subtask make_predictions
[2026-01-05T08:33:22.351+0000] {task_command.py:423} INFO - Running <TaskInstance: prediction_dag.make_predictions scheduled__2026-01-05T08:30:00+00:00 [running]> on host 8fa1ffc51a9f
[2026-01-05T08:33:23.025+0000] {taskinstance.py:2513} INFO - Exporting env vars: AIRFLOW_CTX_DAG_OWNER='airflow' AIRFLOW_CTX_DAG_ID='prediction_dag' AIRFLOW_CTX_TASK_ID='make_predictions' AIRFLOW_CTX_EXECUTION_DATE='2026-01-05T08:30:00+00:00' AIRFLOW_CTX_TRY_NUMBER='1' AIRFLOW_CTX_DAG_RUN_ID='scheduled__2026-01-05T08:30:00+00:00'
[2026-01-05T08:33:23.052+0000] {logging_mixin.py:188} INFO - 
[INFO] Processing → raw_2088_good.csv
[2026-01-05T08:33:23.154+0000] {logging_mixin.py:188} INFO - [INFO] Saved predictions → /opt/airflow/data/predictions/pred_raw_2088_good.csv
[2026-01-05T08:33:23.180+0000] {logging_mixin.py:188} INFO - 
[INFO] Processing → raw_3979_good.csv
[2026-01-05T08:33:23.237+0000] {logging_mixin.py:188} INFO - [INFO] Saved predictions → /opt/airflow/data/predictions/pred_raw_3979_good.csv
[2026-01-05T08:33:23.240+0000] {logging_mixin.py:188} INFO - 
[INFO] Processing → raw_5861_good.csv
[2026-01-05T08:33:23.284+0000] {logging_mixin.py:188} INFO - [INFO] Saved predictions → /opt/airflow/data/predictions/pred_raw_5861_good.csv
[2026-01-05T08:33:23.289+0000] {python.py:202} INFO - Done. Returned value was: None
[2026-01-05T08:33:23.305+0000] {taskinstance.py:1149} INFO - Marking task as SUCCESS. dag_id=prediction_dag, task_id=make_predictions, execution_date=20260105T083000, start_date=20260105T083322, end_date=20260105T083323
[2026-01-05T08:33:23.372+0000] {local_task_job_runner.py:234} INFO - Task exited with return code 0
[2026-01-05T08:33:23.420+0000] {taskinstance.py:3312} INFO - 1 downstream tasks scheduled from follow-on schedule check
