[2026-01-05T15:30:46.299+0000] {taskinstance.py:1979} INFO - Dependencies all met for dep_context=non-requeueable deps ti=<TaskInstance: prediction_dag.make_predictions scheduled__2026-01-05T15:28:00+00:00 [queued]>
[2026-01-05T15:30:46.321+0000] {taskinstance.py:1979} INFO - Dependencies all met for dep_context=requeueable deps ti=<TaskInstance: prediction_dag.make_predictions scheduled__2026-01-05T15:28:00+00:00 [queued]>
[2026-01-05T15:30:46.322+0000] {taskinstance.py:2193} INFO - Starting attempt 1 of 2
[2026-01-05T15:30:46.349+0000] {taskinstance.py:2217} INFO - Executing <Task(PythonOperator): make_predictions> on 2026-01-05 15:28:00+00:00
[2026-01-05T15:30:46.368+0000] {standard_task_runner.py:60} INFO - Started process 61063 to run task
[2026-01-05T15:30:46.380+0000] {standard_task_runner.py:87} INFO - Running: ['airflow', 'tasks', 'run', 'prediction_dag', 'make_predictions', 'scheduled__2026-01-05T15:28:00+00:00', '--job-id', '16929', '--raw', '--subdir', 'DAGS_FOLDER/prediction_dag.py', '--cfg-path', '/tmp/tmp8jtsuk6s']
[2026-01-05T15:30:46.385+0000] {standard_task_runner.py:88} INFO - Job 16929: Subtask make_predictions
[2026-01-05T15:30:46.548+0000] {task_command.py:423} INFO - Running <TaskInstance: prediction_dag.make_predictions scheduled__2026-01-05T15:28:00+00:00 [running]> on host 8fa1ffc51a9f
[2026-01-05T15:30:47.485+0000] {taskinstance.py:2513} INFO - Exporting env vars: AIRFLOW_CTX_DAG_OWNER='airflow' AIRFLOW_CTX_DAG_ID='prediction_dag' AIRFLOW_CTX_TASK_ID='make_predictions' AIRFLOW_CTX_EXECUTION_DATE='2026-01-05T15:28:00+00:00' AIRFLOW_CTX_TRY_NUMBER='1' AIRFLOW_CTX_DAG_RUN_ID='scheduled__2026-01-05T15:28:00+00:00'
[2026-01-05T15:30:47.531+0000] {logging_mixin.py:188} INFO - 
[INFO] Processing → raw_0034_good.csv
[2026-01-05T15:30:47.781+0000] {logging_mixin.py:188} INFO - [INFO] Saved predictions → /opt/airflow/data/predictions/pred_raw_0034_good.csv
[2026-01-05T15:30:47.846+0000] {logging_mixin.py:188} INFO - 
[INFO] Processing → raw_1454_good.csv
[2026-01-05T15:30:47.978+0000] {logging_mixin.py:188} INFO - [INFO] Saved predictions → /opt/airflow/data/predictions/pred_raw_1454_good.csv
[2026-01-05T15:30:47.986+0000] {logging_mixin.py:188} INFO - 
[INFO] Processing → raw_1522_good.csv
[2026-01-05T15:30:48.082+0000] {logging_mixin.py:188} INFO - [INFO] Saved predictions → /opt/airflow/data/predictions/pred_raw_1522_good.csv
[2026-01-05T15:30:48.090+0000] {python.py:202} INFO - Done. Returned value was: None
[2026-01-05T15:30:48.139+0000] {taskinstance.py:1149} INFO - Marking task as SUCCESS. dag_id=prediction_dag, task_id=make_predictions, execution_date=20260105T152800, start_date=20260105T153046, end_date=20260105T153048
[2026-01-05T15:30:48.268+0000] {local_task_job_runner.py:234} INFO - Task exited with return code 0
[2026-01-05T15:30:48.384+0000] {taskinstance.py:3312} INFO - 1 downstream tasks scheduled from follow-on schedule check
